BL51 BANKED LINKER/LOCATER V6.22                                                        06/02/2021  20:52:43  PAGE 1


BL51 BANKED LINKER/LOCATER V6.22, INVOKED BY:
D:\KEIL4\C51\BIN\BL51.EXE PMPDataR.obj, StepperMotorControl.obj, oled.obj, EEPROM.obj, uart.obj, FPM10A.obj, PlayMusic.o
>> bj TO PMPDataR RAMSIZE (256)


MEMORY MODEL: LARGE


INPUT MODULES INCLUDED:
  PMPDataR.obj (PMPDATAR)
  StepperMotorControl.obj (STEPPERMOTORCONTROL)
  oled.obj (OLED)
  EEPROM.obj (EEPROM)
  uart.obj (UART)
  FPM10A.obj (FPM10A)
  PlayMusic.obj (PLAYMUSIC)
  D:\KEIL4\C51\LIB\C51L.LIB (?C_STARTUP)
  D:\KEIL4\C51\LIB\C51L.LIB (?C?COPY)
  D:\KEIL4\C51\LIB\C51L.LIB (?C?CLDPTR)
  D:\KEIL4\C51\LIB\C51L.LIB (?C?CLDOPTR)
  D:\KEIL4\C51\LIB\C51L.LIB (?C?CSTOPTR)
  D:\KEIL4\C51\LIB\C51L.LIB (?C?IMUL)
  D:\KEIL4\C51\LIB\C51L.LIB (?C?UIDIV)
  D:\KEIL4\C51\LIB\C51L.LIB (?C?ILDIX)
  D:\KEIL4\C51\LIB\C51L.LIB (?C?LMUL)
  D:\KEIL4\C51\LIB\C51L.LIB (?C?SLDIV)
  D:\KEIL4\C51\LIB\C51L.LIB (?C?ULSHR)
  D:\KEIL4\C51\LIB\C51L.LIB (?C?LSTXDATA)
  D:\KEIL4\C51\LIB\C51L.LIB (?C?LSTKXDATA)
  D:\KEIL4\C51\LIB\C51L.LIB (STRLEN)
  D:\KEIL4\C51\LIB\C51L.LIB (?C_INIT)
  D:\KEIL4\C51\LIB\C51L.LIB (?C?ULDIV)


LINK MAP OF MODULE:  PMPDataR (PMPDATAR)


            TYPE    BASE      LENGTH    RELOCATION   SEGMENT NAME
            -----------------------------------------------------

            * * * * * * *   D A T A   M E M O R Y   * * * * * * *
            REG     0000H     0008H     ABSOLUTE     "REG BANK 0"
                    0008H     0018H                  *** GAP ***
            BIT     0020H.0   0001H.4   UNIT         ?BI?PMPDATAR
            BIT     0021H.4   0001H.4   UNIT         ?BI?FPM10A
            DATA    0023H     0032H     UNIT         ?DT?UART
            IDATA   0055H     0001H     UNIT         ?STACK

            * * * * * * *  X D A T A   M E M O R Y  * * * * * * *
            XDATA   0000H     007AH     UNIT         ?XD?PMPDATAR
            XDATA   007AH     0035H     UNIT         _XDATA_GROUP_
            XDATA   00AFH     002EH     UNIT         ?XD?FPM10A
            XDATA   00DDH     0009H     UNIT         ?XD?_OLED_SHOWNUM?OLED
            XDATA   00E6H     0006H     UNIT         ?XD?UART
            XDATA   00ECH     0004H     UNIT         ?XD?_OLED_SHOWCHINESE?OLED
            XDATA   00F0H     0004H     UNIT         ?XD?PLAYMUSIC
            XDATA   00F4H     0003H     UNIT         ?XD?_SEND_BYTES?UART
            XDATA   00F7H     0002H     UNIT         ?XD?_FILL_PICTURE?OLED
BL51 BANKED LINKER/LOCATER V6.22                                                      06/02/2021  20:52:43  PAGE 2


            XDATA   00F9H     0001H     UNIT         ?XD?OLED_ON?OLED
            XDATA   00FAH     0001H     UNIT         ?XD?_OLED_POW?OLED

            * * * * * * *   C O D E   M E M O R Y   * * * * * * *
            CODE    0000H     0003H     ABSOLUTE     
            CODE    0003H     0008H     UNIT         ?PR?_UART_SEND_BYTE?UART
            CODE    000BH     0003H     ABSOLUTE     
            CODE    000EH     0015H     UNIT         ?PR?_STRLEN?STRLEN
            CODE    0023H     0003H     ABSOLUTE     
            CODE    0026H     0ACBH     UNIT         ?CO?PMPDATAR
            CODE    0AF1H     0A98H     UNIT         ?CO?OLED
            CODE    1589H     0A7AH     UNIT         ?PR?DISPLAY_PROS?PMPDATAR
            CODE    2003H     07C8H     UNIT         ?PR?KEY_PROS?PMPDATAR
            CODE    27CBH     03D2H     UNIT         ?CO?PLAYMUSIC
            CODE    2B9DH     03CBH     UNIT         ?PR?_PLAY?PLAYMUSIC
            CODE    2F68H     0348H     UNIT         ?C?LIB_CODE
            CODE    32B0H     025CH     UNIT         ?PR?FPM10A_ADD_FINGERPRINT?FPM10A
            CODE    350CH     023BH     UNIT         ?PR?FPM10A_FIND_FINGERPRINT?FPM10A
            CODE    3747H     0159H     UNIT         ?CO?FPM10A
            CODE    38A0H     011FH     UNIT         ?PR?PLAY_CLOCK_MUSIC?PMPDATAR
            CODE    39BFH     00E0H     UNIT         ?PR?OLED_INIT?OLED
            CODE    3A9FH     00DBH     UNIT         ?C_INITSEG
            CODE    3B7AH     00CEH     UNIT         ?PR?_OLED_SHOWCHAR?OLED
            CODE    3C48H     00C4H     UNIT         ?PR?FPM10A_DELETE_ALL_FINGERPRINT?FPM10A
            CODE    3D0CH     00BBH     UNIT         ?PR?_OLED_SHOWNUM?OLED
            CODE    3DC7H     00B2H     UNIT         ?PR?KEYDOWN?PMPDATAR
            CODE    3E79H     00AAH     UNIT         ?PR?_FPM10A_CMD_SAVE_FINGER?FPM10A
            CODE    3F23H     00A1H     UNIT         ?PR?KEYDOWN_FP?FPM10A
            CODE    3FC4H     0093H     UNIT         ?PR?_OLED_DRAWBMP?OLED
            CODE    4057H     008CH     UNIT         ?PR?_OLED_SHOWCHINESE?OLED
            CODE    40E3H     008CH     UNIT         ?C_C51STARTUP
            CODE    416FH     0086H     UNIT         ?PR?_MOTORACCORDEC?STEPPERMOTORCONTROL
            CODE    41F5H     0072H     UNIT         ?PR?MOTOR_ON?PMPDATAR
            CODE    4267H     0072H     UNIT         ?PR?MAIN?PMPDATAR
            CODE    42D9H     0072H     UNIT         ?PR?_EEPROM_WRITE?EEPROM
            CODE    434BH     006DH     UNIT         ?PR?RECV_FROM_SLAVE?PMPDATAR
            CODE    43B8H     006AH     UNIT         ?PR?DEVICE_CHECK?FPM10A
            CODE    4422H     0065H     UNIT         ?PR?EEPROM_INIT?PMPDATAR
            CODE    4487H     0062H     UNIT         ?PR?_EEPROM_READ?EEPROM
            CODE    44E9H     0060H     UNIT         ?PR?_OLED_SHOWSTRING?OLED
            CODE    4549H     0044H     UNIT         ?PR?FPM10A_CMD_CHECK?FPM10A
            CODE    458DH     0044H     UNIT         ?C?LDIV
            CODE    45D1H     0043H     UNIT         ?PR?_MAIN_BUZZ_TIMES?PMPDATAR
            CODE    4614H     0041H     UNIT         ?PR?FINGERPRINT_CMD_IMG_TO_BUFFER2?FPM10A
            CODE    4655H     0041H     UNIT         ?PR?FINGERPRINT_CMD_DELETE_ALL_MODEL?FPM10A
            CODE    4696H     003CH     UNIT         ?PR?_WARN?PMPDATAR
            CODE    46D2H     003AH     UNIT         ?PR?FPM10A_CMD_SEND_PACK_HEAD?FPM10A
            CODE    470CH     0034H     UNIT         ?PR?_OLED_SET_POS?OLED
            CODE    4740H     0030H     UNIT         ?PR?_OLED_CLEAR_CHAR?OLED
            CODE    4770H     002EH     UNIT         ?PR?_FPM10A_RECEIVE_DATA?FPM10A
            CODE    479EH     002DH     UNIT         ?PR?_DELAY_VAR?STEPPERMOTORCONTROL
            CODE    47CBH     002DH     UNIT         ?PR?_FILL_PICTURE?OLED
            CODE    47F8H     002CH     UNIT         ?PR?_OLED_WR_BYTE?OLED
            CODE    4824H     002BH     UNIT         ?PR?_SEND_BYTES?UART
            CODE    484FH     002AH     UNIT         ?PR?FINGERPRINT_CMD_IMG_TO_BUFFER1?FPM10A
            CODE    4879H     0027H     UNIT         ?PR?_WRITE_IIC_BYTE?OLED
            CODE    48A0H     0027H     UNIT         ?PR?OLED_ON?OLED
BL51 BANKED LINKER/LOCATER V6.22                                                      06/02/2021  20:52:43  PAGE 3


            CODE    48C7H     0026H     UNIT         ?PR?OLED_CLEAR?OLED
            CODE    48EDH     0026H     UNIT         ?PR?_BUZZ_TIMES?FPM10A
            CODE    4913H     0024H     UNIT         ?PR?_BYTE_READ?EEPROM
            CODE    4937H     0024H     UNIT         ?PR?FPM10A_CMD_GET_IMG?FPM10A
            CODE    495BH     0024H     UNIT         ?PR?FPM10A_CMD_SEARCH_FINGER?FPM10A
            CODE    497FH     0024H     UNIT         ?PR?FPM10A_CMD_REG_MODEL?FPM10A
            CODE    49A3H     0022H     UNIT         ?PR?_DELAY_MAIN?PMPDATAR
            CODE    49C5H     0022H     UNIT         ?PR?_BYTE_PROGRAM?EEPROM
            CODE    49E7H     0020H     UNIT         ?PR?_DELAY1MS?PLAYMUSIC
            CODE    4A07H     001FH     UNIT         ?PR?_LED_BLINK_TIMES?PMPDATAR
            CODE    4A26H     001FH     UNIT         ?PR?UART_INIT_AS608?UART
            CODE    4A45H     001FH     UNIT         ?PR?UART_INIT_SLAVE?UART
            CODE    4A64H     001FH     UNIT         ?PR?_DELAY_MS_FPM?FPM10A
            CODE    4A83H     001EH     UNIT         ?PR?_DELAY_50MS?OLED
            CODE    4AA1H     001EH     UNIT         ?PR?_OLED_POW?OLED
            CODE    4ABFH     001EH     UNIT         ?PR?_SECTOR_ERASE?EEPROM
            CODE    4ADDH     001EH     UNIT         ?PR?_DELAYMS?EEPROM
            CODE    4AFBH     001EH     UNIT         ?PR?INITIALSOUND?PLAYMUSIC
            CODE    4B19H     001BH     UNIT         ?PR?BEEPTIMER0?PLAYMUSIC
            CODE    4B34H     001AH     UNIT         ?PR?_DELAY_MS?OLED
            CODE    4B4EH     0017H     UNIT         ?PR?OLED_DISPLAY_ON?OLED
            CODE    4B65H     0016H     UNIT         ?PR?_DELAY_1MS?OLED
            CODE    4B7BH     0016H     UNIT         ?PR?_OLED_CLEAR_LINE?OLED
            CODE    4B91H     0013H     UNIT         ?PR?PLAY_MUSIC3?PLAYMUSIC
            CODE    4BA4H     0013H     UNIT         ?PR?PLAY_MUSIC4?PLAYMUSIC
            CODE    4BB7H     0011H     UNIT         ?PR?OLED_DISPLAY_OFF?OLED
            CODE    4BC8H     0011H     UNIT         ?PR?PLAY_MUSIC1?PLAYMUSIC
            CODE    4BD9H     0011H     UNIT         ?PR?PLAY_MUSIC2?PLAYMUSIC
            CODE    4BEAH     0010H     UNIT         ?PR?IIC_WAIT_ACK?OLED
            CODE    4BFAH     000EH     UNIT         ?PR?_WRITE_IIC_COMMAND?OLED
            CODE    4C08H     000EH     UNIT         ?PR?_WRITE_IIC_DATA?OLED
            CODE    4C16H     000EH     UNIT         ?PR?_SEND_BYTE?UART
            CODE    4C24H     000CH     UNIT         ?PR?IAP_DISABLE?EEPROM
            CODE    4C30H     000CH     UNIT         ?PR?_SEND?UART
            CODE    4C3CH     000BH     UNIT         ?PR?_DELAY?PMPDATAR
            CODE    4C47H     000AH     UNIT         ?PR?_DELAY_US?FPM10A
            CODE    4C51H     0009H     UNIT         ?PR?MOTORSTOP?STEPPERMOTORCONTROL
            CODE    4C5AH     0009H     UNIT         ?PR?IIC_START?OLED
            CODE    4C63H     0008H     UNIT         ?PR?UART_RECEIVE_BYTE?UART
            CODE    4C6BH     0008H     UNIT         ?PR?RECEIVE?UART
            CODE    4C73H     0007H     UNIT         ?PR?IIC_STOP?OLED



OVERLAY MAP OF MODULE:   PMPDataR (PMPDATAR)


SEGMENT                                            XDATA_GROUP
  +--> CALLED SEGMENT                            START    LENGTH
----------------------------------------------------------------
?PR?RECV_FROM_SLAVE?PMPDATAR                     007AH    0001H
  +--> ?PR?OLED_CLEAR?OLED

?PR?OLED_CLEAR?OLED                              0081H    0001H
  +--> ?PR?_OLED_WR_BYTE?OLED

?PR?_OLED_WR_BYTE?OLED                           -----    -----
BL51 BANKED LINKER/LOCATER V6.22                                                      06/02/2021  20:52:43  PAGE 4


  +--> ?PR?_WRITE_IIC_DATA?OLED
  +--> ?PR?_WRITE_IIC_COMMAND?OLED

?PR?_WRITE_IIC_DATA?OLED                         -----    -----
  +--> ?PR?_WRITE_IIC_BYTE?OLED
  +--> ?PR?IIC_WAIT_ACK?OLED
  +--> ?PR?IIC_STOP?OLED

?PR?_WRITE_IIC_BYTE?OLED                         -----    -----
  +--> ?PR?IIC_START?OLED

?PR?IIC_WAIT_ACK?OLED                            -----    -----
  +--> ?PR?_WRITE_IIC_BYTE?OLED

?PR?_WRITE_IIC_COMMAND?OLED                      -----    -----
  +--> ?PR?_WRITE_IIC_BYTE?OLED
  +--> ?PR?IIC_WAIT_ACK?OLED
  +--> ?PR?IIC_STOP?OLED

*** NEW ROOT ***************************************************

?C_C51STARTUP                                    -----    -----
  +--> ?PR?MAIN?PMPDATAR
  +--> ?C_INITSEG

?PR?MAIN?PMPDATAR                                -----    -----
  +--> ?PR?UART_INIT_SLAVE?UART
  +--> ?PR?OLED_INIT?OLED
  +--> ?PR?EEPROM_INIT?PMPDATAR
  +--> ?PR?OLED_CLEAR?OLED
  +--> ?PR?MOTORSTOP?STEPPERMOTORCONTROL
  +--> ?CO?PMPDATAR
  +--> ?PR?_OLED_SHOWSTRING?OLED
  +--> ?PR?_DELAY_MS?OLED
  +--> ?PR?KEYDOWN?PMPDATAR
  +--> ?PR?DISPLAY_PROS?PMPDATAR
  +--> ?PR?PLAY_CLOCK_MUSIC?PMPDATAR

?PR?OLED_INIT?OLED                               -----    -----
  +--> ?PR?_OLED_WR_BYTE?OLED

?PR?EEPROM_INIT?PMPDATAR                         -----    -----
  +--> ?PR?_EEPROM_READ?EEPROM

?PR?_EEPROM_READ?EEPROM                          007CH    0006H
  +--> ?PR?_BYTE_READ?EEPROM
  +--> ?PR?_DELAYMS?EEPROM

?PR?_BYTE_READ?EEPROM                            -----    -----
  +--> ?PR?IAP_DISABLE?EEPROM

?PR?_OLED_SHOWSTRING?OLED                        0081H    0007H
  +--> ?PR?_OLED_SHOWCHAR?OLED

?PR?_OLED_SHOWCHAR?OLED                          0088H    0005H
  +--> ?PR?_OLED_SET_POS?OLED
  +--> ?CO?OLED
BL51 BANKED LINKER/LOCATER V6.22                                                      06/02/2021  20:52:43  PAGE 5


  +--> ?PR?_OLED_WR_BYTE?OLED

?PR?_OLED_SET_POS?OLED                           -----    -----
  +--> ?PR?_OLED_WR_BYTE?OLED

?PR?KEYDOWN?PMPDATAR                             007CH    0001H
  +--> ?PR?_DELAY?PMPDATAR
  +--> ?PR?_LED_BLINK_TIMES?PMPDATAR
  +--> ?PR?KEY_PROS?PMPDATAR

?PR?_LED_BLINK_TIMES?PMPDATAR                    -----    -----
  +--> ?PR?_DELAY?PMPDATAR

?PR?KEY_PROS?PMPDATAR                            -----    -----
  +--> ?PR?OLED_CLEAR?OLED
  +--> ?PR?_OLED_CLEAR_LINE?OLED
  +--> ?PR?_STRLEN?STRLEN
  +--> ?PR?_EEPROM_WRITE?EEPROM
  +--> ?CO?PMPDATAR
  +--> ?PR?_OLED_SHOWSTRING?OLED
  +--> ?PR?_MAIN_BUZZ_TIMES?PMPDATAR
  +--> ?PR?_OLED_SHOWCHAR?OLED
  +--> ?PR?_LED_BLINK_TIMES?PMPDATAR
  +--> ?PR?_DELAY_MAIN?PMPDATAR
  +--> ?PR?_BUZZ_TIMES?FPM10A

?PR?_OLED_CLEAR_LINE?OLED                        -----    -----
  +--> ?PR?_OLED_WR_BYTE?OLED

?PR?_EEPROM_WRITE?EEPROM                         0081H    0006H
  +--> ?PR?_SECTOR_ERASE?EEPROM
  +--> ?PR?_BYTE_PROGRAM?EEPROM
  +--> ?PR?_DELAYMS?EEPROM

?PR?_SECTOR_ERASE?EEPROM                         -----    -----
  +--> ?PR?IAP_DISABLE?EEPROM

?PR?_BYTE_PROGRAM?EEPROM                         -----    -----
  +--> ?PR?IAP_DISABLE?EEPROM

?PR?_MAIN_BUZZ_TIMES?PMPDATAR                    007DH    0003H
  +--> ?PR?_DELAY_US?FPM10A
  +--> ?PR?_DELAY_MS_FPM?FPM10A

?PR?_DELAY_MS_FPM?FPM10A                         -----    -----
  +--> ?PR?_BUZZ_TIMES?FPM10A
  +--> ?PR?_DELAY_US?FPM10A

?PR?_BUZZ_TIMES?FPM10A                           -----    -----
  +--> ?PR?_DELAY_US?FPM10A

?PR?DISPLAY_PROS?PMPDATAR                        -----    -----
  +--> ?CO?PMPDATAR
  +--> ?PR?_OLED_SHOWSTRING?OLED
  +--> ?PR?_WARN?PMPDATAR
  +--> ?PR?_DELAY_MAIN?PMPDATAR
  +--> ?PR?OLED_CLEAR?OLED
BL51 BANKED LINKER/LOCATER V6.22                                                      06/02/2021  20:52:43  PAGE 6


  +--> ?PR?_EEPROM_WRITE?EEPROM
  +--> ?PR?_DELAY?PMPDATAR
  +--> ?PR?DEVICE_CHECK?FPM10A
  +--> ?PR?FPM10A_FIND_FINGERPRINT?FPM10A
  +--> ?PR?_OLED_SHOWCHAR?OLED
  +--> ?PR?_SEND_BYTE?UART
  +--> ?PR?_DELAY_MS?OLED
  +--> ?PR?_LED_BLINK_TIMES?PMPDATAR
  +--> ?PR?MOTOR_ON?PMPDATAR
  +--> ?PR?_OLED_DRAWBMP?OLED
  +--> ?PR?KEYDOWN?PMPDATAR
  +--> ?PR?UART_INIT_AS608?UART
  +--> ?PR?FPM10A_ADD_FINGERPRINT?FPM10A
  +--> ?PR?FPM10A_DELETE_ALL_FINGERPRINT?FPM10A
  +--> ?PR?UART_INIT_SLAVE?UART

?PR?_WARN?PMPDATAR                               007CH    0003H
  +--> ?PR?_DELAY_US?FPM10A

?PR?DEVICE_CHECK?FPM10A                          007CH    0001H
  +--> ?PR?UART_INIT_AS608?UART
  +--> ?PR?_DELAY_MS_FPM?FPM10A
  +--> ?PR?OLED_CLEAR?OLED
  +--> ?CO?FPM10A
  +--> ?PR?_OLED_SHOWSTRING?OLED
  +--> ?PR?FPM10A_CMD_CHECK?FPM10A
  +--> ?PR?_FPM10A_RECEIVE_DATA?FPM10A
  +--> ?PR?_OLED_CLEAR_LINE?OLED

?PR?FPM10A_CMD_CHECK?FPM10A                      007DH    0002H
  +--> ?PR?FPM10A_CMD_SEND_PACK_HEAD?FPM10A
  +--> ?CO?FPM10A
  +--> ?PR?_UART_SEND_BYTE?UART

?PR?FPM10A_CMD_SEND_PACK_HEAD?FPM10A             0084H    0002H
  +--> ?CO?FPM10A
  +--> ?PR?_UART_SEND_BYTE?UART

?PR?_FPM10A_RECEIVE_DATA?FPM10A                  0081H    0002H
  +--> ?PR?UART_RECEIVE_BYTE?UART

?PR?FPM10A_FIND_FINGERPRINT?FPM10A               007CH    0005H
  +--> ?CO?FPM10A
  +--> ?PR?_OLED_SHOWSTRING?OLED
  +--> ?PR?FPM10A_CMD_GET_IMG?FPM10A
  +--> ?PR?_FPM10A_RECEIVE_DATA?FPM10A
  +--> ?PR?FINGERPRINT_CMD_IMG_TO_BUFFER1?FP...
  +--> ?PR?FPM10A_CMD_SEARCH_FINGER?FPM10A
  +--> ?PR?_OLED_CLEAR_LINE?OLED
  +--> ?PR?_EEPROM_WRITE?EEPROM
  +--> ?PR?_BUZZ_TIMES?FPM10A
  +--> ?PR?_OLED_SHOWCHAR?OLED
  +--> ?PR?_DELAY_MS_FPM?FPM10A
  +--> ?PR?UART_INIT_SLAVE?UART
  +--> ?PR?OLED_CLEAR?OLED

?PR?FPM10A_CMD_GET_IMG?FPM10A                    0081H    0001H
BL51 BANKED LINKER/LOCATER V6.22                                                      06/02/2021  20:52:43  PAGE 7


  +--> ?PR?FPM10A_CMD_SEND_PACK_HEAD?FPM10A
  +--> ?CO?FPM10A
  +--> ?PR?_UART_SEND_BYTE?UART

?PR?FINGERPRINT_CMD_IMG_TO_BUFFER1?FP...         0081H    0001H
  +--> ?PR?_DELAY_MS_FPM?FPM10A
  +--> ?PR?FPM10A_CMD_SEND_PACK_HEAD?FPM10A
  +--> ?CO?FPM10A
  +--> ?PR?_UART_SEND_BYTE?UART

?PR?FPM10A_CMD_SEARCH_FINGER?FPM10A              0081H    0001H
  +--> ?PR?FPM10A_CMD_SEND_PACK_HEAD?FPM10A
  +--> ?CO?FPM10A
  +--> ?PR?_UART_SEND_BYTE?UART

?PR?MOTOR_ON?PMPDATAR                            -----    -----
  +--> ?PR?_MOTORACCORDEC?STEPPERMOTORCONTROL
  +--> ?PR?MOTORSTOP?STEPPERMOTORCONTROL
  +--> ?PR?_DELAY_MAIN?PMPDATAR

?PR?_MOTORACCORDEC?STEPPERMOTORCONTROL           -----    -----
  +--> ?PR?_DELAY_VAR?STEPPERMOTORCONTROL

?PR?_OLED_DRAWBMP?OLED                           007CH    000BH
  +--> ?PR?_OLED_SET_POS?OLED
  +--> ?PR?_OLED_WR_BYTE?OLED

?PR?FPM10A_ADD_FINGERPRINT?FPM10A                007CH    0003H
  +--> ?CO?FPM10A
  +--> ?PR?OLED_CLEAR?OLED
  +--> ?PR?KEYDOWN_FP?FPM10A
  +--> ?PR?_OLED_SHOWSTRING?OLED
  +--> ?PR?_OLED_SHOWCHAR?OLED
  +--> ?PR?FPM10A_CMD_GET_IMG?FPM10A
  +--> ?PR?_FPM10A_RECEIVE_DATA?FPM10A
  +--> ?PR?FINGERPRINT_CMD_IMG_TO_BUFFER1?FP...
  +--> ?PR?_OLED_CLEAR_LINE?OLED
  +--> ?PR?_DELAY_MS_FPM?FPM10A
  +--> ?PR?FINGERPRINT_CMD_IMG_TO_BUFFER2?FP...
  +--> ?PR?FPM10A_CMD_REG_MODEL?FPM10A
  +--> ?PR?_FPM10A_CMD_SAVE_FINGER?FPM10A

?PR?KEYDOWN_FP?FPM10A                            007FH    0001H
  +--> ?PR?_DELAY_US?FPM10A
  +--> ?PR?_DELAY_MS_FPM?FPM10A

?PR?FINGERPRINT_CMD_IMG_TO_BUFFER2?FP...         007FH    0001H
  +--> ?CO?FPM10A
  +--> ?PR?_UART_SEND_BYTE?UART

?PR?FPM10A_CMD_REG_MODEL?FPM10A                  007FH    0001H
  +--> ?PR?FPM10A_CMD_SEND_PACK_HEAD?FPM10A
  +--> ?CO?FPM10A
  +--> ?PR?_UART_SEND_BYTE?UART

?PR?_FPM10A_CMD_SAVE_FINGER?FPM10A               007FH    0005H
  +--> ?PR?FPM10A_CMD_SEND_PACK_HEAD?FPM10A
BL51 BANKED LINKER/LOCATER V6.22                                                      06/02/2021  20:52:43  PAGE 8


  +--> ?PR?_UART_SEND_BYTE?UART

?PR?FPM10A_DELETE_ALL_FINGERPRINT?FPM10A         007CH    0001H
  +--> ?CO?FPM10A
  +--> ?PR?_OLED_SHOWSTRING?OLED
  +--> ?PR?KEYDOWN_FP?FPM10A
  +--> ?PR?OLED_CLEAR?OLED
  +--> ?PR?_DELAY_MS_FPM?FPM10A
  +--> ?PR?_OLED_SHOWCHAR?OLED
  +--> ?PR?FINGERPRINT_CMD_DELETE_ALL_MODEL?...
  +--> ?PR?_FPM10A_RECEIVE_DATA?FPM10A
  +--> ?PR?_BUZZ_TIMES?FPM10A

?PR?FINGERPRINT_CMD_DELETE_ALL_MODEL?...         007DH    0001H
  +--> ?CO?FPM10A
  +--> ?PR?_UART_SEND_BYTE?UART

?PR?PLAY_CLOCK_MUSIC?PMPDATAR                    -----    -----
  +--> ?PR?OLED_CLEAR?OLED
  +--> ?CO?PMPDATAR
  +--> ?PR?_OLED_SHOWSTRING?OLED
  +--> ?PR?PLAY_MUSIC1?PLAYMUSIC
  +--> ?PR?PLAY_MUSIC2?PLAYMUSIC
  +--> ?PR?PLAY_MUSIC3?PLAYMUSIC
  +--> ?PR?PLAY_MUSIC4?PLAYMUSIC

?PR?PLAY_MUSIC1?PLAYMUSIC                        -----    -----
  +--> ?PR?INITIALSOUND?PLAYMUSIC
  +--> ?CO?PLAYMUSIC
  +--> ?PR?_PLAY?PLAYMUSIC
  +--> ?PR?_DELAY1MS?PLAYMUSIC

?PR?_PLAY?PLAYMUSIC                              007CH    0033H
  +--> ?CO?PLAYMUSIC

?PR?PLAY_MUSIC2?PLAYMUSIC                        -----    -----
  +--> ?PR?INITIALSOUND?PLAYMUSIC
  +--> ?CO?PLAYMUSIC
  +--> ?PR?_PLAY?PLAYMUSIC
  +--> ?PR?_DELAY1MS?PLAYMUSIC

?PR?PLAY_MUSIC3?PLAYMUSIC                        -----    -----
  +--> ?PR?INITIALSOUND?PLAYMUSIC
  +--> ?CO?PLAYMUSIC
  +--> ?PR?_PLAY?PLAYMUSIC
  +--> ?PR?_DELAY1MS?PLAYMUSIC

?PR?PLAY_MUSIC4?PLAYMUSIC                        -----    -----
  +--> ?PR?INITIALSOUND?PLAYMUSIC
  +--> ?CO?PLAYMUSIC
  +--> ?PR?_PLAY?PLAYMUSIC
  +--> ?PR?_DELAY1MS?PLAYMUSIC



SYMBOL TABLE OF MODULE:  PMPDataR (PMPDATAR)

BL51 BANKED LINKER/LOCATER V6.22                                                      06/02/2021  20:52:43  PAGE 9


  VALUE           TYPE          NAME
  ----------------------------------

  -------         MODULE        PMPDATAR
  C:0000H         SYMBOL        _ICE_DUMMY_
  D:0080H         PUBLIC        P0
  D:0090H         PUBLIC        P1
  X:0000H         PUBLIC        i_temp
  D:00A0H         PUBLIC        P2
  D:00B0H         PUBLIC        P3
  C:3DC7H         PUBLIC        keydown
  B:00A8H.7       PUBLIC        EA
  B:0020H.0       PUBLIC        visble_justnow
  D:00A8H         PUBLIC        IE
  C:0271H         PUBLIC        BMP1
  C:4C3CH         PUBLIC        _delay
  C:0671H         PUBLIC        BMP2
  B:0080H.3       PUBLIC        BeepIO
  B:00A8H.4       PUBLIC        ES
  D:00B8H         PUBLIC        IP
  C:49A7H         PUBLIC        _delay_main
  C:45D1H         PUBLIC        _main_Buzz_Times
  B:0098H.0       PUBLIC        RI
  C:1589H         PUBLIC        display_pros
  C:4267H         PUBLIC        main
  B:0020H.1       PUBLIC        set_password
  B:0020H.2       PUBLIC        use_password
  X:0001H         PUBLIC        column_temp
  C:38A0H         PUBLIC        play_clock_music
  B:0020H.3       PUBLIC        clock_play_music
  C:4A07H         PUBLIC        _led_blink_times
  B:0020H.4       PUBLIC        flag_open
  D:0099H         PUBLIC        SBUF
  X:0002H         PUBLIC        input
  C:0A71H         PUBLIC        atom
  D:0098H         PUBLIC        SCON
  D:0088H         PUBLIC        TCON
  C:4696H         PUBLIC        _warn
  C:434BH         PUBLIC        recv_from_slave
  X:0022H         PUBLIC        key_value
  X:0023H         PUBLIC        input_buf
  B:0020H.5       PUBLIC        set_music
  B:0080H.0       PUBLIC        LED
  B:0020H.6       PUBLIC        use_rfid
  X:0043H         PUBLIC        row
  X:0044H         PUBLIC        time_var
  B:0020H.7       PUBLIC        visble_change_near
  X:0046H         PUBLIC        p_clock
  X:0049H         PUBLIC        a
  C:4422H         PUBLIC        EEPROM_init
  B:0021H.0       PUBLIC        password_visble
  X:004BH         PUBLIC        song_set
  D:00C8H         PUBLIC        T2CON
  X:0050H         PUBLIC        i
  X:0051H         PUBLIC        song1
  B:0021H.1       PUBLIC        row_1
  X:0052H         PUBLIC        song2
BL51 BANKED LINKER/LOCATER V6.22                                                      06/02/2021  20:52:43  PAGE 10


  B:0021H.2       PUBLIC        row_2
  X:0053H         PUBLIC        song3
  X:0054H         PUBLIC        n
  X:0055H         PUBLIC        song4
  X:0056H         PUBLIC        song5
  X:0057H         PUBLIC        p
  C:2003H         PUBLIC        key_pros
  C:41F5H         PUBLIC        motor_on
  X:005AH         PUBLIC        password
  B:0021H.3       PUBLIC        password_right
  D:00D0H         PUBLIC        PSW
  C:49A3H         SYMBOL        L?0401
  -------         PROC          L?0400
  -------         ENDPROC       L?0400
  C:49A3H         SYMBOL        L?0401
  -------         PROC          _DELAY_MAIN
  D:0006H         SYMBOL        t
  -------         DO            
  D:0004H         SYMBOL        i
  -------         ENDDO         
  C:49A7H         LINE#         53
  C:49A7H         LINE#         54
  C:49A7H         LINE#         56
  C:49B1H         LINE#         57
  C:49B1H         LINE#         59
  C:49BDH         LINE#         60
  C:49C4H         LINE#         61
  C:49C4H         LINE#         62
  -------         ENDPROC       _DELAY_MAIN
  -------         PROC          _MAIN_BUZZ_TIMES
  X:007DH         SYMBOL        k
  -------         DO            
  X:007EH         SYMBOL        i
  X:007FH         SYMBOL        j
  -------         ENDDO         
  C:45D1H         LINE#         64
  C:45D6H         LINE#         65
  C:45D6H         LINE#         67
  C:45E8H         LINE#         68
  C:45E8H         LINE#         69
  C:45EDH         LINE#         70
  C:45EDH         LINE#         71
  C:45EFH         LINE#         72
  C:45F6H         LINE#         73
  C:4602H         LINE#         74
  C:4609H         LINE#         75
  C:4611H         LINE#         76
  C:4613H         LINE#         77
  -------         ENDPROC       _MAIN_BUZZ_TIMES
  -------         PROC          _DELAY
  D:0006H         SYMBOL        i
  C:4C3CH         LINE#         79
  C:4C3CH         LINE#         80
  C:4C3CH         LINE#         81
  C:4C46H         LINE#         82
  -------         ENDPROC       _DELAY
  -------         PROC          _WARN
BL51 BANKED LINKER/LOCATER V6.22                                                      06/02/2021  20:52:43  PAGE 11


  X:007CH         SYMBOL        k
  -------         DO            
  X:007DH         SYMBOL        i
  X:007EH         SYMBOL        j
  -------         ENDDO         
  C:4696H         LINE#         84
  C:469BH         LINE#         85
  C:469BH         LINE#         87
  C:46ADH         LINE#         88
  C:46ADH         LINE#         89
  C:46B2H         LINE#         90
  C:46B2H         LINE#         91
  C:46B4H         LINE#         92
  C:46BBH         LINE#         93
  C:46C7H         LINE#         94
  C:46CFH         LINE#         95
  C:46D1H         LINE#         96
  -------         ENDPROC       _WARN
  -------         PROC          _LED_BLINK_TIMES
  D:0005H         SYMBOL        j
  -------         DO            
  D:0003H         SYMBOL        i
  -------         ENDDO         
  C:4A07H         LINE#         98
  C:4A09H         LINE#         99
  C:4A09H         LINE#         100
  C:4A0BH         LINE#         101
  C:4A10H         LINE#         102
  C:4A10H         LINE#         103
  C:4A12H         LINE#         104
  C:4A19H         LINE#         105
  C:4A1BH         LINE#         106
  C:4A22H         LINE#         107
  C:4A25H         LINE#         108
  -------         ENDPROC       _LED_BLINK_TIMES
  -------         PROC          EEPROM_INIT
  C:4422H         LINE#         110
  C:4422H         LINE#         111
  C:4422H         LINE#         112
  C:4438H         LINE#         113
  C:444EH         LINE#         114
  C:4456H         LINE#         115
  C:445EH         LINE#         116
  C:4466H         LINE#         117
  C:446EH         LINE#         118
  C:4476H         LINE#         119
  -------         ENDPROC       EEPROM_INIT
  -------         PROC          MOTOR_ON
  -------         DO            
  C:4229H         SYMBOL        k
  C:425DH         SYMBOL        l
  -------         ENDDO         
  C:41F5H         LINE#         122
  C:41F5H         LINE#         123
  C:41F5H         LINE#         124
  C:41F8H         LINE#         125
  C:41F8H         LINE#         126
BL51 BANKED LINKER/LOCATER V6.22                                                      06/02/2021  20:52:43  PAGE 12


  C:41FFH         LINE#         127
  C:41FFH         LINE#         128
  C:41FFH         LINE#         129
  C:420CH         LINE#         130
  C:421AH         LINE#         131
  C:4226H         LINE#         132
  C:4226H         LINE#         133
  C:4229H         LINE#         134
  C:4229H         LINE#         135
  C:4229H         LINE#         136
  C:4229H         LINE#         137
  C:422CH         LINE#         138
  C:4233H         LINE#         139
  C:4233H         LINE#         140
  C:4233H         LINE#         141
  C:4240H         LINE#         142
  C:424EH         LINE#         143
  C:425AH         LINE#         144
  C:425AH         LINE#         145
  C:425DH         LINE#         146
  C:425DH         LINE#         147
  C:425DH         LINE#         148
  C:425DH         LINE#         149
  C:4264H         LINE#         150
  C:4266H         LINE#         151
  C:4266H         LINE#         152
  -------         ENDPROC       MOTOR_ON
  -------         PROC          KEY_PROS
  -------         DO            
  C:2328H         SYMBOL        m
  C:22D8H         SYMBOL        n
  -------         ENDDO         
  C:2003H         LINE#         153
  C:2003H         LINE#         154
  C:2003H         LINE#         155
  C:2022H         LINE#         156
  C:2022H         LINE#         157
  C:202EH         LINE#         158
  C:202EH         LINE#         159
  C:202EH         LINE#         160
  C:2030H         LINE#         161
  C:2030H         LINE#         162
  C:2030H         LINE#         163
  C:2032H         LINE#         164
  C:2032H         LINE#         165
  C:2034H         LINE#         166
  C:2034H         LINE#         167
  C:2034H         LINE#         168
  C:2036H         LINE#         169
  C:2036H         LINE#         170
  C:2038H         LINE#         171
  C:203EH         LINE#         172
  C:2041H         LINE#         173
  C:2041H         LINE#         174
  C:2041H         LINE#         175
  C:2041H         LINE#         176
  C:2041H         LINE#         177
BL51 BANKED LINKER/LOCATER V6.22                                                      06/02/2021  20:52:43  PAGE 13


  C:2069H         LINE#         178
  C:2069H         LINE#         179
  C:20A9H         LINE#         180
  C:20A9H         LINE#         181
  C:20C3H         LINE#         182
  C:20DDH         LINE#         183
  C:20F7H         LINE#         184
  C:2111H         LINE#         185
  C:212BH         LINE#         186
  C:2145H         LINE#         187
  C:215EH         LINE#         188
  C:2177H         LINE#         189
  C:2190H         LINE#         190
  C:21A9H         LINE#         191
  C:21C2H         LINE#         192
  C:21E3H         LINE#         193
  C:21EDH         LINE#         194
  C:21EDH         LINE#         195
  C:21F1H         LINE#         196
  C:21F1H         LINE#         197
  C:21F7H         LINE#         198
  C:21FAH         LINE#         199
  C:21FAH         LINE#         200
  C:21FCH         LINE#         201
  C:21FCH         LINE#         202
  C:21FCH         LINE#         203
  C:2203H         LINE#         204
  C:2203H         LINE#         205
  C:2209H         LINE#         206
  C:2209H         LINE#         207
  C:2212H         LINE#         208
  C:2212H         LINE#         209
  C:2212H         LINE#         210
  C:2212H         LINE#         211
  C:2231H         LINE#         212
  C:2234H         LINE#         213
  C:2234H         LINE#         214
  C:2234H         LINE#         215
  C:223AH         LINE#         216
  C:223AH         LINE#         217
  C:223CH         LINE#         218
  C:223EH         LINE#         219
  C:223EH         LINE#         220
  C:224AH         LINE#         221
  C:224AH         LINE#         222
  C:224CH         LINE#         223
  C:224CH         LINE#         224
  C:224FH         LINE#         225
  C:224FH         LINE#         226
  C:2271H         LINE#         227
  C:2271H         LINE#         228
  C:2273H         LINE#         229
  C:2276H         LINE#         230
  C:2276H         LINE#         231
  C:2293H         LINE#         232
  C:2293H         LINE#         233
  C:22AEH         LINE#         234
BL51 BANKED LINKER/LOCATER V6.22                                                      06/02/2021  20:52:43  PAGE 14


  C:22AEH         LINE#         235
  C:22B0H         LINE#         236
  C:22B2H         LINE#         238
  C:22B2H         LINE#         239
  C:22B4H         LINE#         240
  C:22B4H         LINE#         241
  C:22B7H         LINE#         242
  C:22B7H         LINE#         243
  C:22B7H         LINE#         244
  C:22B7H         LINE#         245
  C:22D0H         LINE#         246
  C:22D0H         LINE#         247
  C:22D0H         LINE#         248
  C:22D0H         LINE#         249
  C:22D8H         LINE#         250
  C:22DAH         LINE#         251
  C:22E0H         LINE#         252
  C:22E2H         LINE#         253
  C:22F3H         LINE#         254
  C:22F5H         LINE#         255
  C:2308H         LINE#         256
  C:2308H         LINE#         257
  C:2314H         LINE#         258
  C:231CH         LINE#         259
  C:2321H         LINE#         260
  C:2325H         LINE#         261
  C:2328H         LINE#         262
  C:232BH         LINE#         263
  C:233EH         LINE#         264
  C:2343H         LINE#         265
  C:2349H         LINE#         266
  C:235AH         LINE#         267
  C:2361H         LINE#         268
  C:2361H         LINE#         269
  C:2367H         LINE#         270
  C:2377H         LINE#         271
  C:2377H         LINE#         272
  C:238AH         LINE#         273
  C:239CH         LINE#         274
  C:23A1H         LINE#         275
  C:23B4H         LINE#         276
  C:23B4H         LINE#         277
  C:23C0H         LINE#         278
  C:23C8H         LINE#         279
  C:23CAH         LINE#         280
  C:23CCH         LINE#         281
  C:23CEH         LINE#         282
  C:23D3H         LINE#         283
  C:23D7H         LINE#         284
  C:23DEH         LINE#         285
  C:23DEH         LINE#         286
  C:23E0H         LINE#         287
  C:23E0H         LINE#         288
  C:23F3H         LINE#         289
  C:23F3H         LINE#         290
  C:23FFH         LINE#         291
  C:2407H         LINE#         292
BL51 BANKED LINKER/LOCATER V6.22                                                      06/02/2021  20:52:43  PAGE 15


  C:2409H         LINE#         293
  C:240BH         LINE#         294
  C:240DH         LINE#         295
  C:2412H         LINE#         296
  C:2416H         LINE#         297
  C:2419H         LINE#         298
  C:2419H         LINE#         299
  C:2419H         LINE#         300
  C:2419H         LINE#         301
  C:2419H         LINE#         302
  C:2441H         LINE#         303
  C:2441H         LINE#         304
  C:2481H         LINE#         305
  C:2481H         LINE#         306
  C:249BH         LINE#         307
  C:24B5H         LINE#         308
  C:24CFH         LINE#         309
  C:24E9H         LINE#         310
  C:2503H         LINE#         311
  C:251DH         LINE#         312
  C:2536H         LINE#         313
  C:254FH         LINE#         314
  C:2568H         LINE#         315
  C:2581H         LINE#         316
  C:259AH         LINE#         317
  C:25BBH         LINE#         318
  C:25C5H         LINE#         319
  C:25C5H         LINE#         320
  C:25C9H         LINE#         321
  C:25C9H         LINE#         322
  C:25CFH         LINE#         323
  C:25D2H         LINE#         324
  C:25D2H         LINE#         325
  C:25D4H         LINE#         326
  C:25D4H         LINE#         327
  C:25D4H         LINE#         328
  C:25DBH         LINE#         329
  C:25DBH         LINE#         330
  C:25E1H         LINE#         331
  C:25E1H         LINE#         332
  C:25EAH         LINE#         333
  C:25EAH         LINE#         334
  C:25EAH         LINE#         335
  C:25EAH         LINE#         336
  C:2609H         LINE#         337
  C:260CH         LINE#         338
  C:260CH         LINE#         339
  C:260CH         LINE#         340
  C:2612H         LINE#         341
  C:2612H         LINE#         342
  C:2614H         LINE#         343
  C:2616H         LINE#         344
  C:2616H         LINE#         345
  C:2622H         LINE#         346
  C:2622H         LINE#         347
  C:2624H         LINE#         348
  C:2624H         LINE#         349
BL51 BANKED LINKER/LOCATER V6.22                                                      06/02/2021  20:52:43  PAGE 16


  C:2627H         LINE#         350
  C:2627H         LINE#         351
  C:2645H         LINE#         352
  C:2645H         LINE#         353
  C:2651H         LINE#         354
  C:2659H         LINE#         355
  C:2676H         LINE#         356
  C:2676H         LINE#         357
  C:268FH         LINE#         358
  C:2697H         LINE#         359
  C:26AAH         LINE#         360
  C:26AAH         LINE#         361
  C:26B6H         LINE#         362
  C:26BEH         LINE#         363
  C:26CFH         LINE#         364
  C:26D1H         LINE#         365
  C:26D3H         LINE#         366
  C:26D5H         LINE#         367
  C:26D7H         LINE#         368
  C:26DCH         LINE#         369
  C:26E0H         LINE#         370
  C:26E3H         LINE#         371
  C:26F6H         LINE#         372
  C:2709H         LINE#         373
  C:270EH         LINE#         374
  C:2715H         LINE#         375
  C:2715H         LINE#         376
  C:2717H         LINE#         377
  C:2717H         LINE#         378
  C:272AH         LINE#         379
  C:272AH         LINE#         380
  C:2736H         LINE#         381
  C:273EH         LINE#         382
  C:2740H         LINE#         383
  C:2742H         LINE#         384
  C:2744H         LINE#         385
  C:2746H         LINE#         386
  C:274BH         LINE#         387
  C:274FH         LINE#         388
  C:2752H         LINE#         389
  C:2752H         LINE#         390
  C:2752H         LINE#         391
  C:2752H         LINE#         392
  C:2752H         LINE#         393
  C:2768H         LINE#         394
  C:2768H         LINE#         395
  C:2777H         LINE#         396
  C:2777H         LINE#         397
  C:2777H         LINE#         398
  C:2779H         LINE#         399
  C:277BH         LINE#         400
  C:277BH         LINE#         401
  C:277DH         LINE#         402
  C:277DH         LINE#         403
  C:277FH         LINE#         404
  C:2781H         LINE#         405
  C:2781H         LINE#         406
BL51 BANKED LINKER/LOCATER V6.22                                                      06/02/2021  20:52:43  PAGE 17


  C:2783H         LINE#         407
  C:2783H         LINE#         408
  C:2785H         LINE#         409
  C:2787H         LINE#         410
  C:2787H         LINE#         411
  C:2789H         LINE#         412
  C:2789H         LINE#         413
  C:278BH         LINE#         414
  C:278DH         LINE#         415
  C:2790H         LINE#         416
  C:27A3H         LINE#         417
  C:27B6H         LINE#         418
  C:27BBH         LINE#         419
  C:27C0H         LINE#         420
  C:27C7H         LINE#         421
  C:27CAH         LINE#         422
  C:27CAH         LINE#         423
  C:27CAH         LINE#         424
  C:27CAH         LINE#         425
  -------         ENDPROC       KEY_PROS
  -------         PROC          KEYDOWN
  -------         DO            
  X:007CH         SYMBOL        a
  -------         ENDDO         
  C:3DC7H         LINE#         426
  C:3DC7H         LINE#         427
  C:3DC7H         LINE#         428
  C:3DCCH         LINE#         429
  C:3DCFH         LINE#         430
  C:3DD8H         LINE#         431
  C:3DD8H         LINE#         432
  C:3DDFH         LINE#         433
  C:3DE5H         LINE#         434
  C:3DE5H         LINE#         436
  C:3DEAH         LINE#         437
  C:3DEDH         LINE#         438
  C:3DFFH         LINE#         439
  C:3DFFH         LINE#         440
  C:3E06H         LINE#         441
  C:3E0EH         LINE#         442
  C:3E16H         LINE#         443
  C:3E1CH         LINE#         444
  C:3E1CH         LINE#         446
  C:3E1FH         LINE#         447
  C:3E32H         LINE#         448
  C:3E32H         LINE#         449
  C:3E39H         LINE#         450
  C:3E42H         LINE#         451
  C:3E4BH         LINE#         452
  C:3E52H         LINE#         453
  C:3E52H         LINE#         454
  C:3E52H         LINE#         455
  C:3E55H         LINE#         456
  C:3E55H         LINE#         457
  C:3E58H         LINE#         458
  C:3E58H         LINE#         459
  C:3E5BH         LINE#         460
BL51 BANKED LINKER/LOCATER V6.22                                                      06/02/2021  20:52:43  PAGE 18


  C:3E5BH         LINE#         461
  C:3E5BH         LINE#         462
  C:3E5BH         LINE#         463
  C:3E6CH         LINE#         464
  C:3E6CH         LINE#         465
  C:3E73H         LINE#         466
  C:3E76H         LINE#         467
  C:3E78H         LINE#         468
  -------         ENDPROC       KEYDOWN
  -------         PROC          DISPLAY_PROS
  C:1589H         LINE#         471
  C:1589H         LINE#         472
  C:1589H         LINE#         473
  C:1591H         LINE#         474
  C:1591H         LINE#         475
  C:1593H         LINE#         476
  C:15A5H         LINE#         477
  C:15B8H         LINE#         478
  C:15BDH         LINE#         479
  C:15C4H         LINE#         480
  C:15C7H         LINE#         481
  C:15CEH         LINE#         482
  C:15CEH         LINE#         483
  C:15D1H         LINE#         484
  C:15E2H         LINE#         485
  C:15E2H         LINE#         486
  C:15E9H         LINE#         487
  C:15E9H         LINE#         488
  C:15ECH         LINE#         489
  C:15FDH         LINE#         490
  C:15FDH         LINE#         491
  C:15FFH         LINE#         492
  C:1604H         LINE#         493
  C:1604H         LINE#         494
  C:1619H         LINE#         495
  C:1619H         LINE#         496
  C:162CH         LINE#         497
  C:163FH         LINE#         498
  C:1652H         LINE#         499
  C:1665H         LINE#         500
  C:1678H         LINE#         501
  C:1678H         LINE#         502
  C:168AH         LINE#         503
  C:168AH         LINE#         504
  C:168CH         LINE#         505
  C:1693H         LINE#         506
  C:1696H         LINE#         507
  C:1696H         LINE#         508
  C:16A8H         LINE#         509
  C:16A8H         LINE#         510
  C:16AAH         LINE#         511
  C:16ADH         LINE#         512
  C:16B0H         LINE#         513
  C:16B0H         LINE#         514
  C:16B3H         LINE#         515
  C:16B3H         LINE#         516
  C:16B3H         LINE#         517
BL51 BANKED LINKER/LOCATER V6.22                                                      06/02/2021  20:52:43  PAGE 19


  C:16BFH         LINE#         518
  C:16BFH         LINE#         519
  C:16C2H         LINE#         520
  C:16C4H         LINE#         521
  C:16C4H         LINE#         522
  C:16E5H         LINE#         523
  C:16E5H         LINE#         525
  C:16F8H         LINE#         526
  C:170BH         LINE#         527
  C:1711H         LINE#         528
  C:1711H         LINE#         529
  C:1723H         LINE#         530
  C:1723H         LINE#         531
  C:1740H         LINE#         532
  C:1748H         LINE#         533
  C:1748H         LINE#         534
  C:174BH         LINE#         535
  C:174BH         LINE#         536
  C:1750H         LINE#         537
  C:1750H         LINE#         538
  C:1771H         LINE#         539
  C:177DH         LINE#         540
  C:177DH         LINE#         541
  C:178AH         LINE#         542
  C:178AH         LINE#         543
  C:178FH         LINE#         544
  C:178FH         LINE#         545
  C:1797H         LINE#         546
  C:1797H         LINE#         547
  C:17ABH         LINE#         548
  C:17ABH         LINE#         549
  C:17C8H         LINE#         550
  C:17D0H         LINE#         551
  C:17D0H         LINE#         552
  C:17D3H         LINE#         553
  C:17D3H         LINE#         554
  C:17D8H         LINE#         555
  C:17D8H         LINE#         556
  C:17F9H         LINE#         557
  C:1805H         LINE#         558
  C:1805H         LINE#         559
  C:1813H         LINE#         560
  C:1813H         LINE#         561
  C:1818H         LINE#         562
  C:1818H         LINE#         563
  C:1818H         LINE#         564
  C:1839H         LINE#         565
  C:1839H         LINE#         566
  C:183CH         LINE#         567
  C:183CH         LINE#         568
  C:183FH         LINE#         569
  C:183FH         LINE#         570
  C:1852H         LINE#         571
  C:1865H         LINE#         572
  C:186BH         LINE#         573
  C:186BH         LINE#         574
  C:187DH         LINE#         575
BL51 BANKED LINKER/LOCATER V6.22                                                      06/02/2021  20:52:43  PAGE 20


  C:187DH         LINE#         576
  C:189AH         LINE#         577
  C:18A2H         LINE#         578
  C:18A2H         LINE#         579
  C:18A5H         LINE#         580
  C:18A5H         LINE#         581
  C:18AAH         LINE#         582
  C:18AAH         LINE#         583
  C:18CBH         LINE#         584
  C:18D7H         LINE#         585
  C:18D7H         LINE#         586
  C:18E4H         LINE#         587
  C:18E4H         LINE#         588
  C:18E9H         LINE#         589
  C:18E9H         LINE#         590
  C:18F1H         LINE#         591
  C:18F1H         LINE#         592
  C:1905H         LINE#         593
  C:1905H         LINE#         594
  C:1922H         LINE#         595
  C:192AH         LINE#         596
  C:192AH         LINE#         597
  C:192DH         LINE#         598
  C:192DH         LINE#         599
  C:1932H         LINE#         600
  C:1932H         LINE#         601
  C:1953H         LINE#         602
  C:195FH         LINE#         603
  C:195FH         LINE#         604
  C:196DH         LINE#         605
  C:196DH         LINE#         606
  C:1972H         LINE#         607
  C:1972H         LINE#         608
  C:1974H         LINE#         609
  C:1977H         LINE#         610
  C:1977H         LINE#         611
  C:1979H         LINE#         612
  C:1979H         LINE#         613
  C:1979H         LINE#         614
  C:1988H         LINE#         615
  C:1988H         LINE#         616
  C:199BH         LINE#         617
  C:19A0H         LINE#         618
  C:19A7H         LINE#         619
  C:19BAH         LINE#         620
  C:19CDH         LINE#         621
  C:19D0H         LINE#         622
  C:19D2H         LINE#         623
  C:19D5H         LINE#         624
  C:19D7H         LINE#         625
  C:19D7H         LINE#         626
  C:19E6H         LINE#         627
  C:19E6H         LINE#         628
  C:19E9H         LINE#         629
  C:19FCH         LINE#         630
  C:1A01H         LINE#         631
  C:1A03H         LINE#         632
BL51 BANKED LINKER/LOCATER V6.22                                                      06/02/2021  20:52:43  PAGE 21


  C:1A06H         LINE#         633
  C:1A08H         LINE#         634
  C:1A0AH         LINE#         635
  C:1A0DH         LINE#         636
  C:1A0DH         LINE#         637
  C:1A22H         LINE#         638
  C:1A22H         LINE#         639
  C:1A3DH         LINE#         640
  C:1A50H         LINE#         641
  C:1A63H         LINE#         642
  C:1A76H         LINE#         643
  C:1A89H         LINE#         644
  C:1A9CH         LINE#         645
  C:1AAFH         LINE#         646
  C:1AAFH         LINE#         647
  C:1ABEH         LINE#         648
  C:1ABEH         LINE#         649
  C:1ACAH         LINE#         650
  C:1ACAH         LINE#         651
  C:1ADDH         LINE#         652
  C:1AF0H         LINE#         653
  C:1AF6H         LINE#         654
  C:1AF6H         LINE#         655
  C:1B08H         LINE#         656
  C:1B08H         LINE#         657
  C:1B25H         LINE#         658
  C:1B2DH         LINE#         659
  C:1B2DH         LINE#         660
  C:1B30H         LINE#         661
  C:1B30H         LINE#         662
  C:1B35H         LINE#         663
  C:1B35H         LINE#         664
  C:1B56H         LINE#         665
  C:1B62H         LINE#         666
  C:1B62H         LINE#         667
  C:1B6FH         LINE#         668
  C:1B6FH         LINE#         669
  C:1B74H         LINE#         670
  C:1B74H         LINE#         671
  C:1B7CH         LINE#         672
  C:1B7CH         LINE#         673
  C:1B90H         LINE#         674
  C:1B90H         LINE#         675
  C:1BADH         LINE#         676
  C:1BB5H         LINE#         677
  C:1BB5H         LINE#         678
  C:1BB8H         LINE#         679
  C:1BB8H         LINE#         680
  C:1BBDH         LINE#         681
  C:1BBDH         LINE#         682
  C:1BDEH         LINE#         683
  C:1BEAH         LINE#         684
  C:1BEAH         LINE#         685
  C:1BF8H         LINE#         686
  C:1BF8H         LINE#         687
  C:1BFDH         LINE#         688
  C:1BFDH         LINE#         689
BL51 BANKED LINKER/LOCATER V6.22                                                      06/02/2021  20:52:43  PAGE 22


  C:1BFDH         LINE#         690
  C:1C09H         LINE#         691
  C:1C09H         LINE#         692
  C:1C0CH         LINE#         693
  C:1C0CH         LINE#         694
  C:1C0FH         LINE#         695
  C:1C0FH         LINE#         696
  C:1C22H         LINE#         697
  C:1C35H         LINE#         698
  C:1C3BH         LINE#         699
  C:1C3BH         LINE#         700
  C:1C4DH         LINE#         701
  C:1C4DH         LINE#         702
  C:1C6AH         LINE#         703
  C:1C72H         LINE#         704
  C:1C72H         LINE#         705
  C:1C75H         LINE#         706
  C:1C75H         LINE#         707
  C:1C7AH         LINE#         708
  C:1C7AH         LINE#         709
  C:1C9BH         LINE#         710
  C:1CA7H         LINE#         711
  C:1CA7H         LINE#         712
  C:1CB4H         LINE#         713
  C:1CB4H         LINE#         714
  C:1CB9H         LINE#         715
  C:1CB9H         LINE#         716
  C:1CC1H         LINE#         717
  C:1CC1H         LINE#         718
  C:1CD5H         LINE#         719
  C:1CD5H         LINE#         720
  C:1CF2H         LINE#         721
  C:1CFAH         LINE#         722
  C:1CFAH         LINE#         723
  C:1CFDH         LINE#         724
  C:1CFDH         LINE#         725
  C:1D02H         LINE#         726
  C:1D02H         LINE#         727
  C:1D23H         LINE#         728
  C:1D2FH         LINE#         729
  C:1D2FH         LINE#         730
  C:1D3DH         LINE#         731
  C:1D3DH         LINE#         732
  C:1D42H         LINE#         733
  C:1D42H         LINE#         734
  C:1D44H         LINE#         735
  C:1D4AH         LINE#         736
  C:1D4AH         LINE#         737
  C:1D4CH         LINE#         738
  C:1D4CH         LINE#         739
  C:1D4DH         LINE#         741
  C:1D53H         LINE#         742
  C:1D53H         LINE#         743
  C:1D66H         LINE#         744
  C:1D79H         LINE#         745
  C:1D8CH         LINE#         746
  C:1D9FH         LINE#         747
BL51 BANKED LINKER/LOCATER V6.22                                                      06/02/2021  20:52:43  PAGE 23


  C:1DA5H         LINE#         748
  C:1DA8H         LINE#         749
  C:1DAFH         LINE#         750
  C:1DAFH         LINE#         751
  C:1DB1H         LINE#         752
  C:1DB4H         LINE#         753
  C:1DB7H         LINE#         754
  C:1DBAH         LINE#         755
  C:1DBAH         LINE#         756
  C:1DBCH         LINE#         757
  C:1DC3H         LINE#         758
  C:1DC3H         LINE#         759
  C:1DC5H         LINE#         760
  C:1DC8H         LINE#         761
  C:1DCBH         LINE#         762
  C:1DCEH         LINE#         763
  C:1DD1H         LINE#         764
  C:1DD1H         LINE#         765
  C:1DDCH         LINE#         766
  C:1DDCH         LINE#         767
  C:1DDEH         LINE#         768
  C:1DE0H         LINE#         769
  C:1DE3H         LINE#         770
  C:1DE3H         LINE#         772
  C:1DE3H         LINE#         773
  C:1DE9H         LINE#         774
  C:1DE9H         LINE#         775
  C:1DFBH         LINE#         776
  C:1E0EH         LINE#         777
  C:1E36H         LINE#         778
  C:1E36H         LINE#         779
  C:1E45H         LINE#         780
  C:1E4BH         LINE#         781
  C:1E4EH         LINE#         782
  C:1E4EH         LINE#         783
  C:1E4EH         LINE#         784
  C:1E4EH         LINE#         785
  C:1E50H         LINE#         786
  C:1E5FH         LINE#         787
  C:1E64H         LINE#         788
  C:1E67H         LINE#         789
  C:1E6AH         LINE#         790
  C:1E6AH         LINE#         791
  C:1E6AH         LINE#         792
  C:1E6CH         LINE#         793
  C:1E7BH         LINE#         794
  C:1E80H         LINE#         795
  C:1E82H         LINE#         796
  C:1E85H         LINE#         797
  C:1E8AH         LINE#         798
  C:1E8CH         LINE#         799
  C:1E8DH         LINE#         800
  C:1E9CH         LINE#         801
  C:1EA1H         LINE#         802
  C:1EA3H         LINE#         803
  C:1EA5H         LINE#         804
  C:1EAAH         LINE#         805
BL51 BANKED LINKER/LOCATER V6.22                                                      06/02/2021  20:52:43  PAGE 24


  C:1EADH         LINE#         806
  C:1EAEH         LINE#         807
  C:1EBDH         LINE#         808
  C:1EC2H         LINE#         809
  C:1EC4H         LINE#         810
  C:1EC6H         LINE#         811
  C:1ECAH         LINE#         812
  C:1ECDH         LINE#         813
  C:1ECEH         LINE#         814
  C:1ECEH         LINE#         815
  C:1ED6H         LINE#         816
  C:1ED6H         LINE#         817
  C:1ED9H         LINE#         818
  C:1EEBH         LINE#         819
  C:1EF1H         LINE#         820
  C:1F01H         LINE#         821
  C:1F04H         LINE#         822
  C:1F07H         LINE#         823
  C:1F09H         LINE#         824
  C:1F0BH         LINE#         825
  C:1F0BH         LINE#         826
  C:1F13H         LINE#         827
  C:1F13H         LINE#         828
  C:1F16H         LINE#         829
  C:1F28H         LINE#         830
  C:1F2EH         LINE#         831
  C:1F3EH         LINE#         832
  C:1F41H         LINE#         833
  C:1F44H         LINE#         834
  C:1F46H         LINE#         835
  C:1F48H         LINE#         836
  C:1F48H         LINE#         837
  C:1F50H         LINE#         838
  C:1F50H         LINE#         839
  C:1F53H         LINE#         840
  C:1F65H         LINE#         841
  C:1F6BH         LINE#         842
  C:1F7BH         LINE#         843
  C:1F7EH         LINE#         844
  C:1F81H         LINE#         845
  C:1F83H         LINE#         846
  C:1F85H         LINE#         847
  C:1F85H         LINE#         848
  C:1F8DH         LINE#         849
  C:1F8DH         LINE#         850
  C:1F90H         LINE#         851
  C:1FA2H         LINE#         852
  C:1FA8H         LINE#         853
  C:1FB8H         LINE#         854
  C:1FBBH         LINE#         855
  C:1FBEH         LINE#         856
  C:1FC0H         LINE#         857
  C:1FC2H         LINE#         858
  C:1FC2H         LINE#         859
  C:1FCAH         LINE#         860
  C:1FCAH         LINE#         861
  C:1FCDH         LINE#         862
BL51 BANKED LINKER/LOCATER V6.22                                                      06/02/2021  20:52:43  PAGE 25


  C:1FDFH         LINE#         863
  C:1FE5H         LINE#         864
  C:1FF5H         LINE#         865
  C:1FF8H         LINE#         866
  C:1FFBH         LINE#         867
  C:1FFDH         LINE#         868
  C:1FFFH         LINE#         869
  C:1FFFH         LINE#         870
  C:2000H         LINE#         871
  C:2002H         LINE#         872
  C:2002H         LINE#         873
  C:2002H         LINE#         874
  C:2002H         LINE#         875
  C:2002H         LINE#         876
  -------         ENDPROC       DISPLAY_PROS
  -------         PROC          RECV_FROM_SLAVE
  -------         DO            
  X:007AH         SYMBOL        Data
  -------         ENDDO         
  C:434BH         LINE#         879
  C:4368H         LINE#         882
  C:436EH         LINE#         883
  C:4371H         LINE#         884
  C:4371H         LINE#         885
  C:4376H         LINE#         886
  C:4376H         LINE#         887
  C:4379H         LINE#         888
  C:4379H         LINE#         889
  C:437BH         LINE#         890
  C:437DH         LINE#         891
  C:437FH         LINE#         892
  C:4381H         LINE#         893
  C:4383H         LINE#         894
  C:4385H         LINE#         895
  C:4387H         LINE#         896
  C:4389H         LINE#         897
  C:438BH         LINE#         898
  C:438DH         LINE#         899
  C:438FH         LINE#         900
  C:4392H         LINE#         901
  C:4392H         LINE#         902
  C:4392H         LINE#         903
  C:4399H         LINE#         904
  C:4399H         LINE#         905
  C:439BH         LINE#         906
  C:439BH         LINE#         908
  C:439DH         LINE#         909
  C:439DH         LINE#         911
  -------         ENDPROC       RECV_FROM_SLAVE
  -------         PROC          PLAY_CLOCK_MUSIC
  C:38A0H         LINE#         912
  C:38A0H         LINE#         913
  C:38A0H         LINE#         914
  C:38A6H         LINE#         915
  C:38A6H         LINE#         916
  C:38AEH         LINE#         917
  C:38AEH         LINE#         918
BL51 BANKED LINKER/LOCATER V6.22                                                      06/02/2021  20:52:43  PAGE 26


  C:38B1H         LINE#         919
  C:38C3H         LINE#         920
  C:38D6H         LINE#         921
  C:38D9H         LINE#         922
  C:38DCH         LINE#         923
  C:38DEH         LINE#         925
  C:38DEH         LINE#         926
  C:38E6H         LINE#         927
  C:38E6H         LINE#         928
  C:38E9H         LINE#         929
  C:38FBH         LINE#         930
  C:390EH         LINE#         931
  C:3911H         LINE#         932
  C:3914H         LINE#         933
  C:3916H         LINE#         934
  C:3916H         LINE#         935
  C:391EH         LINE#         936
  C:391EH         LINE#         937
  C:3921H         LINE#         938
  C:3933H         LINE#         939
  C:3946H         LINE#         940
  C:3949H         LINE#         941
  C:394CH         LINE#         942
  C:394EH         LINE#         943
  C:394EH         LINE#         944
  C:3956H         LINE#         945
  C:3956H         LINE#         946
  C:3959H         LINE#         947
  C:396BH         LINE#         948
  C:397EH         LINE#         949
  C:3981H         LINE#         950
  C:3984H         LINE#         951
  C:3986H         LINE#         952
  C:3986H         LINE#         953
  C:398EH         LINE#         954
  C:398EH         LINE#         955
  C:3991H         LINE#         956
  C:39A3H         LINE#         957
  C:39B6H         LINE#         958
  C:39B9H         LINE#         959
  C:39BCH         LINE#         960
  C:39BEH         LINE#         961
  C:39BEH         LINE#         962
  C:39BEH         LINE#         963
  -------         ENDPROC       PLAY_CLOCK_MUSIC
  -------         PROC          MAIN
  C:4267H         LINE#         965
  C:4267H         LINE#         966
  C:4267H         LINE#         968
  C:426AH         LINE#         969
  C:426DH         LINE#         970
  C:4270H         LINE#         971
  C:4272H         LINE#         972
  C:4275H         LINE#         973
  C:4278H         LINE#         975
  C:428BH         LINE#         976
  C:429EH         LINE#         977
BL51 BANKED LINKER/LOCATER V6.22                                                      06/02/2021  20:52:43  PAGE 27


  C:42B1H         LINE#         978
  C:42C4H         LINE#         979
  C:42CBH         LINE#         980
  C:42CEH         LINE#         981
  C:42CEH         LINE#         982
  C:42CEH         LINE#         983
  C:42D1H         LINE#         984
  C:42D4H         LINE#         985
  C:42D7H         LINE#         986
  -------         ENDPROC       MAIN
  -------         ENDMOD        PMPDATAR

  -------         MODULE        STEPPERMOTORCONTROL
  C:0000H         SYMBOL        _ICE_DUMMY_
  D:0080H         PUBLIC        P0
  D:0090H         PUBLIC        P1
  D:00A0H         PUBLIC        P2
  D:00B0H         PUBLIC        P3
  D:00A8H         PUBLIC        IE
  D:00B8H         PUBLIC        IP
  D:0098H         PUBLIC        SCON
  B:0080H.6       PUBLIC        Motor_A
  D:0088H         PUBLIC        TCON
  B:0080H.7       PUBLIC        Motor_B
  B:00A0H.7       PUBLIC        Motor_C
  B:00A0H.6       PUBLIC        Motor_D
  C:4C51H         PUBLIC        MotorStop
  C:47ABH         PUBLIC        _delay_var
  D:00C8H         PUBLIC        T2CON
  C:416FH         PUBLIC        _MotorAccOrDec
  D:00D0H         PUBLIC        PSW
  C:47A5H         SYMBOL        L?0016
  C:47A7H         SYMBOL        L?0017
  -------         PROC          L?0015
  -------         ENDPROC       L?0015
  C:47A5H         SYMBOL        L?0016
  C:47A7H         SYMBOL        L?0017
  -------         PROC          _DELAY_VAR
  D:0006H         SYMBOL        var
  -------         DO            
  D:0004H         SYMBOL        i
  D:0002H         SYMBOL        j
  -------         ENDDO         
  C:47ABH         LINE#         9
  C:47ABH         LINE#         10
  C:47ABH         LINE#         12
  C:47B5H         LINE#         13
  C:47CAH         LINE#         14
  -------         ENDPROC       _DELAY_VAR
  -------         PROC          MOTORSTOP
  C:4C51H         LINE#         20
  C:4C51H         LINE#         21
  C:4C51H         LINE#         22
  C:4C53H         LINE#         23
  C:4C55H         LINE#         24
  C:4C57H         LINE#         25
  C:4C59H         LINE#         26
BL51 BANKED LINKER/LOCATER V6.22                                                      06/02/2021  20:52:43  PAGE 28


  -------         ENDPROC       MOTORSTOP
  -------         PROC          _MOTORACCORDEC
  D:0082H         SYMBOL        var
  D:0005H         SYMBOL        state
  C:416FH         LINE#         31
  C:4173H         LINE#         32
  C:4173H         LINE#         33
  C:4176H         LINE#         34
  C:4176H         LINE#         35
  C:4178H         LINE#         36
  C:417AH         LINE#         37
  C:417CH         LINE#         38
  C:417EH         LINE#         39
  C:4181H         LINE#         40
  C:4183H         LINE#         41
  C:4185H         LINE#         42
  C:4187H         LINE#         43
  C:4189H         LINE#         44
  C:418CH         LINE#         45
  C:418EH         LINE#         46
  C:4190H         LINE#         47
  C:4192H         LINE#         48
  C:4194H         LINE#         49
  C:4197H         LINE#         50
  C:4199H         LINE#         51
  C:419BH         LINE#         52
  C:419DH         LINE#         53
  C:419DH         LINE#         54
  C:419DH         LINE#         55
  C:419DH         LINE#         56
  C:419DH         LINE#         57
  C:419DH         LINE#         58
  C:419DH         LINE#         59
  C:41A0H         LINE#         60
  C:41A2H         LINE#         61
  C:41A2H         LINE#         62
  C:41A2H         LINE#         63
  C:41A2H         LINE#         64
  C:41A5H         LINE#         65
  C:41A7H         LINE#         66
  C:41A9H         LINE#         67
  C:41A9H         LINE#         68
  C:41A9H         LINE#         69
  C:41ACH         LINE#         70
  C:41AEH         LINE#         71
  C:41AEH         LINE#         72
  C:41AEH         LINE#         73
  C:41AEH         LINE#         74
  C:41AEH         LINE#         75
  C:41B0H         LINE#         77
  C:41B0H         LINE#         78
  C:41B2H         LINE#         79
  C:41B4H         LINE#         80
  C:41B6H         LINE#         81
  C:41B8H         LINE#         82
  C:41BFH         LINE#         83
  C:41C1H         LINE#         84
BL51 BANKED LINKER/LOCATER V6.22                                                      06/02/2021  20:52:43  PAGE 29


  C:41C3H         LINE#         85
  C:41C5H         LINE#         86
  C:41C5H         LINE#         87
  C:41C5H         LINE#         88
  C:41C5H         LINE#         89
  C:41C5H         LINE#         90
  C:41C5H         LINE#         91
  C:41C5H         LINE#         92
  C:41C8H         LINE#         93
  C:41CAH         LINE#         94
  C:41CCH         LINE#         95
  C:41CEH         LINE#         96
  C:41D0H         LINE#         97
  C:41D3H         LINE#         98
  C:41D5H         LINE#         99
  C:41D7H         LINE#         100
  C:41D9H         LINE#         101
  C:41DBH         LINE#         102
  C:41DEH         LINE#         103
  C:41E0H         LINE#         104
  C:41E2H         LINE#         105
  C:41E4H         LINE#         106
  C:41E6H         LINE#         107
  C:41E9H         LINE#         108
  C:41EBH         LINE#         109
  C:41EDH         LINE#         110
  C:41EFH         LINE#         111
  C:41F1H         LINE#         112
  C:41F4H         LINE#         113
  C:41F4H         LINE#         114
  -------         ENDPROC       _MOTORACCORDEC
  -------         ENDMOD        STEPPERMOTORCONTROL

  -------         MODULE        OLED
  C:0000H         SYMBOL        _ICE_DUMMY_
  C:4B4EH         PUBLIC        OLED_Display_On
  D:0080H         PUBLIC        P0
  D:0090H         PUBLIC        P1
  D:00B0H         PUBLIC        P3
  C:47CBH         PUBLIC        _fill_picture
  D:00A8H         PUBLIC        IE
  C:4A83H         PUBLIC        _Delay_50ms
  D:00B8H         PUBLIC        IP
  C:39BFH         PUBLIC        OLED_Init
  C:4C08H         PUBLIC        _Write_IIC_Data
  C:44E9H         PUBLIC        _OLED_ShowString
  C:4813H         PUBLIC        _OLED_WR_Byte
  C:3B7AH         PUBLIC        _OLED_ShowChar
  C:0AF1H         PUBLIC        F6x8
  C:1309H         PUBLIC        Hzk
  D:0098H         PUBLIC        SCON
  B:0080H.1       PUBLIC        OLED_SDIN
  D:0088H         PUBLIC        TCON
  C:4880H         PUBLIC        _Write_IIC_Byte
  C:0D19H         PUBLIC        F8X16
  C:4BF5H         PUBLIC        IIC_Wait_Ack
  C:48A0H         PUBLIC        OLED_On
BL51 BANKED LINKER/LOCATER V6.22                                                      06/02/2021  20:52:43  PAGE 30


  C:4C5AH         PUBLIC        IIC_Start
  C:4714H         PUBLIC        _OLED_Set_Pos
  C:4057H         PUBLIC        _OLED_ShowCHinese
  C:4740H         PUBLIC        _OLED_Clear_Char
  C:4B34H         PUBLIC        _delay_ms
  C:4B7BH         PUBLIC        _OLED_Clear_Line
  C:3D0CH         PUBLIC        _OLED_ShowNum
  C:4BB7H         PUBLIC        OLED_Display_Off
  C:4AA1H         PUBLIC        _oled_pow
  C:4C73H         PUBLIC        IIC_Stop
  C:4B65H         PUBLIC        _Delay_1ms
  D:00C8H         PUBLIC        T2CON
  C:4BFAH         PUBLIC        _Write_IIC_Command
  B:0080H.2       PUBLIC        OLED_SCL
  C:48C7H         PUBLIC        OLED_Clear
  C:3FC4H         PUBLIC        _OLED_DrawBMP
  D:00D0H         PUBLIC        PSW
  -------         PROC          _DELAY_MS
  D:0006H         SYMBOL        ms
  -------         DO            
  D:0004H         SYMBOL        a
  -------         ENDDO         
  C:4B34H         LINE#         17
  C:4B34H         LINE#         18
  C:4B34H         LINE#         20
  C:4B38H         LINE#         21
  C:4B38H         LINE#         22
  C:4B3CH         LINE#         23
  C:4B46H         LINE#         24
  C:4B4BH         LINE#         25
  C:4B4DH         LINE#         27
  -------         ENDPROC       _DELAY_MS
  -------         PROC          IIC_START
  C:4C5AH         LINE#         31
  C:4C5AH         LINE#         32
  C:4C5AH         LINE#         34
  C:4C5CH         LINE#         35
  C:4C5EH         LINE#         36
  C:4C60H         LINE#         37
  C:4C62H         LINE#         38
  -------         ENDPROC       IIC_START
  -------         PROC          IIC_STOP
  C:4C73H         LINE#         43
  C:4C73H         LINE#         44
  C:4C73H         LINE#         45
  C:4C75H         LINE#         47
  C:4C77H         LINE#         48
  C:4C79H         LINE#         50
  -------         ENDPROC       IIC_STOP
  -------         PROC          L?0119
  -------         ENDPROC       L?0119
  -------         PROC          IIC_WAIT_ACK
  C:4BF5H         LINE#         52
  C:4BF5H         LINE#         53
  C:4BF5H         LINE#         71
  C:4BF7H         LINE#         72
  C:4BF9H         LINE#         73
BL51 BANKED LINKER/LOCATER V6.22                                                      06/02/2021  20:52:43  PAGE 31


  -------         ENDPROC       IIC_WAIT_ACK
  -------         PROC          L?0121
  -------         ENDPROC       L?0121
  -------         PROC          _WRITE_IIC_BYTE
  D:0007H         SYMBOL        IIC_Byte
  -------         DO            
  D:0006H         SYMBOL        i
  D:0005H         SYMBOL        m
  D:0007H         SYMBOL        da
  -------         ENDDO         
  C:4880H         LINE#         78
  C:4880H         LINE#         79
  C:4880H         LINE#         82
  C:4880H         LINE#         83
  C:4882H         LINE#         84
  C:4884H         LINE#         85
  C:4884H         LINE#         86
  C:4886H         LINE#         88
  C:4889H         LINE#         89
  C:488CH         LINE#         90
  C:4890H         LINE#         91
  C:4892H         LINE#         92
  C:4896H         LINE#         93
  C:4898H         LINE#         94
  C:489AH         LINE#         95
  C:489FH         LINE#         98
  -------         ENDPROC       _WRITE_IIC_BYTE
  -------         PROC          _WRITE_IIC_COMMAND
  D:0004H         SYMBOL        IIC_Command
  C:4BFAH         LINE#         102
  C:4BFAH         LINE#         103
  C:4BFAH         LINE#         104
  C:4BFAH         LINE#         105
  C:4BFDH         LINE#         106
  C:4C00H         LINE#         107
  C:4C02H         LINE#         108
  C:4C02H         LINE#         109
  C:4C02H         LINE#         110
  C:4C05H         LINE#         111
  -------         ENDPROC       _WRITE_IIC_COMMAND
  -------         PROC          _WRITE_IIC_DATA
  D:0004H         SYMBOL        IIC_Data
  C:4C08H         LINE#         116
  C:4C08H         LINE#         117
  C:4C08H         LINE#         118
  C:4C08H         LINE#         119
  C:4C0BH         LINE#         120
  C:4C0EH         LINE#         121
  C:4C10H         LINE#         122
  C:4C10H         LINE#         123
  C:4C10H         LINE#         124
  C:4C13H         LINE#         125
  -------         ENDPROC       _WRITE_IIC_DATA
  C:47F8H         SYMBOL        L?0114
  C:47F9H         SYMBOL        L?0115
  C:4802H         SYMBOL        L?0116
  C:4809H         SYMBOL        L?0117
BL51 BANKED LINKER/LOCATER V6.22                                                      06/02/2021  20:52:43  PAGE 32


  C:480FH         SYMBOL        L?0118
  -------         PROC          L?0113
  -------         ENDPROC       L?0113
  C:47F8H         SYMBOL        L?0114
  C:47F9H         SYMBOL        L?0115
  C:4802H         SYMBOL        L?0116
  C:4809H         SYMBOL        L?0117
  C:480FH         SYMBOL        L?0118
  -------         PROC          _OLED_WR_BYTE
  D:0002H         SYMBOL        dat
  D:0004H         SYMBOL        cmd
  C:4813H         LINE#         127
  C:4817H         LINE#         128
  C:4817H         LINE#         129
  C:481BH         LINE#         130
  C:481BH         LINE#         132
  C:481EH         LINE#         134
  C:481EH         LINE#         135
  C:481EH         LINE#         136
  C:4823H         LINE#         138
  C:4823H         LINE#         141
  -------         ENDPROC       _OLED_WR_BYTE
  -------         PROC          _FILL_PICTURE
  X:00F7H         SYMBOL        fill_Data
  -------         DO            
  D:0001H         SYMBOL        m
  X:00F8H         SYMBOL        n
  -------         ENDDO         
  C:47CBH         LINE#         146
  C:47D0H         LINE#         147
  C:47D0H         LINE#         149
  C:47D2H         LINE#         150
  C:47D2H         LINE#         151
  C:47D2H         LINE#         152
  C:47D2H         LINE#         153
  C:47D5H         LINE#         154
  C:47DAH         LINE#         155
  C:47DAH         LINE#         156
  C:47E8H         LINE#         157
  C:47F2H         LINE#         158
  C:47F7H         LINE#         159
  -------         ENDPROC       _FILL_PICTURE
  -------         PROC          _DELAY_50MS
  D:0006H         SYMBOL        Del_50ms
  -------         DO            
  D:0004H         SYMBOL        m
  -------         ENDDO         
  C:4A83H         LINE#         163
  C:4A83H         LINE#         164
  C:4A83H         LINE#         166
  C:4A8CH         LINE#         167
  C:4AA0H         LINE#         168
  -------         ENDPROC       _DELAY_50MS
  -------         PROC          _DELAY_1MS
  D:0006H         SYMBOL        Del_1ms
  -------         DO            
  D:0005H         SYMBOL        j
BL51 BANKED LINKER/LOCATER V6.22                                                      06/02/2021  20:52:43  PAGE 33


  -------         ENDDO         
  C:4B65H         LINE#         170
  C:4B65H         LINE#         171
  C:4B65H         LINE#         173
  C:4B6FH         LINE#         174
  C:4B6FH         LINE#         175
  C:4B7AH         LINE#         176
  C:4B7AH         LINE#         177
  -------         ENDPROC       _DELAY_1MS
  -------         PROC          L?0120
  -------         ENDPROC       L?0120
  -------         PROC          _OLED_SET_POS
  D:0001H         SYMBOL        x
  D:0005H         SYMBOL        y
  C:4714H         LINE#         181
  C:4716H         LINE#         182
  C:4723H         LINE#         183
  C:4734H         LINE#         184
  -------         ENDPROC       _OLED_SET_POS
  -------         PROC          OLED_DISPLAY_ON
  C:4B4EH         LINE#         187
  C:4B4EH         LINE#         188
  C:4B4EH         LINE#         189
  C:4B53H         LINE#         190
  C:4B5CH         LINE#         191
  -------         ENDPROC       OLED_DISPLAY_ON
  -------         PROC          OLED_DISPLAY_OFF
  C:4BB7H         LINE#         194
  C:4BB7H         LINE#         195
  C:4BB7H         LINE#         196
  C:4BBCH         LINE#         197
  C:4BBFH         LINE#         198
  -------         ENDPROC       OLED_DISPLAY_OFF
  -------         PROC          OLED_CLEAR
  -------         DO            
  D:0001H         SYMBOL        i
  X:0081H         SYMBOL        n
  -------         ENDDO         
  C:48C7H         LINE#         201
  C:48C7H         LINE#         202
  C:48C7H         LINE#         204
  C:48C9H         LINE#         205
  C:48C9H         LINE#         206
  C:48C9H         LINE#         207
  C:48C9H         LINE#         208
  C:48CCH         LINE#         209
  C:48E7H         LINE#         210
  C:48ECH         LINE#         211
  -------         ENDPROC       OLED_CLEAR
  -------         PROC          _OLED_CLEAR_LINE
  D:0007H         SYMBOL        line
  -------         DO            
  D:0001H         SYMBOL        n
  -------         ENDDO         
  C:4B7BH         LINE#         212
  C:4B7BH         LINE#         213
  C:4B7BH         LINE#         215
BL51 BANKED LINKER/LOCATER V6.22                                                      06/02/2021  20:52:43  PAGE 34


  C:4B7CH         LINE#         216
  C:4B7CH         LINE#         217
  C:4B7FH         LINE#         218
  C:4B90H         LINE#         219
  -------         ENDPROC       _OLED_CLEAR_LINE
  -------         PROC          _OLED_CLEAR_CHAR
  D:0001H         SYMBOL        x
  D:0005H         SYMBOL        y
  C:4740H         LINE#         220
  C:4742H         LINE#         221
  C:474FH         LINE#         222
  C:475AH         LINE#         223
  C:4766H         LINE#         224
  -------         ENDPROC       _OLED_CLEAR_CHAR
  -------         PROC          OLED_ON
  -------         DO            
  D:0001H         SYMBOL        i
  X:00F9H         SYMBOL        n
  -------         ENDDO         
  C:48A0H         LINE#         226
  C:48A0H         LINE#         227
  C:48A0H         LINE#         229
  C:48A2H         LINE#         230
  C:48A2H         LINE#         231
  C:48A2H         LINE#         232
  C:48A2H         LINE#         233
  C:48A5H         LINE#         234
  C:48C1H         LINE#         235
  C:48C6H         LINE#         236
  -------         ENDPROC       OLED_ON
  -------         PROC          _OLED_SHOWCHAR
  X:0088H         SYMBOL        x
  X:0089H         SYMBOL        y
  D:0003H         SYMBOL        chr
  X:008BH         SYMBOL        Char_Size
  -------         DO            
  X:008CH         SYMBOL        c
  D:0001H         SYMBOL        i
  -------         ENDDO         
  C:3B7AH         LINE#         242
  C:3B85H         LINE#         243
  C:3B85H         LINE#         244
  C:3B8BH         LINE#         245
  C:3B8FH         LINE#         246
  C:3B9FH         LINE#         247
  C:3BA7H         LINE#         248
  C:3BA7H         LINE#         249
  C:3BAAH         LINE#         250
  C:3BACH         LINE#         251
  C:3BD9H         LINE#         252
  C:3BE5H         LINE#         253
  C:3BE7H         LINE#         254
  C:3C15H         LINE#         255
  C:3C15H         LINE#         256
  C:3C15H         LINE#         257
  C:3C18H         LINE#         258
  C:3C1AH         LINE#         259
BL51 BANKED LINKER/LOCATER V6.22                                                      06/02/2021  20:52:43  PAGE 35


  C:3C47H         LINE#         261
  C:3C47H         LINE#         262
  -------         ENDPROC       _OLED_SHOWCHAR
  -------         PROC          _OLED_POW
  X:00FAH         SYMBOL        m
  D:0001H         SYMBOL        n
  -------         DO            
  D:0006H         SYMBOL        result
  -------         ENDDO         
  C:4AA1H         LINE#         264
  C:4AA8H         LINE#         265
  C:4AA8H         LINE#         266
  C:4AACH         LINE#         267
  C:4ABEH         LINE#         268
  C:4ABEH         LINE#         269
  -------         ENDPROC       _OLED_POW
  -------         PROC          _OLED_SHOWNUM
  X:00DDH         SYMBOL        x
  X:00DEH         SYMBOL        y
  X:00DFH         SYMBOL        num
  X:00E1H         SYMBOL        len
  X:00E2H         SYMBOL        size2
  -------         DO            
  X:00E3H         SYMBOL        t
  X:00E4H         SYMBOL        temp
  X:00E5H         SYMBOL        enshow
  -------         ENDDO         
  C:3D0CH         LINE#         276
  C:3D1AH         LINE#         277
  C:3D1AH         LINE#         279
  C:3D1FH         LINE#         280
  C:3D34H         LINE#         281
  C:3D34H         LINE#         282
  C:3D5BH         LINE#         283
  C:3D6EH         LINE#         284
  C:3D6EH         LINE#         285
  C:3D72H         LINE#         286
  C:3D72H         LINE#         287
  C:3D8DH         LINE#         288
  C:3D8FH         LINE#         289
  C:3D95H         LINE#         291
  C:3D95H         LINE#         292
  C:3DBDH         LINE#         293
  C:3DC6H         LINE#         294
  -------         ENDPROC       _OLED_SHOWNUM
  -------         PROC          _OLED_SHOWSTRING
  X:0081H         SYMBOL        x
  X:0082H         SYMBOL        y
  X:0083H         SYMBOL        chr
  X:0086H         SYMBOL        Char_Size
  -------         DO            
  X:0087H         SYMBOL        j
  -------         ENDDO         
  C:44E9H         LINE#         296
  C:44FAH         LINE#         297
  C:44FAH         LINE#         298
  C:44FFH         LINE#         299
BL51 BANKED LINKER/LOCATER V6.22                                                      06/02/2021  20:52:43  PAGE 36


  C:4519H         LINE#         300
  C:452CH         LINE#         301
  C:4533H         LINE#         302
  C:4540H         LINE#         303
  C:4546H         LINE#         304
  C:4548H         LINE#         305
[...]
  C:343DH         LINE#         306
  C:3443H         LINE#         307
  C:3443H         LINE#         308
  C:3449H         LINE#         309
  C:344EH         LINE#         310
  C:3461H         LINE#         311
  C:3474H         LINE#         313
  C:348CH         LINE#         314
  C:34AAH         LINE#         315
  C:34CAH         LINE#         316
  C:34CDH         LINE#         317
  C:34D2H         LINE#         318
  C:34D5H         LINE#         319
  C:34DAH         LINE#         320
  C:34E4H         LINE#         321
  C:34E9H         LINE#         322
  C:34EBH         LINE#         323
  C:34EEH         LINE#         324
  C:34F4H         LINE#         325
  C:34F6H         LINE#         326
BL51 BANKED LINKER/LOCATER V6.22                                                      06/02/2021  20:52:43  PAGE 49


  C:34F8H         LINE#         327
  C:34FAH         LINE#         328
  C:34FCH         LINE#         329
  C:34FCH         LINE#         330
  C:34FCH         LINE#         331
  C:34FCH         LINE#         332
  C:34FCH         LINE#         333
  C:34FCH         LINE#         334
  C:34FCH         LINE#         335
  C:34FFH         LINE#         336
  C:34FFH         LINE#         337
  C:3502H         LINE#         338
  C:3502H         LINE#         339
  C:3502H         LINE#         340
  C:3502H         LINE#         341
  C:3508H         LINE#         342
  C:350BH         LINE#         343
  -------         ENDPROC       FPM10A_ADD_FINGERPRINT
  -------         PROC          FPM10A_FIND_FINGERPRINT
  -------         DO            
  X:007CH         SYMBOL        find_fingerid
  X:007EH         SYMBOL        id_show
  -------         ENDDO         
  C:350CH         LINE#         346
  C:350CH         LINE#         347
  C:350CH         LINE#         348
  C:3513H         LINE#         349
  C:3525H         LINE#         351
  C:3525H         LINE#         352
  C:3538H         LINE#         353
  C:354AH         LINE#         354
  C:354DH         LINE#         355
  C:3552H         LINE#         357
  C:355BH         LINE#         358
  C:355BH         LINE#         359
  C:355BH         LINE#         360
  C:355EH         LINE#         361
  C:3563H         LINE#         362
  C:3566H         LINE#         363
  C:356BH         LINE#         364
  C:3574H         LINE#         365
  C:3574H         LINE#         366
  C:3576H         LINE#         367
  C:357BH         LINE#         368
  C:3580H         LINE#         369
  C:3593H         LINE#         370
  C:35A6H         LINE#         371
  C:35ACH         LINE#         372
  C:35AEH         LINE#         373
  C:35BFH         LINE#         374
  C:35C4H         LINE#         376
  C:35D9H         LINE#         378
  C:35F7H         LINE#         379
  C:3624H         LINE#         380
  C:3651H         LINE#         381
  C:3653H         LINE#         382
  C:365AH         LINE#         383
BL51 BANKED LINKER/LOCATER V6.22                                                      06/02/2021  20:52:43  PAGE 50


  C:365CH         LINE#         384
  C:365FH         LINE#         386
  C:365FH         LINE#         387
  C:3661H         LINE#         388
  C:3666H         LINE#         389
  C:366BH         LINE#         390
  C:367EH         LINE#         391
  C:3684H         LINE#         392
  C:3695H         LINE#         393
  C:369CH         LINE#         394
  C:369CH         LINE#         395
  C:36A0H         LINE#         396
  C:36B0H         LINE#         397
  C:36B0H         LINE#         398
  C:36C3H         LINE#         399
  C:36D5H         LINE#         400
  C:36D7H         LINE#         401
  C:36DEH         LINE#         402
  C:36E0H         LINE#         403
  C:36E7H         LINE#         404
  C:36E9H         LINE#         405
  C:36F0H         LINE#         406
  C:36F2H         LINE#         407
  C:36F7H         LINE#         408
  C:36F9H         LINE#         409
  C:36F9H         LINE#         410
  C:36FCH         LINE#         411
  C:36FCH         LINE#         412
  C:36FFH         LINE#         413
  C:3706H         LINE#         414
  C:3708H         LINE#         415
  C:370BH         LINE#         416
  C:371EH         LINE#         417
  C:3720H         LINE#         418
  C:3727H         LINE#         419
  C:3729H         LINE#         420
  C:3729H         LINE#         421
  C:372CH         LINE#         422
  C:372CH         LINE#         423
  C:372FH         LINE#         424
  C:3736H         LINE#         425
  C:3738H         LINE#         426
  C:373AH         LINE#         427
  C:373CH         LINE#         428
  C:373EH         LINE#         429
  C:3740H         LINE#         430
  C:3740H         LINE#         431
  C:3740H         LINE#         432
  C:3746H         LINE#         433
  -------         ENDPROC       FPM10A_FIND_FINGERPRINT
  -------         PROC          FPM10A_DELETE_ALL_FINGERPRINT
  -------         DO            
  X:007CH         SYMBOL        i
  -------         ENDDO         
  C:3C48H         LINE#         435
  C:3C48H         LINE#         436
  C:3C48H         LINE#         437
BL51 BANKED LINKER/LOCATER V6.22                                                      06/02/2021  20:52:43  PAGE 51


  C:3C4DH         LINE#         438
  C:3C60H         LINE#         439
  C:3C73H         LINE#         440
  C:3C79H         LINE#         442
  C:3C79H         LINE#         443
  C:3C7CH         LINE#         444
  C:3C84H         LINE#         445
  C:3C84H         LINE#         446
  C:3C87H         LINE#         447
  C:3C9AH         LINE#         448
  C:3CA1H         LINE#         449
  C:3CB0H         LINE#         450
  C:3CB0H         LINE#         451
  C:3CC3H         LINE#         452
  C:3CCAH         LINE#         453
  C:3CD2H         LINE#         454
  C:3CD5H         LINE#         455
  C:3CDAH         LINE#         456
  C:3CDDH         LINE#         457
  C:3CF0H         LINE#         458
  C:3CF7H         LINE#         459
  C:3CFCH         LINE#         460
  C:3CFCH         LINE#         461
  C:3CFCH         LINE#         462
  C:3D07H         LINE#         463
  C:3D07H         LINE#         464
  C:3D09H         LINE#         465
  C:3D0BH         LINE#         466
  C:3D0BH         LINE#         467
  C:3D0BH         LINE#         468
  C:3D0BH         LINE#         469
  -------         ENDPROC       FPM10A_DELETE_ALL_FINGERPRINT
  -------         PROC          DEVICE_CHECK
  -------         DO            
  X:007CH         SYMBOL        i
  -------         ENDDO         
  C:43B8H         LINE#         471
  C:43B8H         LINE#         472
  C:43B8H         LINE#         473
  C:43BDH         LINE#         474
  C:43C0H         LINE#         475
  C:43C7H         LINE#         476
  C:43CDH         LINE#         477
  C:43D0H         LINE#         478
  C:43E3H         LINE#         479
  C:43E6H         LINE#         480
  C:43EBH         LINE#         481
  C:43F1H         LINE#         482
  C:43F1H         LINE#         483
  C:43F3H         LINE#         484
  C:43F5H         LINE#         485
  C:43F8H         LINE#         486
  C:43FBH         LINE#         487
  C:43FBH         LINE#         488
  C:4401H         LINE#         489
  C:4401H         LINE#         490
  C:4406H         LINE#         491
BL51 BANKED LINKER/LOCATER V6.22                                                      06/02/2021  20:52:43  PAGE 52


  C:4419H         LINE#         492
  C:441BH         LINE#         493
  C:441EH         LINE#         494
  C:4421H         LINE#         495
  C:4421H         LINE#         497
  -------         ENDPROC       DEVICE_CHECK
  -------         ENDMOD        FPM10A

  -------         MODULE        PLAYMUSIC
  C:0000H         SYMBOL        _ICE_DUMMY_
  C:27EAH         PUBLIC        LengthTab
  D:0080H         PUBLIC        P0
  D:0090H         PUBLIC        P1
  D:00B0H         PUBLIC        P3
  C:49E7H         PUBLIC        _Delay1ms
  B:00A8H.7       PUBLIC        EA
  D:00A8H         PUBLIC        IE
  C:2B73H         PUBLIC        Music_Code1
  B:0080H.3       PUBLIC        BeepIO
  C:2BB2H         PUBLIC        _Play
  D:00B8H         PUBLIC        IP
  C:2A2DH         PUBLIC        Music_Two
  C:27E3H         PUBLIC        SignTab
  C:4BC8H         PUBLIC        Play_Music1
  C:4BD9H         PUBLIC        Play_Music2
  C:4B91H         PUBLIC        Play_Music3
  C:4BA4H         PUBLIC        Play_Music4
  X:00F0H         PUBLIC        Sound_Temp_TH0
  X:00F1H         PUBLIC        Sound_Temp_TH1
  C:4B19H         PUBLIC        BeepTimer0
  D:0098H         PUBLIC        SCON
  D:0089H         PUBLIC        TMOD
  D:0088H         PUBLIC        TCON
  X:00F2H         PUBLIC        Sound_Temp_TL0
  X:00F3H         PUBLIC        Sound_Temp_TL1
  C:27CBH         PUBLIC        FreTab
  B:00A8H.1       PUBLIC        ET0
  B:00A8H.3       PUBLIC        ET1
  B:0088H.7       PUBLIC        TF1
  D:008CH         PUBLIC        TH0
  D:008DH         PUBLIC        TH1
  D:008AH         PUBLIC        TL0
  D:008BH         PUBLIC        TL1
  B:0088H.4       PUBLIC        TR0
  B:0088H.6       PUBLIC        TR1
  C:4AFBH         PUBLIC        InitialSound
  D:00C8H         PUBLIC        T2CON
  C:2959H         PUBLIC        Music_Same
  C:27F1H         PUBLIC        Music_Girl
  D:00D0H         PUBLIC        PSW
  -------         PROC          _DELAY1MS
  D:0006H         SYMBOL        count
  -------         DO            
  D:0004H         SYMBOL        i
  D:0002H         SYMBOL        j
  -------         ENDDO         
  C:49E7H         LINE#         117
BL51 BANKED LINKER/LOCATER V6.22                                                      06/02/2021  20:52:43  PAGE 53


  C:49E7H         LINE#         118
  C:49E7H         LINE#         120
  C:49F1H         LINE#         121
  C:4A06H         LINE#         122
  -------         ENDPROC       _DELAY1MS
  -------         PROC          INITIALSOUND
  C:4AFBH         LINE#         125
  C:4AFBH         LINE#         126
  C:4AFBH         LINE#         127
  C:4AFDH         LINE#         128
  C:4B03H         LINE#         129
  C:4B07H         LINE#         130
  C:4B09H         LINE#         131
  C:4B0BH         LINE#         132
  C:4B0EH         LINE#         133
  C:4B10H         LINE#         134
  C:4B12H         LINE#         135
  C:4B14H         LINE#         136
  C:4B16H         LINE#         137
  C:4B18H         LINE#         138
  -------         ENDPROC       INITIALSOUND
  -------         PROC          BEEPTIMER0
  C:4B19H         LINE#         140
  C:4B1FH         LINE#         142
  C:4B21H         LINE#         143
  C:4B27H         LINE#         144
  C:4B2DH         LINE#         145
  -------         ENDPROC       BEEPTIMER0
  C:2B9FH         SYMBOL        L?0064
  -------         PROC          L?0063
  -------         ENDPROC       L?0063
  C:2B9FH         SYMBOL        L?0064
  -------         PROC          _PLAY
  X:007CH         SYMBOL        Sound
  X:007FH         SYMBOL        Signature
  X:0080H         SYMBOL        Octachord
  X:0082H         SYMBOL        Speed
  -------         DO            
  X:0084H         SYMBOL        NewFreTab
  X:009CH         SYMBOL        i
  D:0007H         SYMBOL        j
  X:009DH         SYMBOL        Point
  D:0002H         SYMBOL        LDiv
  X:009FH         SYMBOL        LDiv0
  X:00A1H         SYMBOL        LDiv1
  X:00A3H         SYMBOL        LDiv2
  X:00A5H         SYMBOL        LDiv4
  D:0002H         SYMBOL        CurrentFre
  D:0004H         SYMBOL        Temp_T
  X:00A7H         SYMBOL        SoundLength
  X:00A9H         SYMBOL        Tone
  X:00AAH         SYMBOL        Length
  X:00ABH         SYMBOL        SL
  D:0007H         SYMBOL        SH
  D:0005H         SYMBOL        SM
  X:00ACH         SYMBOL        SLen
  X:00ADH         SYMBOL        XG
BL51 BANKED LINKER/LOCATER V6.22                                                      06/02/2021  20:52:43  PAGE 54


  X:00AEH         SYMBOL        FD
  -------         ENDDO         
  C:2BB2H         LINE#         147
  C:2BC0H         LINE#         148
  C:2BC0H         LINE#         153
  C:2BD2H         LINE#         154
  C:2BD2H         LINE#         155
  C:2BDAH         LINE#         156
  C:2BDFH         LINE#         157
  C:2BDFH         LINE#         158
  C:2BE2H         LINE#         159
  C:2BF7H         LINE#         160
  C:2BF9H         LINE#         162
  C:2C20H         LINE#         164
  C:2C2DH         LINE#         165
  C:2C4FH         LINE#         166
  C:2C55H         LINE#         167
  C:2C7FH         LINE#         168
  C:2C88H         LINE#         170
  C:2C8FH         LINE#         171
  C:2CAAH         LINE#         172
  C:2CAAH         LINE#         173
  C:2CB8H         LINE#         174
  C:2CBAH         LINE#         176
  C:2CC1H         LINE#         177
  C:2CDEH         LINE#         178
  C:2CEFH         LINE#         180
  C:2D06H         LINE#         181
  C:2D1FH         LINE#         182
  C:2D47H         LINE#         183
  C:2D49H         LINE#         184
  C:2D4BH         LINE#         185
  C:2D63H         LINE#         186
  C:2D63H         LINE#         187
  C:2D72H         LINE#         188
  C:2D7DH         LINE#         189
  C:2D86H         LINE#         190
  C:2DA0H         LINE#         191
  C:2DA3H         LINE#         192
  C:2DA3H         LINE#         193
  C:2DB6H         LINE#         194
  C:2DC9H         LINE#         195
  C:2DE6H         LINE#         196
  C:2DEBH         LINE#         197
  C:2DF2H         LINE#         198
  C:2DF4H         LINE#         199
  C:2DF8H         LINE#         200
  C:2DF8H         LINE#         201
  C:2E0CH         LINE#         202
  C:2E19H         LINE#         203
  C:2E25H         LINE#         204
  C:2E38H         LINE#         205
  C:2E3FH         LINE#         206
  C:2E4AH         LINE#         207
  C:2E53H         LINE#         208
  C:2E56H         LINE#         209
  C:2E5FH         LINE#         210
BL51 BANKED LINKER/LOCATER V6.22                                                      06/02/2021  20:52:43  PAGE 55


  C:2E72H         LINE#         212
  C:2E8CH         LINE#         214
  C:2E9CH         LINE#         216
  C:2EA4H         LINE#         217
  C:2EB1H         LINE#         218
  C:2EC4H         LINE#         219
  C:2EC7H         LINE#         220
  C:2EC7H         LINE#         221
  C:2EC9H         LINE#         222
  C:2EDBH         LINE#         223
  C:2EDBH         LINE#         224
  C:2EDEH         LINE#         225
  C:2EE4H         LINE#         226
  C:2EEAH         LINE#         227
  C:2EECH         LINE#         228
  C:2EF4H         LINE#         229
  C:2EF4H         LINE#         230
  C:2EFFH         LINE#         231
  C:2EFFH         LINE#         232
  C:2F03H         LINE#         233
  C:2F11H         LINE#         234
  C:2F11H         LINE#         235
  C:2F14H         LINE#         236
  C:2F1AH         LINE#         237
  C:2F20H         LINE#         238
  C:2F22H         LINE#         239
  C:2F2AH         LINE#         240
  C:2F2AH         LINE#         241
  C:2F38H         LINE#         242
  C:2F56H         LINE#         243
  C:2F62H         LINE#         244
  C:2F65H         LINE#         245
  C:2F67H         LINE#         246
  -------         ENDPROC       _PLAY
  -------         PROC          PLAY_MUSIC1
  C:4BC8H         LINE#         247
  C:4BC8H         LINE#         248
  C:4BC8H         LINE#         249
  C:4BCBH         LINE#         250
  C:4BD2H         LINE#         251
  -------         ENDPROC       PLAY_MUSIC1
  -------         PROC          PLAY_MUSIC2
  C:4BD9H         LINE#         253
  C:4BD9H         LINE#         254
  C:4BD9H         LINE#         255
  C:4BDCH         LINE#         256
  C:4BE3H         LINE#         257
  -------         ENDPROC       PLAY_MUSIC2
  -------         PROC          PLAY_MUSIC3
  C:4B91H         LINE#         259
  C:4B91H         LINE#         260
  C:4B91H         LINE#         261
  C:4B94H         LINE#         262
  C:4B9DH         LINE#         263
  -------         ENDPROC       PLAY_MUSIC3
  -------         PROC          PLAY_MUSIC4
  C:4BA4H         LINE#         266
BL51 BANKED LINKER/LOCATER V6.22                                                      06/02/2021  20:52:43  PAGE 56


  C:4BA4H         LINE#         267
  C:4BA4H         LINE#         268
  C:4BA7H         LINE#         269
  C:4BB0H         LINE#         270
  -------         ENDPROC       PLAY_MUSIC4
  -------         ENDMOD        PLAYMUSIC

  -------         MODULE        ?C?COPY
  C:3038H         PUBLIC        ?C?COPY
  -------         ENDMOD        ?C?COPY

  -------         MODULE        ?C?CLDPTR
  C:305EH         PUBLIC        ?C?CLDPTR
  -------         ENDMOD        ?C?CLDPTR

  -------         MODULE        ?C?CLDOPTR
  C:3077H         PUBLIC        ?C?CLDOPTR
  -------         ENDMOD        ?C?CLDOPTR

  -------         MODULE        ?C?CSTOPTR
  C:30A4H         PUBLIC        ?C?CSTOPTR
  -------         ENDMOD        ?C?CSTOPTR

  -------         MODULE        ?C?IMUL
  C:30C6H         PUBLIC        ?C?IMUL
  -------         ENDMOD        ?C?IMUL

  -------         MODULE        ?C?UIDIV
  C:30D8H         PUBLIC        ?C?UIDIV
  -------         ENDMOD        ?C?UIDIV

  -------         MODULE        ?C?ILDIX
  C:312DH         PUBLIC        ?C?ILDIX
  -------         ENDMOD        ?C?ILDIX

  -------         MODULE        ?C?LMUL
  C:3143H         PUBLIC        ?C?LMUL
  -------         ENDMOD        ?C?LMUL

  -------         MODULE        ?C?SLDIV
  C:458DH         PUBLIC        ?C?SLDIV
  -------         ENDMOD        ?C?SLDIV

  -------         MODULE        ?C?ULSHR
  C:3192H         PUBLIC        ?C?ULSHR
  -------         ENDMOD        ?C?ULSHR

  -------         MODULE        ?C?LSTXDATA
  C:31A5H         PUBLIC        ?C?LSTXDATA
  -------         ENDMOD        ?C?LSTXDATA

  -------         MODULE        ?C?LSTKXDATA
  C:31B1H         PUBLIC        ?C?LSTKXDATA
  -------         ENDMOD        ?C?LSTKXDATA

  -------         MODULE        STRLEN
  C:000EH         PUBLIC        _STRLEN
BL51 BANKED LINKER/LOCATER V6.22                                                      06/02/2021  20:52:43  PAGE 57


  -------         ENDMOD        STRLEN

  -------         MODULE        ?C?ULDIV
  C:321EH         PUBLIC        ?C?ULDIV
  -------         ENDMOD        ?C?ULDIV

*** WARNING L16: UNCALLED SEGMENT, IGNORED FOR OVERLAY PROCESS
    SEGMENT: ?PR?_FILL_PICTURE?OLED

*** WARNING L16: UNCALLED SEGMENT, IGNORED FOR OVERLAY PROCESS
    SEGMENT: ?PR?_DELAY_50MS?OLED

*** WARNING L16: UNCALLED SEGMENT, IGNORED FOR OVERLAY PROCESS
    SEGMENT: ?PR?_DELAY_1MS?OLED

*** WARNING L16: UNCALLED SEGMENT, IGNORED FOR OVERLAY PROCESS
    SEGMENT: ?PR?OLED_DISPLAY_ON?OLED

*** WARNING L16: UNCALLED SEGMENT, IGNORED FOR OVERLAY PROCESS
    SEGMENT: ?PR?OLED_DISPLAY_OFF?OLED

*** WARNING L16: UNCALLED SEGMENT, IGNORED FOR OVERLAY PROCESS
    SEGMENT: ?PR?_OLED_CLEAR_CHAR?OLED

*** WARNING L16: UNCALLED SEGMENT, IGNORED FOR OVERLAY PROCESS
    SEGMENT: ?PR?OLED_ON?OLED

*** WARNING L16: UNCALLED SEGMENT, IGNORED FOR OVERLAY PROCESS
    SEGMENT: ?PR?_OLED_SHOWNUM?OLED

*** WARNING L16: UNCALLED SEGMENT, IGNORED FOR OVERLAY PROCESS
    SEGMENT: ?PR?_OLED_SHOWCHINESE?OLED

*** WARNING L16: UNCALLED SEGMENT, IGNORED FOR OVERLAY PROCESS
    SEGMENT: ?PR?_SEND_BYTES?UART

*** WARNING L16: UNCALLED SEGMENT, IGNORED FOR OVERLAY PROCESS
    SEGMENT: ?PR?_SEND?UART

*** WARNING L16: UNCALLED SEGMENT, IGNORED FOR OVERLAY PROCESS
    SEGMENT: ?PR?RECEIVE?UART

*** WARNING L15: MULTIPLE CALL TO SEGMENT
    SEGMENT: ?PR?OLED_CLEAR?OLED
    CALLER1: ?PR?RECV_FROM_SLAVE?PMPDATAR
    CALLER2: ?C_C51STARTUP

Program Size: data=62.0 xdata=251 code=19578
LINK/LOCATE RUN COMPLETE.  13 WARNING(S),  0 ERROR(S)
