C51 COMPILER V9.01   STEPPERMOTORCONTROL                                                   06/02/2021 20:52:43 PAGE 1   


C51 COMPILER V9.01, COMPILATION OF MODULE STEPPERMOTORCONTROL
OBJECT MODULE PLACED IN StepperMotorControl.obj
COMPILER INVOKED BY: D:\keil4\C51\BIN\C51.EXE SRC\StepperMotorControl.c LARGE BROWSE INCDIR(.\SRC) DEBUG OBJECTEXTEND PR
                    -INT(.\StepperMotorControl.lst) OBJECT(StepperMotorControl.obj)

line level    source

   1          #include<reg52.h>
   2          #include"StepperMotorControl.h"
   3          #include "sbit.h"
   4          
   5          //------------------------------------------------------------------------------------------------------
   6          //名称：变量延时函数
   7          //作用：通过改变var的值，改变延时时间
   8          //------------------------------------------------------------------------------------------------------
   9          void delay_var(u16 var)
  10          {
  11   1          u16 i,j;
  12   1               for(i=0;i<var;i++)
  13   1             for(j=0;j<110;j++);
  14   1      }
  15          
  16          //------------------------------------------------------------------------------------------------------
  17          //名称：步进电机停止
  18          //作用：停止
  19          //------------------------------------------------------------------------------------------------------
  20          void MotorStop(void)
  21          {
  22   1          Motor_A=0;
  23   1              Motor_B=0;
  24   1              Motor_C=0;
  25   1              Motor_D=0;
  26   1      }
  27          //------------------------------------------------------------------------------------------------------
  28          //名称：步进电机驱动函数
  29          //作用：通过变量var控制电动机的转速高低，通过变量state判断电动机的正反转
  30          //------------------------------------------------------------------------------------------------------
  31          void MotorAccOrDec(u16 var,u8 state)
  32          {
  33   1              if(!state)
  34   1              {
  35   2           Motor_A=0;
  36   2               Motor_B=0;
  37   2               Motor_C=0;
  38   2               Motor_D=1;
  39   2               delay_var(var);
  40   2               Motor_A=0;
  41   2               Motor_B=0;
  42   2               Motor_C=1;
  43   2               Motor_D=1;
  44   2               delay_var(var);
  45   2               Motor_A=0;
  46   2               Motor_B=0;
  47   2               Motor_C=1;
  48   2               Motor_D=0;
  49   2               delay_var(var);
  50   2               Motor_A=0;
  51   2               Motor_B=1;
  52   2               Motor_C=1;
  53   2               Motor_D=0;
  54   2               delay_var(var);
C51 COMPILER V9.01   STEPPERMOTORCONTROL                                                   06/02/2021 20:52:43 PAGE 2   

  55   2               Motor_A=0;
  56   2               Motor_B=1;
  57   2               Motor_C=0;
  58   2               Motor_D=0;
  59   2               delay_var(var);
  60   2               Motor_A=1;
  61   2               Motor_B=1;
  62   2               Motor_C=0;
  63   2               Motor_D=0;
  64   2               delay_var(var);
  65   2               Motor_A=1;
  66   2               Motor_B=0;
  67   2               Motor_C=0;
  68   2               Motor_D=0;
  69   2               delay_var(var);
  70   2               Motor_A=1;
  71   2               Motor_B=0;
  72   2               Motor_C=0;
  73   2               Motor_D=1;
  74   2               delay_var(var);
  75   2              }
  76   1              else
  77   1              {        
  78   2                       Motor_A=1;
  79   2                       Motor_B=0;
  80   2                       Motor_C=0;
  81   2                       Motor_D=1;
  82   2                       delay_var(var); 
  83   2                   Motor_A=1;
  84   2                   Motor_B=1;
  85   2                   Motor_C=0;
  86   2                   Motor_D=0;
  87   2                   delay_var(var);
  88   2                       Motor_A=0;
  89   2                   Motor_B=1;
  90   2                   Motor_C=0;
  91   2                   Motor_D=0;
  92   2                   delay_var(var);
  93   2                        Motor_A=0;
  94   2                   Motor_B=1;
  95   2                   Motor_C=1;
  96   2                   Motor_D=0;
  97   2                   delay_var(var);
  98   2                        Motor_A=0;
  99   2                   Motor_B=0;
 100   2                   Motor_C=1;
 101   2                   Motor_D=0;
 102   2                   delay_var(var);
 103   2                        Motor_A=0;
 104   2                   Motor_B=0;
 105   2                   Motor_C=1;
 106   2                   Motor_D=1;
 107   2                   delay_var(var);
 108   2                        Motor_A=0;
 109   2                   Motor_B=0;
 110   2                   Motor_C=0;
 111   2                   Motor_D=1;
 112   2                   delay_var(var);
 113   2              }
 114   1      }
 115          

C51 COMPILER V9.01   STEPPERMOTORCONTROL                                                   06/02/2021 20:52:43 PAGE 3   


MODULE INFORMATION:   STATIC OVERLAYABLE
   CODE SIZE        =    188    ----
   CONSTANT SIZE    =   ----    ----
   XDATA SIZE       =   ----    ----
   PDATA SIZE       =   ----    ----
   DATA SIZE        =   ----    ----
   IDATA SIZE       =   ----    ----
   BIT SIZE         =   ----    ----
END OF MODULE INFORMATION.


C51 COMPILATION COMPLETE.  0 WARNING(S),  0 ERROR(S)
