BL51 BANKED LINKER/LOCATER V6.22                                                        06/02/2021  22:42:39  PAGE 1


BL51 BANKED LINKER/LOCATER V6.22, INVOKED BY:
D:\KEIL4\C51\BIN\BL51.EXE PMPDataT.obj, ctrl.obj, ds1302.obj, EEPROM.obj, lcd.obj, temp.obj, uart.obj, timer.obj, rc522.
>> obj TO PMPDataT RAMSIZE (256)


MEMORY MODEL: LARGE WITH FLOATING POINT ARITHMETIC


INPUT MODULES INCLUDED:
  PMPDataT.obj (PMPDATAT)
  ctrl.obj (CTRL)
  ds1302.obj (DS1302)
  EEPROM.obj (EEPROM)
  lcd.obj (LCD)
  temp.obj (TEMP)
  uart.obj (UART)
  timer.obj (TIMER)
  rc522.obj (RC522)
  D:\KEIL4\C51\LIB\C51FPL.LIB (?C?FPADD)
  D:\KEIL4\C51\LIB\C51FPL.LIB (?C?FPMUL)
  D:\KEIL4\C51\LIB\C51FPL.LIB (?C?FCAST)
  D:\KEIL4\C51\LIB\C51FPL.LIB (?C?CASTF)
  D:\KEIL4\C51\LIB\C51FPL.LIB (?C?FPGETOPN)
  D:\KEIL4\C51\LIB\C51L.LIB (?C_STARTUP)
  D:\KEIL4\C51\LIB\C51L.LIB (?C?COPY)
  D:\KEIL4\C51\LIB\C51L.LIB (?C?CLDPTR)
  D:\KEIL4\C51\LIB\C51L.LIB (?C?CLDOPTR)
  D:\KEIL4\C51\LIB\C51L.LIB (?C?CSTPTR)
  D:\KEIL4\C51\LIB\C51L.LIB (?C?CSTOPTR)
  D:\KEIL4\C51\LIB\C51L.LIB (?C?UIDIV)
  D:\KEIL4\C51\LIB\C51L.LIB (?C?SIDIV)
  D:\KEIL4\C51\LIB\C51L.LIB (?C?IILDX)
  D:\KEIL4\C51\LIB\C51L.LIB (?C?ILDIX)
  D:\KEIL4\C51\LIB\C51L.LIB (?C?ISTPTR)
  D:\KEIL4\C51\LIB\C51L.LIB (?C?LNEG)
  D:\KEIL4\C51\LIB\C51L.LIB (?C?LSTXDATA)
  D:\KEIL4\C51\LIB\C51L.LIB (?C?LSTKXDATA)
  D:\KEIL4\C51\LIB\C51L.LIB (STRLEN)
  D:\KEIL4\C51\LIB\C51L.LIB (?C_INIT)


LINK MAP OF MODULE:  PMPDataT (PMPDATAT)


            TYPE    BASE      LENGTH    RELOCATION   SEGMENT NAME
            -----------------------------------------------------

            * * * * * * *   D A T A   M E M O R Y   * * * * * * *
            REG     0000H     0008H     ABSOLUTE     "REG BANK 0"
                    0008H     0018H                  *** GAP ***
            BIT     0020H.0   0001H.2   UNIT         ?BI?CTRL
            BIT     0021H.2   0000H.7   UNIT         ?BI?PMPDATAT
            BIT     0022H.1   0000H.2   UNIT         _BIT_GROUP_
                    0022H.3   0000H.5                *** GAP ***
            DATA    0023H     0032H     UNIT         ?DT?UART
            IDATA   0055H     0001H     UNIT         ?STACK

            * * * * * * *  X D A T A   M E M O R Y  * * * * * * *
BL51 BANKED LINKER/LOCATER V6.22                                                      06/02/2021  22:42:39  PAGE 2


            XDATA   0000H     00A9H     UNIT         ?XD?CTRL
            XDATA   00A9H     005AH     UNIT         ?XD?PMPDATAT
            XDATA   0103H     002CH     UNIT         _XDATA_GROUP_
            XDATA   012FH     001CH     UNIT         ?XD?_PCDAUTHSTATE?RC522
            XDATA   014BH     0018H     UNIT         ?XD?_PCDREAD?RC522
            XDATA   0163H     0017H     UNIT         ?XD?_PCDSELECT?RC522
            XDATA   017AH     0017H     UNIT         ?XD?_PCDWRITE?RC522
            XDATA   0191H     0015H     UNIT         ?XD?PCDHALT?RC522
            XDATA   01A6H     0007H     UNIT         ?XD?DS1302
            XDATA   01ADH     0007H     UNIT         ?XD?_DISPLAY_RFID?LCD
            XDATA   01B4H     0007H     UNIT         ?XD?_CALULATECRC?RC522
            XDATA   01BBH     0006H     UNIT         ?XD?TIMER
            XDATA   01C1H     0004H     UNIT         ?XD?UART
            XDATA   01C5H     0003H     UNIT         ?XD?_SEND_BYTES?UART
            XDATA   01C8H     0001H     UNIT         ?XD?_DISPLAY_CLEAR_LINE?LCD

            * * * * * * *   C O D E   M E M O R Y   * * * * * * *
            CODE    0000H     0003H     ABSOLUTE     
            CODE    0003H     0020H     UNIT         ?PR?_SPIWRITEBYTE?RC522
            CODE    0023H     0003H     ABSOLUTE     
            CODE    0026H     0841H     UNIT         ?PR?CTRL_PROCESS?CTRL
            CODE    0867H     083CH     UNIT         ?PR?KEYPROS?PMPDATAT
            CODE    10A3H     054EH     UNIT         ?C?LIB_CODE
            CODE    15F1H     03BBH     UNIT         ?PR?DISPLAY?PMPDATAT
            CODE    19ACH     0211H     UNIT         ?PR?_PCDCOMMF522?RC522
            CODE    1BBDH     01B6H     UNIT         ?C_INITSEG
            CODE    1D73H     014CH     UNIT         ?CO?CTRL
            CODE    1EBFH     00F1H     UNIT         ?PR?KEYDOWN?PMPDATAT
            CODE    1FB0H     00C4H     UNIT         ?PR?RC522_KEYDOWN?CTRL
            CODE    2074H     00BDH     UNIT         ?PR?_PCDANTICOLL?RC522
            CODE    2131H     00BBH     UNIT         ?PR?DATAHANDLE?PMPDATAT
            CODE    21ECH     00B3H     UNIT         ?PR?IC_READ?CTRL
            CODE    229FH     00B0H     UNIT         ?PR?_PCDSELECT?RC522
            CODE    234FH     0096H     UNIT         ?PR?_PCDWRITE?RC522
            CODE    23E5H     0091H     UNIT         ?PR?_PCDREAD?RC522
            CODE    2476H     008CH     UNIT         ?C_C51STARTUP
            CODE    2502H     0088H     UNIT         ?PR?_PCDREQUEST?RC522
            CODE    258AH     0084H     UNIT         ?PR?_CALULATECRC?RC522
            CODE    260EH     0082H     UNIT         ?PR?_TEMPPROS?PMPDATAT
            CODE    2690H     0076H     UNIT         ?PR?RC522_CARD_COMPARE?CTRL
            CODE    2706H     0072H     UNIT         ?PR?_EEPROM_WRITE?EEPROM
            CODE    2778H     0070H     UNIT         ?PR?DS18B20READTEMP?TEMP
            CODE    27E8H     0069H     UNIT         ?PR?_PCDAUTHSTATE?RC522
            CODE    2851H     0062H     UNIT         ?PR?_EEPROM_READ?EEPROM
            CODE    28B3H     0055H     UNIT         ?PR?RECV_FROM_HOST?PMPDATAT
            CODE    2908H     0052H     UNIT         ?PR?PCDHALT?RC522
            CODE    295AH     004CH     UNIT         ?PR?_DS1302READ?DS1302
            CODE    29A6H     0043H     UNIT         ?CO?PMPDATAT
            CODE    29E9H     0039H     UNIT         ?PR?MAIN?PMPDATAT
            CODE    2A22H     0037H     UNIT         ?PR?_DS1302WRITE?DS1302
            CODE    2A59H     0037H     UNIT         ?PR?_DISPLAY_RFID?LCD
            CODE    2A90H     0033H     UNIT         ?PR?EEPROM_INIT?PMPDATAT
            CODE    2AC3H     0032H     UNIT         ?PR?PCDRESET?RC522
            CODE    2AF5H     002FH     UNIT         ?PR?_WRITERAWRC?RC522
            CODE    2B24H     002FH     UNIT         ?PR?_M500PCDCONFIGISOTYPE?RC522
            CODE    2B53H     002BH     UNIT         ?PR?LCD_INIT?LCD
            CODE    2B7EH     002BH     UNIT         ?PR?DS18B20INIT?TEMP
BL51 BANKED LINKER/LOCATER V6.22                                                      06/02/2021  22:42:39  PAGE 3


            CODE    2BA9H     002BH     UNIT         ?PR?_SEND_BYTES?UART
            CODE    2BD4H     002AH     UNIT         ?PR?DS1302INIT?DS1302
            CODE    2BFEH     002AH     UNIT         ?PR?_LCD_DISP_STRING?LCD
            CODE    2C28H     0026H     UNIT         ?PR?_DS18B20WRITEBYTE?TEMP
            CODE    2C4EH     0025H     UNIT         ?PR?_LCD_DELAY_10US?LCD
            CODE    2C73H     0024H     UNIT         ?PR?_BYTE_READ?EEPROM
            CODE    2C97H     0023H     UNIT         ?PR?_LCD_SET_XY?LCD
            CODE    2CBAH     0022H     UNIT         ?PR?_DELAY_MS_MAIN?PMPDATAT
            CODE    2CDCH     0022H     UNIT         ?PR?_BYTE_PROGRAM?EEPROM
            CODE    2CFEH     0021H     UNIT         ?PR?UART_INIT?UART
            CODE    2D1FH     001FH     UNIT         ?PR?_LED_BLINK_TIMES?PMPDATAT
            CODE    2D3EH     001FH     UNIT         ?PR?_SETBITMASK?RC522
            CODE    2D5DH     001EH     UNIT         ?PR?LED_BLINK_2?CTRL
            CODE    2D7BH     001EH     UNIT         ?PR?_SECTOR_ERASE?EEPROM
            CODE    2D99H     001EH     UNIT         ?PR?_DELAYMS?EEPROM
            CODE    2DB7H     001EH     UNIT         ?PR?_LCD_DELAY_50US?LCD
            CODE    2DD5H     001EH     UNIT         ?PR?_DELAY1MS?TEMP
            CODE    2DF3H     001EH     UNIT         ?PR?DS18B20READBYTE?TEMP
            CODE    2E11H     001EH     UNIT         ?PR?_DELAY_MS?TIMER
            CODE    2E2FH     001DH     UNIT         ?PR?DS1302READTIME?DS1302
            CODE    2E4CH     001CH     UNIT         ?PR?_DISPLAY_CLEAR_LINE?LCD
            CODE    2E68H     001AH     UNIT         ?PR?_LCD_WRITE_COMMAND?LCD
            CODE    2E82H     001AH     UNIT         ?PR?_LCD_WRITE_DATA?LCD
            CODE    2E9CH     0017H     UNIT         ?PR?SPIREADBYTE?RC522
            CODE    2EB3H     0017H     UNIT         ?PR?_CLEARBITMASK?RC522
            CODE    2ECAH     0016H     UNIT         ?PR?INIT_TIMER?TIMER
            CODE    2EE0H     0015H     UNIT         ?PR?_DELAY_NS?RC522
            CODE    2EF5H     0015H     UNIT         ?PR?_READRAWRC?RC522
            CODE    2F0AH     0015H     UNIT         ?PR?_STRLEN?STRLEN
            CODE    2F1FH     0013H     UNIT         ?PR?_LCD_DISP_CHAR?LCD
            CODE    2F32H     0012H     UNIT         ?PR?PCDANTENNAON?RC522
            CODE    2F44H     0010H     UNIT         ?PR?LCD_CHECK_BUSY?LCD
            CODE    2F54H     000FH     UNIT         ?PR?_DELAY?PMPDATAT
            CODE    2F63H     000FH     UNIT         ?PR?DS18B20CHANGTEMP?TEMP
            CODE    2F72H     000EH     UNIT         ?PR?UART_OVER?CTRL
            CODE    2F80H     000EH     UNIT         ?CO?DS1302
            CODE    2F8EH     000EH     UNIT         ?PR?_SEND_BYTE?UART
            CODE    2F9CH     000EH     UNIT         ?PR?INIT_RC522?RC522
            CODE    2FAAH     000CH     UNIT         ?PR?LED_BLINK_1?CTRL
            CODE    2FB6H     000CH     UNIT         ?PR?IAP_DISABLE?EEPROM
            CODE    2FC2H     000BH     UNIT         ?PR?_DELAY_MAIN?PMPDATAT
            CODE    2FCDH     000BH     UNIT         ?PR?_DELAY_DS18B20?TEMP
            CODE    2FD8H     000AH     UNIT         ?PR?PASS?CTRL
            CODE    2FE2H     0008H     UNIT         ?PR?DS18B20READTEMPCOM?TEMP
            CODE    2FEAH     0007H     UNIT         ?PR?PCDANTENNAOFF?RC522
            CODE    2FF1H     0003H     UNIT         ?PR?LED_LIGHT?CTRL
            CODE    2FF4H     0003H     UNIT         ?PR?LED_SHUT?CTRL
            CODE    2FF7H     0003H     UNIT         ?PR?WARN?CTRL



OVERLAY MAP OF MODULE:   PMPDataT (PMPDATAT)


SEGMENT                                    BIT_GROUP          XDATA_GROUP
  +--> CALLED SEGMENT                   START    LENGTH     START    LENGTH
---------------------------------------------------------------------------
BL51 BANKED LINKER/LOCATER V6.22                                                      06/02/2021  22:42:39  PAGE 4


?PR?RECV_FROM_HOST?PMPDATAT             -----    -----      -----    -----
  +--> ?PR?_LCD_WRITE_COMMAND?LCD
  +--> ?PR?_DELAY_MS_MAIN?PMPDATAT

?PR?_LCD_WRITE_COMMAND?LCD              -----    -----      0109H    0001H
  +--> ?PR?_LCD_DELAY_10US?LCD

*** NEW ROOT ***************************************************

?C_C51STARTUP                           -----    -----      -----    -----
  +--> ?PR?MAIN?PMPDATAT
  +--> ?C_INITSEG

?PR?MAIN?PMPDATAT                       -----    -----      -----    -----
  +--> ?PR?LCD_INIT?LCD
  +--> ?PR?UART_INIT?UART
  +--> ?PR?EEPROM_INIT?PMPDATAT
  +--> ?PR?INIT_RC522?RC522
  +--> ?PR?DS18B20INIT?TEMP
  +--> ?PR?DS18B20READTEMP?TEMP
  +--> ?PR?KEYDOWN?PMPDATAT
  +--> ?PR?RC522_KEYDOWN?CTRL
  +--> ?PR?CTRL_PROCESS?CTRL
  +--> ?PR?DATAHANDLE?PMPDATAT
  +--> ?PR?DISPLAY?PMPDATAT

?PR?LCD_INIT?LCD                        -----    -----      -----    -----
  +--> ?PR?_LCD_DELAY_10US?LCD
  +--> ?PR?_LCD_WRITE_COMMAND?LCD
  +--> ?PR?_LCD_DELAY_50US?LCD

?PR?EEPROM_INIT?PMPDATAT                -----    -----      -----    -----
  +--> ?PR?_EEPROM_READ?EEPROM

?PR?_EEPROM_READ?EEPROM                 -----    -----      0104H    0006H
  +--> ?PR?_BYTE_READ?EEPROM
  +--> ?PR?_DELAYMS?EEPROM

?PR?_BYTE_READ?EEPROM                   -----    -----      -----    -----
  +--> ?PR?IAP_DISABLE?EEPROM

?PR?INIT_RC522?RC522                    -----    -----      -----    -----
  +--> ?PR?PCDRESET?RC522
  +--> ?PR?PCDANTENNAOFF?RC522
  +--> ?PR?PCDANTENNAON?RC522
  +--> ?PR?_M500PCDCONFIGISOTYPE?RC522

?PR?PCDRESET?RC522                      -----    -----      -----    -----
  +--> ?PR?_DELAY_NS?RC522
  +--> ?PR?_WRITERAWRC?RC522

?PR?_WRITERAWRC?RC522                   -----    -----      -----    -----
  +--> ?PR?_SPIWRITEBYTE?RC522

?PR?PCDANTENNAOFF?RC522                 -----    -----      -----    -----
  +--> ?PR?_CLEARBITMASK?RC522

BL51 BANKED LINKER/LOCATER V6.22                                                      06/02/2021  22:42:39  PAGE 5


?PR?_CLEARBITMASK?RC522                 -----    -----      -----    -----
  +--> ?PR?_READRAWRC?RC522
  +--> ?PR?_WRITERAWRC?RC522

?PR?_READRAWRC?RC522                    -----    -----      -----    -----
  +--> ?PR?_SPIWRITEBYTE?RC522
  +--> ?PR?SPIREADBYTE?RC522

?PR?PCDANTENNAON?RC522                  -----    -----      -----    -----
  +--> ?PR?_READRAWRC?RC522
  +--> ?PR?_SETBITMASK?RC522

?PR?_SETBITMASK?RC522                   -----    -----      -----    -----
  +--> ?PR?_CLEARBITMASK?RC522
  +--> ?PR?_WRITERAWRC?RC522
  +--> ?PR?_READRAWRC?RC522

?PR?_M500PCDCONFIGISOTYPE?RC522         -----    -----      -----    -----
  +--> ?PR?_CLEARBITMASK?RC522
  +--> ?PR?_WRITERAWRC?RC522
  +--> ?PR?_DELAY_NS?RC522
  +--> ?PR?PCDANTENNAON?RC522

?PR?DS18B20INIT?TEMP                    -----    -----      -----    -----
  +--> ?PR?_DELAY_DS18B20?TEMP

?PR?DS18B20READTEMP?TEMP                -----    -----      0104H    0004H
  +--> ?PR?DS18B20INIT?TEMP
  +--> ?PR?_DS18B20WRITEBYTE?TEMP
  +--> ?PR?DS18B20READBYTE?TEMP

?PR?_DS18B20WRITEBYTE?TEMP              -----    -----      -----    -----
  +--> ?PR?DS18B20INIT?TEMP
  +--> ?PR?_DELAY1MS?TEMP
  +--> ?PR?_DELAY_DS18B20?TEMP

?PR?DS18B20READBYTE?TEMP                -----    -----      -----    -----
  +--> ?PR?_DELAY_DS18B20?TEMP

?PR?KEYDOWN?PMPDATAT                    -----    -----      0104H    0001H
  +--> ?PR?_DELAY?PMPDATAT
  +--> ?PR?_LED_BLINK_TIMES?PMPDATAT
  +--> ?PR?KEYPROS?PMPDATAT

?PR?_LED_BLINK_TIMES?PMPDATAT           -----    -----      -----    -----
  +--> ?PR?_DELAY?PMPDATAT

?PR?KEYPROS?PMPDATAT                    -----    -----      -----    -----
  +--> ?PR?_LCD_WRITE_COMMAND?LCD
  +--> ?PR?_DELAY?PMPDATAT
  +--> ?PR?DS1302INIT?DS1302
  +--> ?PR?_EEPROM_WRITE?EEPROM

?PR?DS1302INIT?DS1302                   -----    -----      -----    -----
  +--> ?PR?_DS1302WRITE?DS1302
  +--> ?CO?DS1302

BL51 BANKED LINKER/LOCATER V6.22                                                      06/02/2021  22:42:39  PAGE 6


?PR?_EEPROM_WRITE?EEPROM                -----    -----      0105H    0006H
  +--> ?PR?_SECTOR_ERASE?EEPROM
  +--> ?PR?_BYTE_PROGRAM?EEPROM
  +--> ?PR?_DELAYMS?EEPROM

?PR?_SECTOR_ERASE?EEPROM                -----    -----      -----    -----
  +--> ?PR?IAP_DISABLE?EEPROM

?PR?_BYTE_PROGRAM?EEPROM                -----    -----      -----    -----
  +--> ?PR?IAP_DISABLE?EEPROM

?PR?RC522_KEYDOWN?CTRL                  -----    -----      0104H    0001H
  +--> ?PR?_DELAY_MS?TIMER

?PR?CTRL_PROCESS?CTRL                   -----    -----      0104H    0001H
  +--> ?CO?CTRL
  +--> ?PR?_LCD_DISP_STRING?LCD
  +--> ?PR?_LCD_WRITE_COMMAND?LCD
  +--> ?PR?_DELAY_MS?TIMER
  +--> ?PR?IC_READ?CTRL
  +--> ?PR?PASS?CTRL
  +--> ?PR?RC522_CARD_COMPARE?CTRL
  +--> ?PR?_SEND_BYTE?UART
  +--> ?PR?_LCD_DISP_CHAR?LCD
  +--> ?PR?LED_SHUT?CTRL
  +--> ?PR?_STRLEN?STRLEN
  +--> ?PR?_EEPROM_WRITE?EEPROM
  +--> ?PR?WARN?CTRL

?PR?_LCD_DISP_STRING?LCD                -----    -----      0105H    0003H
  +--> ?PR?_LCD_SET_XY?LCD
  +--> ?PR?_LCD_DELAY_10US?LCD
  +--> ?PR?_LCD_WRITE_DATA?LCD

?PR?_LCD_SET_XY?LCD                     -----    -----      0108H    0001H
  +--> ?PR?_LCD_DELAY_10US?LCD
  +--> ?PR?_LCD_WRITE_COMMAND?LCD

?PR?_LCD_WRITE_DATA?LCD                 -----    -----      0108H    0001H
  +--> ?PR?_LCD_DELAY_10US?LCD

?PR?IC_READ?CTRL                        -----    -----      -----    -----
  +--> ?PR?_PCDREQUEST?RC522
  +--> ?PR?_PCDANTICOLL?RC522

?PR?_PCDREQUEST?RC522                   -----    -----      0105H    0018H
  +--> ?PR?_CLEARBITMASK?RC522
  +--> ?PR?_WRITERAWRC?RC522
  +--> ?PR?_SETBITMASK?RC522
  +--> ?PR?_PCDCOMMF522?RC522

?PR?_PCDCOMMF522?RC522                  -----    -----      011EH    0011H
  +--> ?PR?_WRITERAWRC?RC522
  +--> ?PR?_SETBITMASK?RC522
  +--> ?PR?_READRAWRC?RC522
  +--> ?PR?_CLEARBITMASK?RC522

BL51 BANKED LINKER/LOCATER V6.22                                                      06/02/2021  22:42:39  PAGE 7


?PR?_PCDANTICOLL?RC522                  -----    -----      0105H    0019H
  +--> ?PR?_CLEARBITMASK?RC522
  +--> ?PR?_WRITERAWRC?RC522
  +--> ?PR?_PCDCOMMF522?RC522
  +--> ?PR?_SETBITMASK?RC522

?PR?PASS?CTRL                           -----    -----      -----    -----
  +--> ?PR?_DELAY_MS?TIMER
  +--> ?PR?LED_BLINK_1?CTRL

?PR?LED_BLINK_1?CTRL                    -----    -----      -----    -----
  +--> ?PR?_DELAY_MS?TIMER

?PR?RC522_CARD_COMPARE?CTRL             0022H.1  0000H.2    -----    -----
  +--> ?PR?_STRLEN?STRLEN

?PR?_LCD_DISP_CHAR?LCD                  -----    -----      0105H    0001H
  +--> ?PR?_LCD_SET_XY?LCD
  +--> ?PR?_LCD_DELAY_10US?LCD
  +--> ?PR?_LCD_WRITE_DATA?LCD

?PR?WARN?CTRL                           -----    -----      -----    -----
  +--> ?PR?LED_BLINK_2?CTRL

?PR?LED_BLINK_2?CTRL                    -----    -----      -----    -----
  +--> ?PR?_DELAY_MS?TIMER

?PR?DATAHANDLE?PMPDATAT                 -----    -----      -----    -----
  +--> ?PR?DS1302READTIME?DS1302

?PR?DS1302READTIME?DS1302               -----    -----      -----    -----
  +--> ?CO?DS1302
  +--> ?PR?_DS1302READ?DS1302

?PR?DISPLAY?PMPDATAT                    -----    -----      -----    -----
  +--> ?CO?PMPDATAT
  +--> ?PR?_LCD_DISP_STRING?LCD
  +--> ?PR?_LCD_WRITE_COMMAND?LCD
  +--> ?PR?_DELAY_MS_MAIN?PMPDATAT
  +--> ?PR?_SEND_BYTE?UART
  +--> ?PR?_LCD_DISP_CHAR?LCD
  +--> ?PR?DS18B20READTEMP?TEMP
  +--> ?PR?_TEMPPROS?PMPDATAT
  +--> ?PR?_DELAY1MS?TEMP



SYMBOL TABLE OF MODULE:  PMPDataT (PMPDATAT)

  VALUE           TYPE          NAME
  ----------------------------------

  -------         MODULE        PMPDATAT
  C:0000H         SYMBOL        _ICE_DUMMY_
  B:0021H.2       PUBLIC        clock1_on
  C:260EH         PUBLIC        _temppros
  X:00A9H         PUBLIC        timeset
BL51 BANKED LINKER/LOCATER V6.22                                                      06/02/2021  22:42:39  PAGE 8


  D:0080H         PUBLIC        P0
  D:0090H         PUBLIC        P1
  D:00B0H         PUBLIC        P3
  B:00A8H.7       PUBLIC        EA
  B:0021H.3       PUBLIC        flag_clock
  D:00A8H         PUBLIC        IE
  C:0867H         PUBLIC        keypros
  C:2F58H         PUBLIC        _delay
  B:00A8H.4       PUBLIC        ES
  D:00B8H         PUBLIC        IP
  C:2FC2H         PUBLIC        _delay_main
  B:0021H.4       PUBLIC        flag_fail
  B:0098H.0       PUBLIC        RI
  X:00B0H         PUBLIC        timeset_buf
  B:0080H.0       PUBLIC        SETTIME_MODE
  C:29E9H         PUBLIC        main
  B:0021H.5       PUBLIC        status
  X:00BDH         PUBLIC        KeyValue
  C:2D1FH         PUBLIC        _led_blink_times
  D:0099H         PUBLIC        SBUF
  X:00BEH         PUBLIC        dater_buf
  D:0098H         PUBLIC        SCON
  D:0088H         PUBLIC        TCON
  B:0080H.2       PUBLIC        RC522_MODE
  B:0080H.3       PUBLIC        CLOCK_SET
  X:00C9H         PUBLIC        clock1
  X:00D0H         PUBLIC        timer_buf
  C:1EBFH         PUBLIC        KeyDown
  X:00D9H         PUBLIC        tempdata
  B:0090H.0       PUBLIC        LED
  B:0080H.1       PUBLIC        TEMPER_MODE
  C:2CBEH         PUBLIC        _delay_ms_main
  X:00E3H         PUBLIC        a
  C:2A90H         PUBLIC        EEPROM_init
  X:00E9H         PUBLIC        b
  D:00C8H         PUBLIC        T2CON
  B:0021H.6       PUBLIC        flag_tempdisp
  X:00F6H         PUBLIC        i
  X:00F7H         PUBLIC        j
  C:28B3H         PUBLIC        recv_from_host
  X:00F9H         PUBLIC        k
  C:2131H         PUBLIC        Datahandle
  X:00FAH         PUBLIC        m
  X:00FBH         PUBLIC        n
  X:00FCH         PUBLIC        dateset
  C:15F1H         PUBLIC        display
  D:00D0H         PUBLIC        PSW
  B:0021H.7       PUBLIC        ds18b20_init_success
  B:0022H.0       PUBLIC        flag_settime
  -------         PROC          _DELAY_MAIN
  D:0006H         SYMBOL        i
  C:2FC2H         LINE#         42
  C:2FC2H         LINE#         43
  C:2FC2H         LINE#         44
  C:2FCCH         LINE#         45
  -------         ENDPROC       _DELAY_MAIN
  C:2F54H         SYMBOL        L?0189
BL51 BANKED LINKER/LOCATER V6.22                                                      06/02/2021  22:42:39  PAGE 9


  -------         PROC          L?0188
  -------         ENDPROC       L?0188
  C:2F54H         SYMBOL        L?0189
  -------         PROC          _DELAY
  D:0006H         SYMBOL        i
  C:2F58H         LINE#         47
  C:2F58H         LINE#         48
  C:2F58H         LINE#         49
  C:2F62H         LINE#         50
  -------         ENDPROC       _DELAY
  C:2CBAH         SYMBOL        L?0191
  -------         PROC          L?0190
  -------         ENDPROC       L?0190
  C:2CBAH         SYMBOL        L?0191
  -------         PROC          _DELAY_MS_MAIN
  D:0006H         SYMBOL        t
  -------         DO            
  D:0004H         SYMBOL        i
  -------         ENDDO         
  C:2CBEH         LINE#         51
  C:2CBEH         LINE#         52
  C:2CBEH         LINE#         54
  C:2CC8H         LINE#         55
  C:2CC8H         LINE#         57
  C:2CDBH         LINE#         58
  C:2CDBH         LINE#         59
  -------         ENDPROC       _DELAY_MS_MAIN
  -------         PROC          _LED_BLINK_TIMES
  D:0005H         SYMBOL        j
  -------         DO            
  D:0003H         SYMBOL        i
  -------         ENDDO         
  C:2D1FH         LINE#         61
  C:2D21H         LINE#         62
  C:2D21H         LINE#         63
  C:2D23H         LINE#         64
  C:2D28H         LINE#         65
  C:2D28H         LINE#         66
  C:2D2AH         LINE#         67
  C:2D31H         LINE#         68
  C:2D33H         LINE#         69
  C:2D3AH         LINE#         70
  C:2D3DH         LINE#         71
  -------         ENDPROC       _LED_BLINK_TIMES
  -------         PROC          DATAHANDLE
  C:2131H         LINE#         73
  C:2131H         LINE#         74
  C:2131H         LINE#         75
  C:2134H         LINE#         76
  C:2142H         LINE#         77
  C:2149H         LINE#         78
  C:2157H         LINE#         79
  C:215EH         LINE#         80
  C:216CH         LINE#         81
  C:2173H         LINE#         82
  C:2181H         LINE#         83
  C:2188H         LINE#         84
BL51 BANKED LINKER/LOCATER V6.22                                                      06/02/2021  22:42:39  PAGE 10


  C:2196H         LINE#         85
  C:219DH         LINE#         86
  C:21ABH         LINE#         87
  C:21B2H         LINE#         88
  C:21E9H         LINE#         89
  C:21E9H         LINE#         90
  C:21EBH         LINE#         91
  C:21EBH         LINE#         92
  -------         ENDPROC       DATAHANDLE
  -------         PROC          _TEMPPROS
  D:0002H         SYMBOL        temp
  C:260EH         LINE#         94
  C:2612H         LINE#         95
  C:2612H         LINE#         96
  C:2633H         LINE#         97
  C:2656H         LINE#         98
  C:2679H         LINE#         99
  C:268FH         LINE#         100
  -------         ENDPROC       _TEMPPROS
  -------         PROC          EEPROM_INIT
  C:2A90H         LINE#         102
  C:2A90H         LINE#         103
  C:2A90H         LINE#         104
  C:2AA1H         LINE#         105
  C:2AB2H         LINE#         106
  -------         ENDPROC       EEPROM_INIT
  -------         PROC          KEYPROS
  C:0867H         LINE#         110
  C:0867H         LINE#         111
  C:0867H         LINE#         112
  C:087BH         LINE#         113
  C:087BH         LINE#         114
  C:0880H         LINE#         115
  C:0883H         LINE#         116
  C:0883H         LINE#         118
  C:089FH         LINE#         119
  C:089FH         LINE#         120
  C:08BAH         LINE#         121
  C:08BAH         LINE#         122
  C:08BAH         LINE#         123
  C:08DAH         LINE#         124
  C:08DAH         LINE#         125
  C:08EBH         LINE#         126
  C:0904H         LINE#         127
  C:0904H         LINE#         128
  C:0916H         LINE#         129
  C:0916H         LINE#         130
  C:0924H         LINE#         131
  C:0924H         LINE#         132
  C:0924H         LINE#         133
  C:092BH         LINE#         134
  C:092BH         LINE#         135
  C:0938H         LINE#         136
  C:0938H         LINE#         137
  C:0949H         LINE#         138
  C:0949H         LINE#         139
  C:0949H         LINE#         140
BL51 BANKED LINKER/LOCATER V6.22                                                      06/02/2021  22:42:39  PAGE 11


  C:0958H         LINE#         141
  C:0958H         LINE#         142
  C:0966H         LINE#         143
  C:0966H         LINE#         144
  C:0977H         LINE#         145
  C:0977H         LINE#         146
  C:0977H         LINE#         147
  C:098EH         LINE#         148
  C:098EH         LINE#         149
  C:099CH         LINE#         150
  C:099CH         LINE#         151
  C:09ADH         LINE#         152
  C:09ADH         LINE#         153
  C:09ADH         LINE#         154
  C:09BEH         LINE#         155
  C:09BEH         LINE#         156
  C:09D4H         LINE#         157
  C:09D4H         LINE#         158
  C:09E2H         LINE#         159
  C:09E2H         LINE#         160
  C:09E2H         LINE#         161
  C:09E2H         LINE#         162
  C:09E5H         LINE#         163
  C:09E5H         LINE#         164
  C:0A05H         LINE#         165
  C:0A05H         LINE#         166
  C:0A16H         LINE#         167
  C:0A2FH         LINE#         168
  C:0A2FH         LINE#         169
  C:0A41H         LINE#         170
  C:0A41H         LINE#         171
  C:0A4FH         LINE#         172
  C:0A4FH         LINE#         173
  C:0A4FH         LINE#         174
  C:0A56H         LINE#         175
  C:0A56H         LINE#         176
  C:0A63H         LINE#         177
  C:0A63H         LINE#         178
  C:0A74H         LINE#         179
  C:0A74H         LINE#         180
  C:0A74H         LINE#         181
  C:0A8AH         LINE#         182
  C:0A8AH         LINE#         183
  C:0A9CH         LINE#         184
  C:0A9CH         LINE#         185
  C:0AAAH         LINE#         186
  C:0AAAH         LINE#         187
  C:0AAAH         LINE#         188
  C:0AB9H         LINE#         189
  C:0AB9H         LINE#         190
  C:0AC7H         LINE#         191
  C:0AC7H         LINE#         192
  C:0AD8H         LINE#         193
  C:0AD8H         LINE#         194
  C:0AD8H         LINE#         195
  C:0AE6H         LINE#         196
  C:0AE6H         LINE#         197
BL51 BANKED LINKER/LOCATER V6.22                                                      06/02/2021  22:42:39  PAGE 12


  C:0AF8H         LINE#         198
  C:0AF8H         LINE#         199
  C:0B06H         LINE#         200
  C:0B06H         LINE#         201
  C:0B06H         LINE#         202
  C:0B06H         LINE#         203
  C:0B08H         LINE#         204
  C:0B08H         LINE#         205
  C:0B10H         LINE#         206
  C:0B10H         LINE#         207
  C:0B16H         LINE#         208
  C:0B16H         LINE#         209
  C:0B18H         LINE#         210
  C:0B18H         LINE#         212
  C:0B18H         LINE#         213
  C:0B1EH         LINE#         214
  C:0B1EH         LINE#         215
  C:0B1EH         LINE#         216
  C:0B1EH         LINE#         217
  C:0B28H         LINE#         218
  C:0B28H         LINE#         219
  C:0B41H         LINE#         220
  C:0B41H         LINE#         221
  C:0B47H         LINE#         222
  C:0B47H         LINE#         223
  C:0B63H         LINE#         224
  C:0B63H         LINE#         225
  C:0B6EH         LINE#         226
  C:0B6EH         LINE#         227
  C:0B6FH         LINE#         228
  C:0B7DH         LINE#         229
  C:0B7DH         LINE#         230
  C:0B8BH         LINE#         231
  C:0B93H         LINE#         232
  C:0BC0H         LINE#         233
  C:0BEDH         LINE#         234
  C:0C1AH         LINE#         235
  C:0C47H         LINE#         236
  C:0C74H         LINE#         237
  C:0CA1H         LINE#         238
  C:0CB0H         LINE#         239
  C:0CB0H         LINE#         240
  C:0CBEH         LINE#         241
  C:0CC6H         LINE#         242
  C:0CC9H         LINE#         243
  C:0CCBH         LINE#         244
  C:0CCDH         LINE#         245
  C:0CCDH         LINE#         246
  C:0CD2H         LINE#         247
  C:0CD5H         LINE#         248
  C:0CDAH         LINE#         249
  C:0CDDH         LINE#         250
  C:0CDDH         LINE#         251
  C:0CE3H         LINE#         252
  C:0CE3H         LINE#         253
  C:0D01H         LINE#         254
  C:0D01H         LINE#         255
BL51 BANKED LINKER/LOCATER V6.22                                                      06/02/2021  22:42:39  PAGE 13


  C:0D01H         LINE#         256
  C:0D22H         LINE#         257
  C:0D22H         LINE#         258
  C:0D2EH         LINE#         259
  C:0D2EH         LINE#         260
  C:0D40H         LINE#         261
  C:0D40H         LINE#         262
  C:0D4EH         LINE#         263
  C:0D4EH         LINE#         264
  C:0D5AH         LINE#         265
  C:0D5AH         LINE#         266
  C:0D68H         LINE#         267
  C:0D68H         LINE#         268
  C:0D7FH         LINE#         269
  C:0D7FH         LINE#         270
  C:0D8FH         LINE#         271
  C:0D8FH         LINE#         272
  C:0DA1H         LINE#         273
  C:0DA1H         LINE#         274
  C:0DAFH         LINE#         275
  C:0DAFH         LINE#         276
  C:0DAFH         LINE#         277
  C:0DB7H         LINE#         278
  C:0DB7H         LINE#         279
  C:0DD1H         LINE#         280
  C:0DD1H         LINE#         281
  C:0DE1H         LINE#         282
  C:0DE1H         LINE#         283
  C:0DF3H         LINE#         284
  C:0DF3H         LINE#         285
  C:0E01H         LINE#         286
  C:0E01H         LINE#         287
  C:0E01H         LINE#         288
  C:0E01H         LINE#         289
  C:0E08H         LINE#         290
  C:0E08H         LINE#         291
  C:0E1FH         LINE#         292
  C:0E1FH         LINE#         293
  C:0E2FH         LINE#         294
  C:0E2FH         LINE#         295
  C:0E41H         LINE#         296
  C:0E41H         LINE#         297
  C:0E4FH         LINE#         298
  C:0E4FH         LINE#         299
  C:0E4FH         LINE#         300
  C:0E58H         LINE#         301
  C:0E58H         LINE#         302
  C:0E6FH         LINE#         303
  C:0E6FH         LINE#         304
  C:0E7FH         LINE#         305
  C:0E7FH         LINE#         306
  C:0E91H         LINE#         307
  C:0E91H         LINE#         308
  C:0E9FH         LINE#         309
  C:0E9FH         LINE#         311
  C:0E9FH         LINE#         312
  C:0EAAH         LINE#         313
BL51 BANKED LINKER/LOCATER V6.22                                                      06/02/2021  22:42:39  PAGE 14


  C:0EAAH         LINE#         314
  C:0EAFH         LINE#         315
  C:0EAFH         LINE#         316
  C:0EB2H         LINE#         317
  C:0EB2H         LINE#         318
  C:0ED3H         LINE#         319
  C:0ED3H         LINE#         320
  C:0EDFH         LINE#         321
  C:0EDFH         LINE#         322
  C:0EF1H         LINE#         323
  C:0EF1H         LINE#         324
  C:0EFFH         LINE#         325
  C:0EFFH         LINE#         326
  C:0F0BH         LINE#         327
  C:0F0BH         LINE#         328
  C:0F19H         LINE#         329
  C:0F19H         LINE#         330
  C:0F30H         LINE#         331
  C:0F30H         LINE#         332
  C:0F40H         LINE#         333
  C:0F40H         LINE#         334
  C:0F52H         LINE#         335
  C:0F52H         LINE#         336
  C:0F60H         LINE#         337
  C:0F60H         LINE#         338
  C:0F60H         LINE#         339
  C:0F68H         LINE#         340
  C:0F68H         LINE#         341
  C:0F82H         LINE#         342
  C:0F82H         LINE#         343
  C:0F92H         LINE#         344
  C:0F92H         LINE#         345
  C:0FA4H         LINE#         346
  C:0FA4H         LINE#         347
  C:0FB2H         LINE#         348
  C:0FB2H         LINE#         349
  C:0FB2H         LINE#         350
  C:0FB2H         LINE#         351
  C:0FB9H         LINE#         352
  C:0FB9H         LINE#         353
  C:0FD0H         LINE#         354
  C:0FD0H         LINE#         355
  C:0FE0H         LINE#         356
  C:0FE0H         LINE#         357
  C:0FF2H         LINE#         358
  C:0FF2H         LINE#         359
  C:1000H         LINE#         360
  C:1000H         LINE#         361
  C:1000H         LINE#         362
  C:1009H         LINE#         363
  C:1009H         LINE#         364
  C:1020H         LINE#         365
  C:1020H         LINE#         366
  C:1030H         LINE#         367
  C:1030H         LINE#         368
  C:1042H         LINE#         369
  C:1042H         LINE#         370
BL51 BANKED LINKER/LOCATER V6.22                                                      06/02/2021  22:42:39  PAGE 15


  C:1050H         LINE#         371
  C:1050H         LINE#         372
  C:1050H         LINE#         373
  C:1057H         LINE#         374
  C:1057H         LINE#         375
  C:105CH         LINE#         376
  C:105CH         LINE#         377
  C:105EH         LINE#         378
  C:105EH         LINE#         379
  C:1064H         LINE#         380
  C:1066H         LINE#         381
  C:1066H         LINE#         382
  C:106CH         LINE#         383
  C:106CH         LINE#         384
  C:106EH         LINE#         385
  C:106EH         LINE#         387
  C:106EH         LINE#         388
  C:1074H         LINE#         389
  C:1074H         LINE#         390
  C:1074H         LINE#         391
  C:1074H         LINE#         392
  C:107BH         LINE#         393
  C:107BH         LINE#         394
  C:107DH         LINE#         395
  C:107FH         LINE#         396
  C:1081H         LINE#         397
  C:1092H         LINE#         398
  C:1092H         LINE#         399
  C:1097H         LINE#         400
  C:109AH         LINE#         401
  C:109FH         LINE#         402
  C:10A2H         LINE#         403
  C:10A2H         LINE#         404
  -------         ENDPROC       KEYPROS
  -------         PROC          KEYDOWN
  -------         DO            
  X:0104H         SYMBOL        a
  -------         ENDDO         
  C:1EBFH         LINE#         406
  C:1EBFH         LINE#         407
  C:1EBFH         LINE#         408
  C:1EC4H         LINE#         409
  C:1EC7H         LINE#         410
  C:1EC7H         LINE#         411
  C:1ECAH         LINE#         412
  C:1ECDH         LINE#         413
  C:1ECDH         LINE#         414
  C:1ED2H         LINE#         415
  C:1ED7H         LINE#         416
  C:1EDAH         LINE#         417
  C:1EDAH         LINE#         418
  C:1EDEH         LINE#         419
  C:1EDEH         LINE#         420
  C:1EE1H         LINE#         421
  C:1EE1H         LINE#         422
  C:1EE3H         LINE#         423
  C:1EE5H         LINE#         424
BL51 BANKED LINKER/LOCATER V6.22                                                      06/02/2021  22:42:39  PAGE 16


  C:1EE5H         LINE#         426
  C:1EE8H         LINE#         427
  C:1EF6H         LINE#         428
  C:1EF6H         LINE#         429
  C:1EF9H         LINE#         430
  C:1EFCH         LINE#         431
  C:1EFEH         LINE#         432
  C:1EFEH         LINE#         433
  C:1EFEH         LINE#         434
  C:1F01H         LINE#         435
  C:1F01H         LINE#         436
  C:1F04H         LINE#         437
  C:1F07H         LINE#         438
  C:1F07H         LINE#         439
  C:1F0CH         LINE#         440
  C:1F12H         LINE#         441
  C:1F15H         LINE#         442
  C:1F15H         LINE#         443
  C:1F19H         LINE#         444
  C:1F19H         LINE#         445
  C:1F1CH         LINE#         446
  C:1F1CH         LINE#         447
  C:1F1EH         LINE#         448
  C:1F20H         LINE#         449
  C:1F20H         LINE#         451
  C:1F23H         LINE#         452
  C:1F31H         LINE#         453
  C:1F31H         LINE#         454
  C:1F34H         LINE#         455
  C:1F37H         LINE#         456
  C:1F39H         LINE#         457
  C:1F39H         LINE#         458
  C:1F39H         LINE#         459
  C:1F3CH         LINE#         460
  C:1F3CH         LINE#         461
  C:1F3FH         LINE#         462
  C:1F42H         LINE#         463
  C:1F42H         LINE#         464
  C:1F47H         LINE#         465
  C:1F4DH         LINE#         466
  C:1F50H         LINE#         467
  C:1F50H         LINE#         468
  C:1F54H         LINE#         469
  C:1F54H         LINE#         470
  C:1F57H         LINE#         471
  C:1F57H         LINE#         472
  C:1F59H         LINE#         473
  C:1F5BH         LINE#         474
  C:1F5BH         LINE#         475
  C:1F5EH         LINE#         476
  C:1F6CH         LINE#         477
  C:1F6CH         LINE#         478
  C:1F6FH         LINE#         479
  C:1F72H         LINE#         480
  C:1F74H         LINE#         481
  C:1F74H         LINE#         482
  C:1F74H         LINE#         483
BL51 BANKED LINKER/LOCATER V6.22                                                      06/02/2021  22:42:39  PAGE 17


  C:1F77H         LINE#         484
  C:1F77H         LINE#         485
  C:1F7AH         LINE#         486
  C:1F7DH         LINE#         487
  C:1F7DH         LINE#         488
  C:1F82H         LINE#         489
  C:1F88H         LINE#         490
  C:1F8BH         LINE#         491
  C:1F8BH         LINE#         492
  C:1F8FH         LINE#         493
  C:1F8FH         LINE#         494
  C:1F92H         LINE#         495
  C:1F92H         LINE#         496
  C:1F94H         LINE#         497
  C:1F96H         LINE#         498
  C:1F96H         LINE#         499
  C:1F99H         LINE#         500
  C:1FA7H         LINE#         501
  C:1FA7H         LINE#         502
  C:1FAAH         LINE#         503
  C:1FADH         LINE#         504
  C:1FAFH         LINE#         505
  C:1FAFH         LINE#         506
  C:1FAFH         LINE#         508
  -------         ENDPROC       KEYDOWN
  -------         PROC          DISPLAY
  C:15F1H         LINE#         510
  C:15F1H         LINE#         511
  C:15F1H         LINE#         512
  C:15F4H         LINE#         513
  C:15F4H         LINE#         514
  C:1601H         LINE#         515
  C:160EH         LINE#         516
  C:161BH         LINE#         517
  C:1628H         LINE#         518
  C:162BH         LINE#         519
  C:162BH         LINE#         520
  C:162DH         LINE#         521
  C:1632H         LINE#         522
  C:1635H         LINE#         523
  C:1642H         LINE#         524
  C:1647H         LINE#         525
  C:164EH         LINE#         526
  C:164EH         LINE#         527
  C:164EH         LINE#         528
  C:165AH         LINE#         529
  C:165AH         LINE#         530
  C:1660H         LINE#         531
  C:1660H         LINE#         532
  C:166DH         LINE#         533
  C:167AH         LINE#         534
  C:1687H         LINE#         535
  C:1693H         LINE#         536
  C:169FH         LINE#         537
  C:16A8H         LINE#         538
  C:16B4H         LINE#         539
  C:16C0H         LINE#         540
BL51 BANKED LINKER/LOCATER V6.22                                                      06/02/2021  22:42:39  PAGE 18


  C:16C9H         LINE#         541
  C:16D5H         LINE#         542
  C:16E1H         LINE#         543
  C:16EDH         LINE#         544
  C:16F9H         LINE#         545
  C:1702H         LINE#         546
  C:170EH         LINE#         547
  C:171AH         LINE#         548
  C:1723H         LINE#         549
  C:172FH         LINE#         550
  C:173BH         LINE#         551
  C:175AH         LINE#         552
  C:175AH         LINE#         553
  C:176AH         LINE#         554
  C:176AH         LINE#         555
  C:1771H         LINE#         556
  C:1776H         LINE#         557
  C:1776H         LINE#         558
  C:1786H         LINE#         559
  C:1786H         LINE#         560
  C:178DH         LINE#         561
  C:1792H         LINE#         562
  C:1792H         LINE#         563
  C:17A2H         LINE#         564
  C:17A2H         LINE#         565
  C:17A9H         LINE#         566
  C:17AEH         LINE#         567
  C:17AEH         LINE#         568
  C:17BEH         LINE#         569
  C:17BEH         LINE#         570
  C:17C5H         LINE#         571
  C:17CAH         LINE#         572
  C:17CAH         LINE#         573
  C:17DAH         LINE#         574
  C:17DAH         LINE#         575
  C:17E1H         LINE#         576
  C:17E6H         LINE#         577
  C:17E6H         LINE#         578
  C:17F6H         LINE#         579
  C:17F6H         LINE#         580
  C:17FDH         LINE#         581
  C:1802H         LINE#         582
  C:1802H         LINE#         583
  C:1813H         LINE#         584
  C:1813H         LINE#         585
  C:1816H         LINE#         586
  C:1816H         LINE#         587
  C:1819H         LINE#         588
  C:1819H         LINE#         589
  C:1826H         LINE#         590
  C:1826H         LINE#         591
  C:1826H         LINE#         592
  C:1826H         LINE#         593
  C:1826H         LINE#         594
  C:1828H         LINE#         596
  C:1828H         LINE#         597
  C:182EH         LINE#         598
BL51 BANKED LINKER/LOCATER V6.22                                                      06/02/2021  22:42:39  PAGE 19


  C:183BH         LINE#         599
  C:1848H         LINE#         600
  C:1855H         LINE#         601
  C:1862H         LINE#         602
  C:186BH         LINE#         603
  C:1878H         LINE#         604
  C:1881H         LINE#         605
  C:1888H         LINE#         606
  C:188AH         LINE#         607
  C:188CH         LINE#         608
  C:1891H         LINE#         609
  C:1891H         LINE#         610
  C:1891H         LINE#         611
  C:1897H         LINE#         612
  C:1897H         LINE#         613
  C:18A4H         LINE#         614
  C:18B0H         LINE#         615
  C:18BCH         LINE#         616
  C:18C5H         LINE#         617
  C:18D1H         LINE#         618
  C:18DDH         LINE#         619
  C:18EAH         LINE#         620
  C:18F1H         LINE#         621
  C:18F1H         LINE#         622
  C:18F3H         LINE#         623
  C:18F5H         LINE#         624
  C:18FBH         LINE#         625
  C:18FBH         LINE#         626
  C:1904H         LINE#         627
  C:1904H         LINE#         628
  C:1923H         LINE#         629
  C:1923H         LINE#         630
  C:1933H         LINE#         631
  C:1933H         LINE#         632
  C:193AH         LINE#         633
  C:193FH         LINE#         634
  C:193FH         LINE#         635
  C:194FH         LINE#         636
  C:194FH         LINE#         637
  C:1956H         LINE#         638
  C:195BH         LINE#         639
  C:195BH         LINE#         640
  C:1962H         LINE#         641
  C:1962H         LINE#         642
  C:1968H         LINE#         643
  C:196DH         LINE#         644
  C:196DH         LINE#         645
  C:197DH         LINE#         646
  C:197DH         LINE#         647
  C:1980H         LINE#         648
  C:1980H         LINE#         649
  C:1985H         LINE#         650
  C:1988H         LINE#         651
  C:1995H         LINE#         652
  C:199AH         LINE#         653
  C:19A1H         LINE#         654
  C:19A3H         LINE#         655
BL51 BANKED LINKER/LOCATER V6.22                                                      06/02/2021  22:42:39  PAGE 20


  C:19A5H         LINE#         656
  C:19A7H         LINE#         657
  C:19A9H         LINE#         658
  C:19ABH         LINE#         659
  C:19ABH         LINE#         660
  C:19ABH         LINE#         662
  -------         ENDPROC       DISPLAY
  -------         PROC          RECV_FROM_HOST
  -------         DO            
  D:0007H         SYMBOL        Data
  -------         ENDDO         
  C:28B3H         LINE#         664
  C:28D0H         LINE#         667
  C:28D2H         LINE#         668
  C:28D5H         LINE#         669
  C:28D5H         LINE#         670
  C:28D9H         LINE#         671
  C:28D9H         LINE#         672
  C:28DBH         LINE#         673
  C:28DDH         LINE#         674
  C:28DFH         LINE#         675
  C:28E1H         LINE#         676
  C:28E3H         LINE#         677
  C:28E8H         LINE#         678
  C:28EBH         LINE#         679
  C:28EBH         LINE#         680
  C:28EDH         LINE#         681
  C:28EDH         LINE#         682
  -------         ENDPROC       RECV_FROM_HOST
  -------         PROC          MAIN
  C:29E9H         LINE#         684
  C:29E9H         LINE#         685
  C:29E9H         LINE#         686
  C:29EBH         LINE#         687
  C:29EEH         LINE#         688
  C:29F1H         LINE#         689
  C:29F4H         LINE#         690
  C:29F7H         LINE#         691
  C:29FFH         LINE#         692
  C:2A02H         LINE#         693
  C:2A04H         LINE#         694
  C:2A06H         LINE#         695
  C:2A06H         LINE#         696
  C:2A06H         LINE#         697
  C:2A09H         LINE#         698
  C:2A0CH         LINE#         699
  C:2A0CH         LINE#         700
  C:2A12H         LINE#         701
  C:2A15H         LINE#         702
  C:2A18H         LINE#         703
  C:2A1AH         LINE#         704
  C:2A1DH         LINE#         705
  C:2A20H         LINE#         706
  -------         ENDPROC       MAIN
  -------         ENDMOD        PMPDATAT

  -------         MODULE        CTRL
BL51 BANKED LINKER/LOCATER V6.22                                                      06/02/2021  22:42:39  PAGE 21


  C:0000H         SYMBOL        _ICE_DUMMY_
  D:0080H         PUBLIC        P0
  D:0090H         PUBLIC        P1
  B:0020H.0       PUBLIC        in_rc522_password
  D:00B0H         PUBLIC        P3
  B:0020H.1       PUBLIC        sounder_beep
  C:21ECH         PUBLIC        IC_READ
  X:0000H         PUBLIC        table
  X:0008H         PUBLIC        Card_saved_asc
  D:00A8H         PUBLIC        IE
  C:2FF1H         PUBLIC        Led_light
  D:00B8H         PUBLIC        IP
  C:0026H         PUBLIC        ctrl_process
  X:0088H         PUBLIC        Card_type
  B:0080H.0       PUBLIC        SETTIME_MODE
  B:0020H.2       PUBLIC        is_newcard
  X:008AH         PUBLIC        KEY_BUF
  D:0098H         PUBLIC        SCON
  D:0088H         PUBLIC        TCON
  B:0020H.3       PUBLIC        card_pass
  B:0080H.2       PUBLIC        RC522_MODE
  C:2690H         PUBLIC        rc522_card_compare
  C:2FD8H         PUBLIC        pass
  C:2FAAH         PUBLIC        LED_BLINK_1
  B:0020H.4       PUBLIC        rc522_newcard
  X:0092H         PUBLIC        i_rc522
  C:2FF7H         PUBLIC        warn
  C:2D5DH         PUBLIC        LED_BLINK_2
  X:0093H         PUBLIC        j_rc522
  B:0080H.3       PUBLIC        CLOCK_SET
  X:0095H         PUBLIC        RC522_KeyValue
  X:0096H         PUBLIC        Card_SN_BUF
  C:2FF4H         PUBLIC        Led_shut
  B:0020H.5       PUBLIC        rc522_manage
  X:009AH         PUBLIC        ID_ASC
  B:0020H.6       PUBLIC        rc522_card_check
  B:0090H.0       PUBLIC        LED
  C:1FB0H         PUBLIC        RC522_KeyDown
  B:0080H.1       PUBLIC        TEMPER_MODE
  X:00A2H         PUBLIC        key_count
  C:2F72H         PUBLIC        uart_over
  D:00C8H         PUBLIC        T2CON
  B:0020H.7       PUBLIC        card_compare
  B:0021H.0       PUBLIC        rc522_state
  B:0021H.1       PUBLIC        rc522_set_password
  D:00D0H         PUBLIC        PSW
  X:00A3H         PUBLIC        bPass
  X:00A4H         PUBLIC        bWarn
  X:00A5H         PUBLIC        Card_SN
  -------         PROC          LED_LIGHT
  C:2FF1H         LINE#         38
  C:2FF1H         LINE#         39
  C:2FF1H         LINE#         40
  C:2FF3H         LINE#         41
  -------         ENDPROC       LED_LIGHT
  -------         PROC          LED_SHUT
  C:2FF4H         LINE#         43
BL51 BANKED LINKER/LOCATER V6.22                                                      06/02/2021  22:42:39  PAGE 22


  C:2FF4H         LINE#         44
  C:2FF4H         LINE#         45
  C:2FF6H         LINE#         46
  -------         ENDPROC       LED_SHUT
  -------         PROC          LED_BLINK_1
  C:2FAAH         LINE#         48
  C:2FAAH         LINE#         49
  C:2FAAH         LINE#         50
  C:2FACH         LINE#         51
  C:2FB3H         LINE#         52
  C:2FB5H         LINE#         53
  -------         ENDPROC       LED_BLINK_1
  -------         PROC          LED_BLINK_2
  C:2D5DH         LINE#         55
  C:2D5DH         LINE#         56
  C:2D5DH         LINE#         57
  C:2D5FH         LINE#         58
  C:2D66H         LINE#         59
  C:2D68H         LINE#         60
  C:2D6FH         LINE#         61
  C:2D71H         LINE#         62
  C:2D78H         LINE#         63
  C:2D7AH         LINE#         64
  -------         ENDPROC       LED_BLINK_2
  -------         PROC          UART_OVER
  C:2F72H         LINE#         66
  C:2F72H         LINE#         67
  C:2F72H         LINE#         68
  C:2F77H         LINE#         69
  C:2F7BH         LINE#         70
  C:2F7FH         LINE#         71
  -------         ENDPROC       UART_OVER
  -------         PROC          PASS
  C:2FD8H         LINE#         73
  C:2FD8H         LINE#         74
  C:2FD8H         LINE#         75
  C:2FDFH         LINE#         76
  -------         ENDPROC       PASS
  -------         PROC          WARN
  C:2FF7H         LINE#         79
  C:2FF7H         LINE#         80
  C:2FF7H         LINE#         81
  -------         ENDPROC       WARN
  -------         PROC          RC522_KEYDOWN
  -------         DO            
  X:0104H         SYMBOL        a
  -------         ENDDO         
  C:1FB0H         LINE#         84
  C:1FB0H         LINE#         85
  C:1FB0H         LINE#         86
  C:1FB5H         LINE#         87
  C:1FB8H         LINE#         88
  C:1FB8H         LINE#         89
  C:1FBEH         LINE#         90
  C:1FC1H         LINE#         91
  C:1FC1H         LINE#         92
  C:1FC6H         LINE#         93
BL51 BANKED LINKER/LOCATER V6.22                                                      06/02/2021  22:42:39  PAGE 23


  C:1FD4H         LINE#         94
  C:1FD4H         LINE#         95
  C:1FDBH         LINE#         96
  C:1FE1H         LINE#         97
  C:1FE3H         LINE#         98
  C:1FE3H         LINE#         99
  C:1FE3H         LINE#         100
  C:1FE6H         LINE#         101
  C:1FE6H         LINE#         102
  C:1FEDH         LINE#         103
  C:1FF0H         LINE#         104
  C:1FF0H         LINE#         105
  C:1FF6H         LINE#         106
  C:2004H         LINE#         107
  C:2004H         LINE#         108
  C:200BH         LINE#         109
  C:2011H         LINE#         110
  C:2013H         LINE#         111
  C:2013H         LINE#         112
  C:2013H         LINE#         113
  C:2016H         LINE#         114
  C:2016H         LINE#         115
  C:201DH         LINE#         116
  C:2020H         LINE#         117
  C:2020H         LINE#         118
  C:2026H         LINE#         119
  C:2034H         LINE#         120
  C:2034H         LINE#         121
  C:203BH         LINE#         122
  C:2041H         LINE#         123
  C:2043H         LINE#         124
  C:2043H         LINE#         125
  C:2043H         LINE#         126
  C:2046H         LINE#         127
  C:2046H         LINE#         128
  C:204DH         LINE#         129
  C:2050H         LINE#         130
  C:2050H         LINE#         131
  C:2056H         LINE#         132
  C:2064H         LINE#         133
  C:2064H         LINE#         134
  C:206BH         LINE#         135
  C:2071H         LINE#         136
  C:2073H         LINE#         137
  C:2073H         LINE#         138
  C:2073H         LINE#         140
  -------         ENDPROC       RC522_KEYDOWN
  -------         PROC          IC_READ
  -------         DO            
  D:0007H         SYMBOL        i
  -------         ENDDO         
  C:21ECH         LINE#         142
  C:21ECH         LINE#         143
  C:21ECH         LINE#         145
  C:21FAH         LINE#         146
  C:21FAH         LINE#         147
  C:2208H         LINE#         148
BL51 BANKED LINKER/LOCATER V6.22                                                      06/02/2021  22:42:39  PAGE 24


  C:2208H         LINE#         149
  C:220BH         LINE#         150
  C:220BH         LINE#         151
  C:220BH         LINE#         153
  C:2217H         LINE#         154
  C:2217H         LINE#         156
  C:221DH         LINE#         157
  C:2220H         LINE#         158
  C:2220H         LINE#         160
  C:2226H         LINE#         164
  C:2228H         LINE#         165
  C:2228H         LINE#         166
  C:2241H         LINE#         167
  C:2260H         LINE#         169
  C:2278H         LINE#         170
  C:2296H         LINE#         171
  C:229CH         LINE#         172
  C:229EH         LINE#         173
  -------         ENDPROC       IC_READ
  -------         PROC          RC522_CARD_COMPARE
  -------         DO            
  D:0005H         SYMBOL        j
  D:0007H         SYMBOL        m
  D:0006H         SYMBOL        num
  B:0022H.1       SYMBOL        wrong
  B:0022H.2       SYMBOL        cycle_finished
  -------         ENDDO         
  C:2690H         LINE#         175
  C:2690H         LINE#         176
  C:2690H         LINE#         178
  C:2692H         LINE#         179
  C:2694H         LINE#         180
  C:2696H         LINE#         181
  C:26A8H         LINE#         182
  C:26AFH         LINE#         183
  C:26AFH         LINE#         184
  C:26B1H         LINE#         185
  C:26B1H         LINE#         186
  C:26B5H         LINE#         187
  C:26B5H         LINE#         188
  C:26B7H         LINE#         189
  C:26B7H         LINE#         190
  C:26E0H         LINE#         191
  C:26E0H         LINE#         192
  C:26E2H         LINE#         193
  C:26E4H         LINE#         194
  C:26E4H         LINE#         195
  C:26E9H         LINE#         196
  C:26EFH         LINE#         197
  C:26EFH         LINE#         198
  C:26F1H         LINE#         199
  C:26F3H         LINE#         200
  C:26F3H         LINE#         201
  C:26F6H         LINE#         202
  C:26F6H         LINE#         203
  C:26FAH         LINE#         204
  C:26FAH         LINE#         205
BL51 BANKED LINKER/LOCATER V6.22                                                      06/02/2021  22:42:39  PAGE 25


  C:26FCH         LINE#         206
  C:26FCH         LINE#         207
  C:26FEH         LINE#         208
  C:2700H         LINE#         209
  C:2702H         LINE#         210
  C:2702H         LINE#         211
  C:2702H         LINE#         212
  C:2705H         LINE#         213
  -------         ENDPROC       RC522_CARD_COMPARE
  -------         PROC          CTRL_PROCESS
  -------         DO            
  X:0104H         SYMBOL        i
  -------         ENDDO         
  C:0026H         LINE#         215
  C:0026H         LINE#         216
  C:0026H         LINE#         218
  C:0050H         LINE#         219
  C:0050H         LINE#         220
  C:0052H         LINE#         221
  C:005EH         LINE#         222
  C:005EH         LINE#         223
  C:006BH         LINE#         224
  C:0078H         LINE#         225
  C:007EH         LINE#         226
  C:007EH         LINE#         227
  C:007EH         LINE#         228
  C:0080H         LINE#         229
  C:0082H         LINE#         230
  C:0084H         LINE#         231
  C:0086H         LINE#         232
  C:0088H         LINE#         233
  C:008AH         LINE#         234
  C:008CH         LINE#         235
  C:008EH         LINE#         236
  C:0094H         LINE#         237
  C:0099H         LINE#         238
  C:00A0H         LINE#         239
  C:00A0H         LINE#         240
  C:00A0H         LINE#         241
  C:00A0H         LINE#         242
  C:00A6H         LINE#         243
  C:00A6H         LINE#         244
  C:00A9H         LINE#         245
  C:00AEH         LINE#         246
  C:00B5H         LINE#         252
  C:00C2H         LINE#         253
  C:00CFH         LINE#         254
  C:00DCH         LINE#         255
  C:00DFH         LINE#         256
  C:00E4H         LINE#         257
  C:00EBH         LINE#         258
  C:00EDH         LINE#         259
  C:00EFH         LINE#         266
  C:00EFH         LINE#         267
  C:00EFH         LINE#         268
  C:00EFH         LINE#         269
  C:00F2H         LINE#         270
BL51 BANKED LINKER/LOCATER V6.22                                                      06/02/2021  22:42:39  PAGE 26


  C:00F2H         LINE#         271
  C:00F7H         LINE#         272
  C:00FEH         LINE#         273
  C:0103H         LINE#         274
  C:010AH         LINE#         275
  C:010DH         LINE#         276
  C:010DH         LINE#         277
  C:010FH         LINE#         278
  C:011CH         LINE#         279
  C:0129H         LINE#         280
  C:012EH         LINE#         281
  C:0135H         LINE#         282
  C:013AH         LINE#         283
  C:0141H         LINE#         284
  C:0143H         LINE#         286
  C:0143H         LINE#         287
  C:0145H         LINE#         288
  C:014CH         LINE#         289
  C:0159H         LINE#         290
  C:0160H         LINE#         291
  C:0165H         LINE#         292
  C:016CH         LINE#         293
  C:016EH         LINE#         294
  C:016EH         LINE#         296
  C:016EH         LINE#         297
  C:0171H         LINE#         298
  C:0171H         LINE#         299
  C:017EH         LINE#         300
  C:018BH         LINE#         301
  C:019CH         LINE#         302
  C:019CH         LINE#         303
  C:019EH         LINE#         304
  C:01A0H         LINE#         305
  C:01A0H         LINE#         306
  C:01A0H         LINE#         307
  C:01A0H         LINE#         308
  C:01A2H         LINE#         309
  C:01A2H         LINE#         310
  C:01A4H         LINE#         311
  C:01A6H         LINE#         312
  C:01A6H         LINE#         313
  C:01A6H         LINE#         314
  C:01A6H         LINE#         315
  C:01A8H         LINE#         316
  C:01A8H         LINE#         317
  C:01AAH         LINE#         318
  C:01ACH         LINE#         319
  C:01B2H         LINE#         320
  C:01B4H         LINE#         321
  C:01B4H         LINE#         322
  C:01B4H         LINE#         323
  C:01B6H         LINE#         324
  C:01B6H         LINE#         325
  C:01B8H         LINE#         326
  C:01BAH         LINE#         327
  C:01BCH         LINE#         328
  C:01BEH         LINE#         329
BL51 BANKED LINKER/LOCATER V6.22                                                      06/02/2021  22:42:39  PAGE 27


  C:01C0H         LINE#         330
  C:01C2H         LINE#         331
  C:01C4H         LINE#         332
  C:01C6H         LINE#         333
  C:01CCH         LINE#         334
  C:01D1H         LINE#         335
  C:01D8H         LINE#         336
  C:01D8H         LINE#         337
  C:01D8H         LINE#         339
  C:01D8H         LINE#         340
  C:01DEH         LINE#         341
  C:01DEH         LINE#         342
  C:01F5H         LINE#         343
  C:01F5H         LINE#         344
  C:0206H         LINE#         345
  C:0215H         LINE#         346
  C:0215H         LINE#         347
  C:0226H         LINE#         348
  C:0226H         LINE#         349
  C:0228H         LINE#         350
  C:0239H         LINE#         351
  C:0248H         LINE#         352
  C:0248H         LINE#         353
  C:0259H         LINE#         354
  C:0259H         LINE#         355
  C:025BH         LINE#         356
  C:025BH         LINE#         357
  C:0265H         LINE#         358
  C:0265H         LINE#         359
  C:0268H         LINE#         360
  C:026AH         LINE#         361
  C:026AH         LINE#         362
  C:026FH         LINE#         363
  C:026FH         LINE#         364
  C:026FH         LINE#         365
  C:026FH         LINE#         366
  C:026FH         LINE#         367
  C:0278H         LINE#         368
  C:0278H         LINE#         369
  C:027BH         LINE#         370
  C:027BH         LINE#         371
  C:027BH         LINE#         372
  C:027BH         LINE#         373
  C:027BH         LINE#         374
  C:027BH         LINE#         375
  C:027BH         LINE#         376
  C:027BH         LINE#         377
  C:0288H         LINE#         378
  C:0294H         LINE#         379
  C:02A0H         LINE#         380
  C:02ACH         LINE#         381
  C:02B8H         LINE#         382
  C:02C4H         LINE#         383
  C:02D0H         LINE#         384
  C:02DCH         LINE#         385
  C:02E8H         LINE#         386
  C:02FBH         LINE#         387
BL51 BANKED LINKER/LOCATER V6.22                                                      06/02/2021  22:42:39  PAGE 28


  C:02FBH         LINE#         388
  C:030BH         LINE#         389
  C:030BH         LINE#         390
  C:0312H         LINE#         391
  C:0317H         LINE#         392
  C:0317H         LINE#         393
  C:0327H         LINE#         394
  C:0332H         LINE#         395
  C:0332H         LINE#         396
  C:0337H         LINE#         397
  C:033EH         LINE#         398
  C:03AAH         LINE#         406
  C:03AAH         LINE#         407
  C:03AFH         LINE#         408
  C:03B1H         LINE#         409
  C:03B3H         LINE#         410
  C:03B7H         LINE#         411
  C:03BEH         LINE#         412
  C:03CBH         LINE#         413
  C:03D8H         LINE#         414
  C:03DFH         LINE#         415
  C:03E4H         LINE#         416
  C:03EBH         LINE#         417
  C:03F1H         LINE#         418
  C:03F4H         LINE#         419
  C:03F9H         LINE#         420
  C:03FBH         LINE#         422
  C:03FBH         LINE#         424
  C:0400H         LINE#         425
  C:040EH         LINE#         426
  C:040EH         LINE#         427
  C:041BH         LINE#         428
  C:0423H         LINE#         429
  C:0428H         LINE#         430
  C:042FH         LINE#         431
  C:043CH         LINE#         432
  C:0443H         LINE#         433
  C:0448H         LINE#         434
  C:044FH         LINE#         435
  C:0455H         LINE#         436
  C:0457H         LINE#         437
  C:0459H         LINE#         438
  C:045EH         LINE#         439
  C:0465H         LINE#         440
  C:046BH         LINE#         441
  C:046BH         LINE#         442
  C:046BH         LINE#         443
  C:046BH         LINE#         445
  C:046EH         LINE#         446
  C:046EH         LINE#         447
  C:047BH         LINE#         448
  C:0488H         LINE#         449
  C:0499H         LINE#         450
  C:0499H         LINE#         451
  C:0499H         LINE#         452
  C:049BH         LINE#         453
  C:049DH         LINE#         454
BL51 BANKED LINKER/LOCATER V6.22                                                      06/02/2021  22:42:39  PAGE 29


  C:049DH         LINE#         455
  C:049DH         LINE#         456
  C:049DH         LINE#         457
  C:049FH         LINE#         458
  C:049FH         LINE#         459
  C:04A1H         LINE#         460
  C:04A3H         LINE#         461
  C:04A3H         LINE#         462
  C:04A3H         LINE#         463
  C:04A3H         LINE#         464
  C:04A5H         LINE#         465
  C:04A5H         LINE#         466
  C:04A7H         LINE#         467
  C:04A9H         LINE#         468
  C:04A9H         LINE#         469
  C:04A9H         LINE#         470
  C:04A9H         LINE#         471
  C:04ABH         LINE#         472
  C:04ABH         LINE#         473
  C:04ADH         LINE#         474
  C:04AFH         LINE#         475
  C:04B1H         LINE#         476
  C:04B3H         LINE#         477
  C:04B5H         LINE#         478
  C:04B7H         LINE#         479
  C:04BDH         LINE#         480
  C:04C2H         LINE#         481
  C:04C9H         LINE#         482
  C:04C9H         LINE#         483
  C:04C9H         LINE#         484
  C:04C9H         LINE#         485
  C:04CFH         LINE#         486
  C:04CFH         LINE#         487
  C:04DCH         LINE#         488
  C:04E9H         LINE#         489
  C:04F2H         LINE#         490
  C:04F2H         LINE#         491
  C:04F7H         LINE#         492
  C:04FEH         LINE#         493
  C:050BH         LINE#         494
  C:0518H         LINE#         495
  C:0525H         LINE#         496
  C:052CH         LINE#         497
  C:0531H         LINE#         498
  C:0537H         LINE#         499
  C:0537H         LINE#         500
  C:053CH         LINE#         501
  C:0543H         LINE#         502
  C:0550H         LINE#         503
  C:055DH         LINE#         504
  C:056AH         LINE#         505
  C:0571H         LINE#         506
  C:05A4H         LINE#         507
  C:05A4H         LINE#         508
  C:05BFH         LINE#         509
  C:05CDH         LINE#         510
  C:05DEH         LINE#         511
BL51 BANKED LINKER/LOCATER V6.22                                                      06/02/2021  22:42:39  PAGE 30


  C:05E4H         LINE#         512
  C:05E6H         LINE#         513
  C:05E8H         LINE#         514
  C:05EDH         LINE#         515
  C:05F4H         LINE#         516
  C:05F7H         LINE#         517
  C:05F9H         LINE#         519
  C:05F9H         LINE#         520
  C:05FEH         LINE#         521
  C:0605H         LINE#         522
  C:0612H         LINE#         523
  C:061FH         LINE#         524
  C:0626H         LINE#         525
  C:062CH         LINE#         526
  C:062EH         LINE#         527
  C:0630H         LINE#         528
  C:0635H         LINE#         529
  C:063CH         LINE#         530
  C:0642H         LINE#         531
  C:0642H         LINE#         532
  C:0642H         LINE#         534
  C:0642H         LINE#         535
  C:0648H         LINE#         536
  C:0648H         LINE#         537
  C:065FH         LINE#         538
  C:065FH         LINE#         539
  C:0670H         LINE#         540
  C:067FH         LINE#         541
  C:067FH         LINE#         542
  C:0690H         LINE#         543
  C:0690H         LINE#         544
  C:0692H         LINE#         545
  C:06A3H         LINE#         546
  C:06B2H         LINE#         547
  C:06B2H         LINE#         548
  C:06C3H         LINE#         549
  C:06C3H         LINE#         550
  C:06C5H         LINE#         551
  C:06C5H         LINE#         552
  C:06CFH         LINE#         553
  C:06CFH         LINE#         554
  C:06D2H         LINE#         555
  C:06D4H         LINE#         556
  C:06D4H         LINE#         557
  C:06D9H         LINE#         558
  C:06D9H         LINE#         559
  C:06D9H         LINE#         560
  C:06D9H         LINE#         561
  C:06D9H         LINE#         562
  C:06E2H         LINE#         563
  C:06E2H         LINE#         564
  C:06E5H         LINE#         565
  C:06E5H         LINE#         566
  C:06E5H         LINE#         567
  C:06E5H         LINE#         568
  C:06E5H         LINE#         569
  C:06E5H         LINE#         570
BL51 BANKED LINKER/LOCATER V6.22                                                      06/02/2021  22:42:39  PAGE 31


  C:06E5H         LINE#         571
  C:06E5H         LINE#         572
  C:06F2H         LINE#         573
  C:06FEH         LINE#         574
  C:070AH         LINE#         575
  C:0716H         LINE#         576
  C:0722H         LINE#         577
  C:072EH         LINE#         578
  C:073AH         LINE#         579
  C:0746H         LINE#         580
  C:0752H         LINE#         581
  C:0765H         LINE#         582
  C:0765H         LINE#         583
  C:0775H         LINE#         584
  C:0775H         LINE#         585
  C:077CH         LINE#         586
  C:0781H         LINE#         587
  C:0788H         LINE#         588
  C:0788H         LINE#         589
  C:0798H         LINE#         590
  C:07A3H         LINE#         591
  C:07A3H         LINE#         592
  C:07B4H         LINE#         593
  C:07B9H         LINE#         594
  C:07B9H         LINE#         595
  C:07D5H         LINE#         596
  C:07DFH         LINE#         597
  C:07E4H         LINE#         598
  C:07F2H         LINE#         599
  C:07F2H         LINE#         600
  C:07FFH         LINE#         601
  C:0807H         LINE#         602
  C:0809H         LINE#         603
  C:080BH         LINE#         604
  C:0810H         LINE#         605
  C:0817H         LINE#         606
  C:081CH         LINE#         607
  C:0823H         LINE#         608
  C:0830H         LINE#         609
  C:083DH         LINE#         610
  C:0844H         LINE#         611
  C:0849H         LINE#         612
  C:0850H         LINE#         613
  C:0850H         LINE#         614
  C:0850H         LINE#         616
  C:0856H         LINE#         617
  C:0856H         LINE#         618
  C:0858H         LINE#         619
  C:085BH         LINE#         621
  C:085BH         LINE#         623
  C:0861H         LINE#         624
  C:0861H         LINE#         625
  C:0863H         LINE#         626
  C:0866H         LINE#         627
  C:0866H         LINE#         629
  -------         ENDPROC       CTRL_PROCESS
  -------         ENDMOD        CTRL
BL51 BANKED LINKER/LOCATER V6.22                                                      06/02/2021  22:42:39  PAGE 32



  -------         MODULE        DS1302
  C:0000H         SYMBOL        _ICE_DUMMY_
  D:0090H         PUBLIC        P1
  D:00B0H         PUBLIC        P3
  C:2A22H         PUBLIC        _Ds1302Write
  D:00A8H         PUBLIC        IE
  C:2E2FH         PUBLIC        Ds1302ReadTime
  C:2BD4H         PUBLIC        Ds1302Init
  D:00B8H         PUBLIC        IP
  B:00B0H.6       PUBLIC        SCLK
  X:01A6H         PUBLIC        TIME
  B:00B0H.4       PUBLIC        DSIO
  D:0098H         PUBLIC        SCON
  D:0088H         PUBLIC        TCON
  C:2F87H         PUBLIC        WRITE_RTC_ADDR
  C:2F80H         PUBLIC        READ_RTC_ADDR
  D:00C8H         PUBLIC        T2CON
  B:00B0H.5       PUBLIC        RST
  D:00D0H         PUBLIC        PSW
  C:295AH         PUBLIC        _Ds1302Read
  -------         PROC          _DS1302WRITE
  D:0007H         SYMBOL        addr
  D:0005H         SYMBOL        dat
  -------         DO            
  D:0006H         SYMBOL        n
  -------         ENDDO         
  C:2A22H         LINE#         20
  C:2A22H         LINE#         21
  C:2A22H         LINE#         23
  C:2A24H         LINE#         24
  C:2A25H         LINE#         26
  C:2A27H         LINE#         27
  C:2A28H         LINE#         28
  C:2A2AH         LINE#         29
  C:2A2BH         LINE#         31
  C:2A2DH         LINE#         32
  C:2A2DH         LINE#         33
  C:2A31H         LINE#         34
  C:2A35H         LINE#         35
  C:2A37H         LINE#         36
  C:2A38H         LINE#         37
  C:2A3AH         LINE#         38
  C:2A3BH         LINE#         39
  C:2A40H         LINE#         40
  C:2A42H         LINE#         41
  C:2A42H         LINE#         42
  C:2A46H         LINE#         43
  C:2A4AH         LINE#         44
  C:2A4CH         LINE#         45
  C:2A4DH         LINE#         46
  C:2A4FH         LINE#         47
  C:2A50H         LINE#         48
  C:2A55H         LINE#         50
  C:2A57H         LINE#         51
  C:2A58H         LINE#         52
  -------         ENDPROC       _DS1302WRITE
BL51 BANKED LINKER/LOCATER V6.22                                                      06/02/2021  22:42:39  PAGE 33


  -------         PROC          _DS1302READ
  D:0007H         SYMBOL        addr
  -------         DO            
  D:0005H         SYMBOL        n
  D:0006H         SYMBOL        dat
  D:0007H         SYMBOL        dat1
  -------         ENDDO         
  C:295AH         LINE#         61
  C:295AH         LINE#         62
  C:295AH         LINE#         64
  C:295CH         LINE#         65
  C:295DH         LINE#         67
  C:295FH         LINE#         68
  C:2960H         LINE#         69
  C:2962H         LINE#         70
  C:2963H         LINE#         72
  C:2965H         LINE#         73
  C:2965H         LINE#         74
  C:2969H         LINE#         75
  C:296DH         LINE#         76
  C:296FH         LINE#         77
  C:2970H         LINE#         78
  C:2972H         LINE#         79
  C:2973H         LINE#         80
  C:2978H         LINE#         81
  C:2979H         LINE#         82
  C:297BH         LINE#         83
  C:297BH         LINE#         84
  C:2980H         LINE#         85
  C:298CH         LINE#         86
  C:298EH         LINE#         87
  C:298FH         LINE#         88
  C:2991H         LINE#         89
  C:2992H         LINE#         90
  C:2997H         LINE#         92
  C:2999H         LINE#         93
  C:299AH         LINE#         94
  C:299CH         LINE#         95
  C:299DH         LINE#         96
  C:299FH         LINE#         97
  C:29A0H         LINE#         98
  C:29A2H         LINE#         99
  C:29A3H         LINE#         100
  C:29A5H         LINE#         101
  -------         ENDPROC       _DS1302READ
  -------         PROC          DS1302INIT
  -------         DO            
  D:0004H         SYMBOL        n
  -------         ENDDO         
  C:2BD4H         LINE#         110
  C:2BD4H         LINE#         111
  C:2BD4H         LINE#         113
  C:2BDBH         LINE#         114
  C:2BDDH         LINE#         115
  C:2BDDH         LINE#         116
  C:2BF2H         LINE#         117
  C:2BF7H         LINE#         118
BL51 BANKED LINKER/LOCATER V6.22                                                      06/02/2021  22:42:39  PAGE 34


  -------         ENDPROC       DS1302INIT
  -------         PROC          DS1302READTIME
  -------         DO            
  D:0003H         SYMBOL        n
  -------         ENDDO         
  C:2E2FH         LINE#         128
  C:2E2FH         LINE#         129
  C:2E2FH         LINE#         131
  C:2E31H         LINE#         132
  C:2E31H         LINE#         133
  C:2E46H         LINE#         134
  C:2E4BH         LINE#         136
  -------         ENDPROC       DS1302READTIME
  -------         ENDMOD        DS1302

  -------         MODULE        EEPROM
  C:0000H         SYMBOL        _ICE_DUMMY_
  D:0090H         PUBLIC        P1
  D:00B0H         PUBLIC        P3
  B:00A8H.7       PUBLIC        EA
  D:00A8H         PUBLIC        IE
  D:00E5H         PUBLIC        IAP_CMD
  D:00B8H         PUBLIC        IP
  D:00E3H         PUBLIC        IAP_ADDRH
  D:00E4H         PUBLIC        IAP_ADDRL
  D:0098H         PUBLIC        SCON
  D:0088H         PUBLIC        TCON
  C:2706H         PUBLIC        _EEPROM_WRITE
  D:00E7H         PUBLIC        IAP_CONTR
  C:2D7BH         PUBLIC        _Sector_Erase
  C:2851H         PUBLIC        _EEPROM_READ
  C:2CDCH         PUBLIC        _Byte_Program
  D:00E2H         PUBLIC        IAP_DATA
  D:00C8H         PUBLIC        T2CON
  D:00E6H         PUBLIC        IAP_TRIG
  C:2D99H         PUBLIC        _delayms
  C:2FB6H         PUBLIC        IAP_Disable
  C:2C73H         PUBLIC        _Byte_Read
  D:00D0H         PUBLIC        PSW
  -------         PROC          _EEPROM_WRITE
  X:0105H         SYMBOL        a
  X:0106H         SYMBOL        p
  X:0109H         SYMBOL        b
  -------         DO            
  X:010AH         SYMBOL        i
  -------         ENDDO         
  C:2706H         LINE#         48
  C:2716H         LINE#         49
  C:2716H         LINE#         51
  C:2726H         LINE#         53
  C:2737H         LINE#         54
  C:2771H         LINE#         55
  -------         ENDPROC       _EEPROM_WRITE
  -------         PROC          _EEPROM_READ
  X:0104H         SYMBOL        a
  X:0105H         SYMBOL        p
  X:0108H         SYMBOL        b
BL51 BANKED LINKER/LOCATER V6.22                                                      06/02/2021  22:42:39  PAGE 35


  -------         DO            
  X:0109H         SYMBOL        i
  -------         ENDDO         
  C:2851H         LINE#         58
  C:285FH         LINE#         59
  C:285FH         LINE#         62
  C:2870H         LINE#         63
  C:28ACH         LINE#         64
  -------         ENDPROC       _EEPROM_READ
  -------         PROC          _BYTE_READ
  D:0004H         SYMBOL        add
  C:2C73H         LINE#         67
  C:2C77H         LINE#         68
  C:2C77H         LINE#         69
  C:2C7AH         LINE#         70
  C:2C7DH         LINE#         71
  C:2C80H         LINE#         73
  C:2C83H         LINE#         74
  C:2C86H         LINE#         76
  C:2C88H         LINE#         77
  C:2C8BH         LINE#         78
  C:2C8EH         LINE#         79
  C:2C8FH         LINE#         80
  C:2C91H         LINE#         81
  C:2C94H         LINE#         83
  C:2C96H         LINE#         84
  -------         ENDPROC       _BYTE_READ
  -------         PROC          _BYTE_PROGRAM
  D:0002H         SYMBOL        add
  D:0005H         SYMBOL        ch
  C:2CDCH         LINE#         87
  C:2CE0H         LINE#         88
  C:2CE0H         LINE#         89
  C:2CE3H         LINE#         90
  C:2CE6H         LINE#         93
  C:2CE9H         LINE#         94
  C:2CECH         LINE#         96
  C:2CF0H         LINE#         97
  C:2CF2H         LINE#         98
  C:2CF5H         LINE#         99
  C:2CF8H         LINE#         100
  C:2CF9H         LINE#         101
  C:2CFBH         LINE#         102
  -------         ENDPROC       _BYTE_PROGRAM
  -------         PROC          _SECTOR_ERASE
  D:0004H         SYMBOL        add
  C:2D7BH         LINE#         107
  C:2D7FH         LINE#         108
  C:2D7FH         LINE#         109
  C:2D82H         LINE#         110
  C:2D85H         LINE#         112
  C:2D88H         LINE#         113
  C:2D8BH         LINE#         115
  C:2D8DH         LINE#         116
  C:2D90H         LINE#         117
  C:2D93H         LINE#         118
  C:2D94H         LINE#         119
BL51 BANKED LINKER/LOCATER V6.22                                                      06/02/2021  22:42:39  PAGE 36


  C:2D96H         LINE#         120
[...]
  C:2EBAH         LINE#         101
  C:2EBAH         LINE#         102
  C:2EBCH         LINE#         103
  C:2EC1H         LINE#         104
  -------         ENDPROC       _CLEARBITMASK
  -------         PROC          L?0104
  -------         ENDPROC       L?0104
  -------         PROC          _SETBITMASK
  D:0004H         SYMBOL        reg
BL51 BANKED LINKER/LOCATER V6.22                                                      06/02/2021  22:42:39  PAGE 47


  D:0005H         SYMBOL        mask
  -------         DO            
  D:0006H         SYMBOL        tmp
  -------         ENDDO         
  C:2D4CH         LINE#         113
  C:2D4EH         LINE#         114
  C:2D4EH         LINE#         115
  C:2D50H         LINE#         116
  C:2D55H         LINE#         117
  -------         ENDPROC       _SETBITMASK
  -------         PROC          L?0107
  -------         ENDPROC       L?0107
  -------         PROC          _CALULATECRC
  X:01B4H         SYMBOL        pIndata
  X:01B7H         SYMBOL        len
  X:01B8H         SYMBOL        pOutData
  -------         DO            
  D:0004H         SYMBOL        i
  D:0007H         SYMBOL        n
  -------         ENDDO         
  C:2590H         LINE#         123
  C:259EH         LINE#         124
  C:259EH         LINE#         126
  C:25A2H         LINE#         127
  C:25A2H         LINE#         128
  C:25A5H         LINE#         129
  C:25B1H         LINE#         130
  C:25CDH         LINE#         131
  C:25D4H         LINE#         132
  C:25D6H         LINE#         134
  C:25D6H         LINE#         135
  C:25DBH         LINE#         136
  C:25DCH         LINE#         137
  C:25DCH         LINE#         138
  C:25E3H         LINE#         139
  C:25F7H         LINE#         140
  -------         ENDPROC       _CALULATECRC
  C:19CCH         SYMBOL        L?0102
  -------         PROC          L?0101
  -------         ENDPROC       L?0101
  C:19CCH         SYMBOL        L?0102
  -------         PROC          _PCDCOMMF522
  X:011EH         SYMBOL        Command
  X:011FH         SYMBOL        pInData
  X:0122H         SYMBOL        InLenByte
  X:0123H         SYMBOL        pOutData
  X:0126H         SYMBOL        pOutLenBit
  -------         DO            
  X:0129H         SYMBOL        status
  X:012AH         SYMBOL        irqEn
  X:012BH         SYMBOL        waitFor
  D:0005H         SYMBOL        lastBits
  X:012CH         SYMBOL        n
  X:012DH         SYMBOL        i
  -------         ENDDO         
  C:19D0H         LINE#         151
  C:19E0H         LINE#         156
BL51 BANKED LINKER/LOCATER V6.22                                                      06/02/2021  22:42:39  PAGE 48


  C:19E0H         LINE#         157
  C:19E6H         LINE#         158
  C:19E9H         LINE#         159
  C:19EBH         LINE#         163
  C:19F4H         LINE#         164
  C:19F4H         LINE#         165
  C:19F4H         LINE#         166
  C:19FAH         LINE#         167
  C:19FEH         LINE#         168
  C:1A00H         LINE#         169
  C:1A00H         LINE#         170
  C:1A06H         LINE#         171
  C:1A0AH         LINE#         172
  C:1A0AH         LINE#         173
  C:1A0AH         LINE#         174
  C:1A0AH         LINE#         175
  C:1A0AH         LINE#         177
  C:1A16H         LINE#         178
  C:1A1AH         LINE#         179
  C:1A1AH         LINE#         180
  C:1A1DH         LINE#         182
  C:1A38H         LINE#         183
  C:1A38H         LINE#         184
  C:1A50H         LINE#         185
  C:1A60H         LINE#         186
  C:1A6AH         LINE#         188
  C:1A6EH         LINE#         189
  C:1A6EH         LINE#         190
  C:1A75H         LINE#         191
  C:1A75H         LINE#         194
  C:1A7FH         LINE#         196
  C:1A7FH         LINE#         197
  C:1A89H         LINE#         198
  C:1A97H         LINE#         199
  C:1A97H         LINE#         200
  C:1AAFH         LINE#         201
  C:1AB6H         LINE#         203
  C:1AC3H         LINE#         204
  C:1AC3H         LINE#         205
  C:1AD0H         LINE#         206
  C:1AD0H         LINE#         207
  C:1AD4H         LINE#         208
  C:1ADFH         LINE#         209
  C:1AE5H         LINE#         210
  C:1AF0H         LINE#         211
  C:1AF0H         LINE#         212
  C:1AFAH         LINE#         213
  C:1B03H         LINE#         214
  C:1B05H         LINE#         215
  C:1B05H         LINE#         216
  C:1B29H         LINE#         217
  C:1B2BH         LINE#         219
  C:1B2BH         LINE#         220
  C:1B46H         LINE#         221
  C:1B46H         LINE#         222
  C:1B4CH         LINE#         223
  C:1B4CH         LINE#         224
BL51 BANKED LINKER/LOCATER V6.22                                                      06/02/2021  22:42:39  PAGE 49


  C:1B4EH         LINE#         225
  C:1B4EH         LINE#         226
  C:1B57H         LINE#         227
  C:1B57H         LINE#         228
  C:1B5AH         LINE#         229
  C:1B5AH         LINE#         230
  C:1B74H         LINE#         231
  C:1B74H         LINE#         232
  C:1B93H         LINE#         233
  C:1BA3H         LINE#         234
  C:1BA3H         LINE#         235
  C:1BA3H         LINE#         237
  C:1BA3H         LINE#         238
  C:1BA9H         LINE#         239
  C:1BA9H         LINE#         241
  C:1BA9H         LINE#         243
  C:1BB0H         LINE#         244
  C:1BB7H         LINE#         245
  C:1BBCH         LINE#         246
  -------         ENDPROC       _PCDCOMMF522
  -------         PROC          _PCDREQUEST
  X:0105H         SYMBOL        req_code
  X:0106H         SYMBOL        pTagType
  -------         DO            
  D:0007H         SYMBOL        status
  X:0109H         SYMBOL        unLen
  X:010BH         SYMBOL        ucComMF522Buf
  -------         ENDDO         
  C:2502H         LINE#         261
  C:250FH         LINE#         262
  C:250FH         LINE#         267
  C:2512H         LINE#         268
  C:2519H         LINE#         269
  C:2520H         LINE#         271
  C:2528H         LINE#         273
  C:254BH         LINE#         275
  C:255AH         LINE#         276
  C:255AH         LINE#         277
  C:256EH         LINE#         278
  C:2585H         LINE#         279
  C:2587H         LINE#         281
  C:2587H         LINE#         282
  C:2589H         LINE#         283
  C:2589H         LINE#         285
  C:2589H         LINE#         286
  -------         ENDPROC       _PCDREQUEST
  -------         PROC          _PCDANTICOLL
  X:0105H         SYMBOL        pSnr
  -------         DO            
  X:0108H         SYMBOL        status
  D:0004H         SYMBOL        i
  X:0109H         SYMBOL        snr_check
  X:010AH         SYMBOL        unLen
  X:010CH         SYMBOL        ucComMF522Buf
  -------         ENDDO         
  C:2074H         LINE#         294
  C:207FH         LINE#         295
BL51 BANKED LINKER/LOCATER V6.22                                                      06/02/2021  22:42:39  PAGE 50


  C:207FH         LINE#         297
  C:2083H         LINE#         302
  C:2086H         LINE#         303
  C:208DH         LINE#         304
  C:2094H         LINE#         306
  C:209AH         LINE#         307
  C:209EH         LINE#         309
  C:20CAH         LINE#         311
  C:20CCH         LINE#         312
  C:20CCH         LINE#         313
  C:20CDH         LINE#         314
  C:20CDH         LINE#         315
  C:20EFH         LINE#         316
  C:2106H         LINE#         317
  C:210BH         LINE#         318
  C:211EH         LINE#         319
  C:211EH         LINE#         320
  C:2124H         LINE#         321
  C:2124H         LINE#         322
  C:2124H         LINE#         324
  C:212BH         LINE#         325
  C:2130H         LINE#         326
  -------         ENDPROC       _PCDANTICOLL
  -------         PROC          _PCDSELECT
  X:0163H         SYMBOL        pSnr
  -------         DO            
  D:0007H         SYMBOL        status
  D:0004H         SYMBOL        i
  X:0166H         SYMBOL        unLen
  X:0168H         SYMBOL        ucComMF522Buf
  -------         ENDDO         
  C:229FH         LINE#         333
  C:22AAH         LINE#         334
  C:22AAH         LINE#         340
  C:22B0H         LINE#         341
  C:22B4H         LINE#         342
  C:22B9H         LINE#         343
  C:22BAH         LINE#         344
  C:22BAH         LINE#         345
  C:22DCH         LINE#         346
  C:22F0H         LINE#         347
  C:22F5H         LINE#         348
  C:230EH         LINE#         350
  C:2311H         LINE#         352
  C:233AH         LINE#         354
  C:2349H         LINE#         355
  C:2349H         LINE#         356
  C:234AH         LINE#         357
  C:234CH         LINE#         359
  C:234CH         LINE#         360
  C:234EH         LINE#         361
  C:234EH         LINE#         363
  C:234EH         LINE#         364
  -------         ENDPROC       _PCDSELECT
  -------         PROC          _PCDAUTHSTATE
  D:0007H         SYMBOL        auth_mode
  D:0005H         SYMBOL        addr
BL51 BANKED LINKER/LOCATER V6.22                                                      06/02/2021  22:42:39  PAGE 51


  D:0001H         SYMBOL        pKey
  X:0134H         SYMBOL        pSnr
  -------         DO            
  D:0005H         SYMBOL        status
  X:0137H         SYMBOL        unLen
  X:0139H         SYMBOL        ucComMF522Buf
  -------         ENDDO         
  C:27E8H         LINE#         376
  C:27E8H         LINE#         377
  C:27E8H         LINE#         382
  C:27EDH         LINE#         383
  C:27F0H         LINE#         384
  C:27FDH         LINE#         385
  C:2815H         LINE#         387
  C:2840H         LINE#         388
  C:284CH         LINE#         389
  C:284CH         LINE#         390
  C:284EH         LINE#         391
  C:284EH         LINE#         393
  C:2850H         LINE#         394
  -------         ENDPROC       _PCDAUTHSTATE
  -------         PROC          _PCDREAD
  D:0007H         SYMBOL        addr
  X:014BH         SYMBOL        pData
  -------         DO            
  X:014EH         SYMBOL        status
  X:014FH         SYMBOL        unLen
  X:0151H         SYMBOL        ucComMF522Buf
  -------         ENDDO         
  C:23E5H         LINE#         402
  C:23F0H         LINE#         403
  C:23F0H         LINE#         408
  C:23F6H         LINE#         409
  C:23F9H         LINE#         410
  C:2412H         LINE#         412
  C:2440H         LINE#         413
  C:244CH         LINE#         414
  C:244CH         LINE#         415
  C:2468H         LINE#         416
  C:246AH         LINE#         418
  C:246AH         LINE#         419
  C:2470H         LINE#         420
  C:2470H         LINE#         422
  C:2475H         LINE#         423
  -------         ENDPROC       _PCDREAD
  -------         PROC          _PCDWRITE
  D:0007H         SYMBOL        addr
  X:017AH         SYMBOL        pData
  -------         DO            
  D:0007H         SYMBOL        status
  X:017DH         SYMBOL        unLen
  X:017FH         SYMBOL        ucComMF522Buf
  -------         ENDDO         
  C:234FH         LINE#         431
  C:235AH         LINE#         432
  C:235AH         LINE#         437
  C:2360H         LINE#         438
BL51 BANKED LINKER/LOCATER V6.22                                                      06/02/2021  22:42:39  PAGE 52


  C:2363H         LINE#         439
  C:2376H         LINE#         441
  C:237BH         LINE#         443
  C:2394H         LINE#         444
  C:2394H         LINE#         445
  C:2396H         LINE#         446
  C:2396H         LINE#         448
  C:2399H         LINE#         449
  C:2399H         LINE#         450
  C:23B1H         LINE#         451
  C:23C4H         LINE#         453
  C:23C9H         LINE#         454
  C:23E2H         LINE#         455
  C:23E2H         LINE#         456
  C:23E4H         LINE#         457
  C:23E4H         LINE#         458
  C:23E4H         LINE#         460
  C:23E4H         LINE#         461
  -------         ENDPROC       _PCDWRITE
  -------         PROC          PCDHALT
  -------         DO            
  X:0191H         SYMBOL        status
  X:0192H         SYMBOL        unLen
  X:0194H         SYMBOL        ucComMF522Buf
  -------         ENDDO         
  C:2908H         LINE#         467
  C:2908H         LINE#         468
  C:2908H         LINE#         473
  C:290EH         LINE#         474
  C:2911H         LINE#         475
  C:2929H         LINE#         477
  C:2957H         LINE#         479
  C:2959H         LINE#         480
  -------         ENDPROC       PCDHALT
  -------         PROC          PCDRESET
  C:2AC3H         LINE#         486
  C:2AC3H         LINE#         487
  C:2AC3H         LINE#         488
  C:2AC5H         LINE#         489
  C:2ACCH         LINE#         490
  C:2ACEH         LINE#         491
  C:2AD1H         LINE#         492
  C:2AD3H         LINE#         493
  C:2AD6H         LINE#         494
  C:2ADDH         LINE#         495
  C:2AE4H         LINE#         497
  C:2AE8H         LINE#         498
  C:2AE8H         LINE#         499
  C:2AE8H         LINE#         500
  C:2AE8H         LINE#         501
  C:2AEBH         LINE#         503
  C:2AF2H         LINE#         505
  C:2AF4H         LINE#         506
  -------         ENDPROC       PCDRESET
  -------         PROC          _M500PCDCONFIGISOTYPE
  D:0007H         SYMBOL        type
  C:2B24H         LINE#         510
BL51 BANKED LINKER/LOCATER V6.22                                                      06/02/2021  22:42:39  PAGE 53


  C:2B24H         LINE#         511
  C:2B24H         LINE#         512
  C:2B29H         LINE#         513
  C:2B29H         LINE#         514
  C:2B2CH         LINE#         515
  C:2B33H         LINE#         516
  C:2B3AH         LINE#         517
  C:2B3EH         LINE#         518
  C:2B3EH         LINE#         519
  C:2B3EH         LINE#         520
  C:2B3EH         LINE#         521
  C:2B41H         LINE#         522
  C:2B48H         LINE#         523
  C:2B4BH         LINE#         524
  C:2B4DH         LINE#         525
  C:2B50H         LINE#         527
  C:2B52H         LINE#         528
  -------         ENDPROC       _M500PCDCONFIGISOTYPE
  -------         PROC          PCDANTENNAON
  -------         DO            
  D:0007H         SYMBOL        i
  -------         ENDDO         
  C:2F32H         LINE#         534
  C:2F32H         LINE#         535
  C:2F32H         LINE#         537
  C:2F37H         LINE#         538
  C:2F3CH         LINE#         539
  C:2F3CH         LINE#         540
  C:2F43H         LINE#         541
  C:2F43H         LINE#         542
  -------         ENDPROC       PCDANTENNAON
  -------         PROC          PCDANTENNAOFF
  C:2FEAH         LINE#         548
  C:2FEAH         LINE#         549
  C:2FEAH         LINE#         550
  -------         ENDPROC       PCDANTENNAOFF
  -------         PROC          INIT_RC522
  C:2F9CH         LINE#         553
  C:2F9CH         LINE#         554
  C:2F9CH         LINE#         555
  C:2F9FH         LINE#         556
  C:2FA2H         LINE#         557
  C:2FA5H         LINE#         558
  -------         ENDPROC       INIT_RC522
  -------         ENDMOD        RC522

  -------         MODULE        ?C?FPADD
  C:10AAH         PUBLIC        ?C?FPADD
  C:10A6H         PUBLIC        ?C?FPSUB
  -------         ENDMOD        ?C?FPADD

  -------         MODULE        ?C?FPMUL
  C:119BH         PUBLIC        ?C?FPMUL
  -------         ENDMOD        ?C?FPMUL

  -------         MODULE        ?C?FCAST
  C:12ABH         PUBLIC        ?C?FCASTC
BL51 BANKED LINKER/LOCATER V6.22                                                      06/02/2021  22:42:39  PAGE 54


  C:12A6H         PUBLIC        ?C?FCASTI
  C:12A1H         PUBLIC        ?C?FCASTL
  -------         ENDMOD        ?C?FCAST

  -------         MODULE        ?C?CASTF
  C:12DFH         PUBLIC        ?C?CASTF
  -------         ENDMOD        ?C?CASTF

  -------         MODULE        ?C?COPY
  C:1430H         PUBLIC        ?C?COPY
  -------         ENDMOD        ?C?COPY

  -------         MODULE        ?C?CLDPTR
  C:1456H         PUBLIC        ?C?CLDPTR
  -------         ENDMOD        ?C?CLDPTR

  -------         MODULE        ?C?CLDOPTR
  C:146FH         PUBLIC        ?C?CLDOPTR
  -------         ENDMOD        ?C?CLDOPTR

  -------         MODULE        ?C?CSTPTR
  C:149CH         PUBLIC        ?C?CSTPTR
  -------         ENDMOD        ?C?CSTPTR

  -------         MODULE        ?C?CSTOPTR
  C:14AEH         PUBLIC        ?C?CSTOPTR
  -------         ENDMOD        ?C?CSTOPTR

  -------         MODULE        ?C?UIDIV
  C:14D0H         PUBLIC        ?C?UIDIV
  -------         ENDMOD        ?C?UIDIV

  -------         MODULE        ?C?SIDIV
  C:1525H         PUBLIC        ?C?SIDIV
  -------         ENDMOD        ?C?SIDIV

  -------         MODULE        ?C?IILDX
  C:155BH         PUBLIC        ?C?IILDX
  -------         ENDMOD        ?C?IILDX

  -------         MODULE        ?C?ILDIX
  C:1571H         PUBLIC        ?C?ILDIX
  -------         ENDMOD        ?C?ILDIX

  -------         MODULE        ?C?ISTPTR
  C:1587H         PUBLIC        ?C?ISTPTR
  -------         ENDMOD        ?C?ISTPTR

  -------         MODULE        ?C?LNEG
  C:15A6H         PUBLIC        ?C?LNEG
  -------         ENDMOD        ?C?LNEG

  -------         MODULE        ?C?LSTXDATA
  C:15B4H         PUBLIC        ?C?LSTXDATA
  -------         ENDMOD        ?C?LSTXDATA

  -------         MODULE        ?C?LSTKXDATA
BL51 BANKED LINKER/LOCATER V6.22                                                      06/02/2021  22:42:39  PAGE 55


  C:15C0H         PUBLIC        ?C?LSTKXDATA
  -------         ENDMOD        ?C?LSTKXDATA

  -------         MODULE        STRLEN
  C:2F0AH         PUBLIC        _STRLEN
  -------         ENDMOD        STRLEN

*** WARNING L16: UNCALLED SEGMENT, IGNORED FOR OVERLAY PROCESS
    SEGMENT: ?PR?_DELAY_MAIN?PMPDATAT

*** WARNING L16: UNCALLED SEGMENT, IGNORED FOR OVERLAY PROCESS
    SEGMENT: ?PR?LED_LIGHT?CTRL

*** WARNING L16: UNCALLED SEGMENT, IGNORED FOR OVERLAY PROCESS
    SEGMENT: ?PR?UART_OVER?CTRL

*** WARNING L16: UNCALLED SEGMENT, IGNORED FOR OVERLAY PROCESS
    SEGMENT: ?PR?_DISPLAY_RFID?LCD

*** WARNING L16: UNCALLED SEGMENT, IGNORED FOR OVERLAY PROCESS
    SEGMENT: ?PR?LCD_CHECK_BUSY?LCD

*** WARNING L16: UNCALLED SEGMENT, IGNORED FOR OVERLAY PROCESS
    SEGMENT: ?PR?_DISPLAY_CLEAR_LINE?LCD

*** WARNING L16: UNCALLED SEGMENT, IGNORED FOR OVERLAY PROCESS
    SEGMENT: ?PR?DS18B20CHANGTEMP?TEMP

*** WARNING L16: UNCALLED SEGMENT, IGNORED FOR OVERLAY PROCESS
    SEGMENT: ?PR?DS18B20READTEMPCOM?TEMP

*** WARNING L16: UNCALLED SEGMENT, IGNORED FOR OVERLAY PROCESS
    SEGMENT: ?PR?_SEND_BYTES?UART

*** WARNING L16: UNCALLED SEGMENT, IGNORED FOR OVERLAY PROCESS
    SEGMENT: ?PR?INIT_TIMER?TIMER

*** WARNING L16: UNCALLED SEGMENT, IGNORED FOR OVERLAY PROCESS
    SEGMENT: ?PR?_PCDSELECT?RC522

*** WARNING L16: UNCALLED SEGMENT, IGNORED FOR OVERLAY PROCESS
    SEGMENT: ?PR?_PCDAUTHSTATE?RC522

*** WARNING L16: UNCALLED SEGMENT, IGNORED FOR OVERLAY PROCESS
    SEGMENT: ?PR?_PCDREAD?RC522

*** WARNING L16: UNCALLED SEGMENT, IGNORED FOR OVERLAY PROCESS
    SEGMENT: ?PR?_PCDWRITE?RC522

*** WARNING L16: UNCALLED SEGMENT, IGNORED FOR OVERLAY PROCESS
    SEGMENT: ?PR?PCDHALT?RC522

*** WARNING L15: MULTIPLE CALL TO SEGMENT
    SEGMENT: ?PR?_LCD_WRITE_COMMAND?LCD
    CALLER1: ?PR?RECV_FROM_HOST?PMPDATAT
    CALLER2: ?C_C51STARTUP

BL51 BANKED LINKER/LOCATER V6.22                                                      06/02/2021  22:42:39  PAGE 56


Program Size: data=61.3 xdata=457 code=12282
LINK/LOCATE RUN COMPLETE.  16 WARNING(S),  0 ERROR(S)
